01-17 13:15:01.589 18637 18637 D BleService: Command success type: WRITE_CHARACTERISTIC
01-17 13:15:01.589 18637 18637 D BleService: Data: 6, 13, -70, 124, 112, 127, 2, 56,
01-17 13:15:01.607 18637 18654 D BleService: On Characteristic Write 0
01-17 13:15:01.608 18637 18654 D BleService: cevap: Data: 2, 14, 100, 0, 0, 0, 0, 8, -95, 45, -1, -1, 0, 0, 4, 0, 0, 0, 3, 76,
01-17 13:15:01.609 18637 18637 D BLUETOOTH: Notification Recieved
01-17 13:15:01.610 18637 18637 D BLUETOOTH: Process Command: MANUAL_SLIDE
01-17 13:15:01.611 18637 18637 D BleService: Command success type: WRITE_CHARACTERISTIC
01-17 13:15:01.612 18637 18637 D BleService: Data: 6, 13, -72, -17, 112, 127, 2, -87,
01-17 13:15:01.637 18637 18654 D BleService: On Characteristic Write 0
01-17 13:15:01.638 18637 18654 D BleService: cevap: Data: 2, 14, 100, 0, 0, 0, 0, 8, -97, 20, -1, -1, 0, 0, 4, 0, 0, 0, 3, 49,
01-17 13:15:01.639 18637 18637 D BLUETOOTH: Notification Recieved
01-17 13:15:01.640 18637 18637 D BLUETOOTH: Process Command: MANUAL_SLIDE
01-17 13:15:01.645 18637 18637 D BleService: Command success type: WRITE_CHARACTERISTIC
01-17 13:15:01.645 18637 18637 D BleService: Data: 6, 13, -73, -112, 112, 127, 2, 73,
01-17 13:15:01.667 18637 18654 D BleService: On Characteristic Write 0
01-17 13:15:01.668 18637 18654 D BleService: cevap: Data: 2, 14, 100, 0, 0, 0, 0, 8, -100, -35, -1, -1, 0, 0, 4, 0, 0, 0, 3, -9,
01-17 13:15:01.669 18637 18637 D BLUETOOTH: Notification Recieved
01-17 13:15:01.670 18637 18637 D BLUETOOTH: Process Command: MANUAL_SLIDE
01-17 13:15:01.678 18637 18637 D BleService: Command success type: WRITE_CHARACTERISTIC
01-17 13:15:01.678 18637 18637 D BleService: Data: 6, 13, -74, 97, 112, 127, 2, 25,
01-17 13:15:01.697 18637 18654 D BleService: On Characteristic Write 0
01-17 13:15:01.698 18637 18654 D BleService: cevap: Data: 2, 14, 100, 0, 0, 0, 0, 8, -102, -106, -1, -1, 0, 0, 4, 0, 0, 0, 3, -82,
01-17 13:15:01.701 18637 18637 D BLUETOOTH: Notification Recieved
01-17 13:15:01.704 18637 18637 D BLUETOOTH: Process Command: MANUAL_SLIDE
01-17 13:15:01.711 18637 18637 D BleService: Command success type: WRITE_CHARACTERISTIC
01-17 13:15:01.711 18637 18637 D BleService: Data: 6, 13, -74, 97, 112, 127, 2, 25,
01-17 13:15:01.742 18637 18654 D BleService: On Characteristic Write 0
01-17 13:15:01.758 18637 18654 D BleService: cevap: Data: 2, 14, 100, 0, 0, 0, 0, 8, -105, 4, -1, -1, 0, 0, 4, 0, 0, 0, 3, 25,
01-17 13:15:01.759 18637 18637 D BLUETOOTH: Notification Recieved
01-17 13:15:01.761 18637 18637 D BLUETOOTH: Process Command: MANUAL_SLIDE
01-17 13:15:01.768 18637 18637 D BleService: Command success type: WRITE_CHARACTERISTIC
01-17 13:15:01.768 18637 18637 D BleService: Data: 6, 13, -76, -105, 112, 127, 2, 77,
01-17 13:15:01.802 18637 18654 D BleService: On Characteristic Write 0
01-17 13:15:01.803 18637 18654 D BleService: cevap: Data: 2, 14, 100, 0, 0, 0, 0, 8, -111, -12, -1, -1, 0, 0, 4, 0, 0, 0, 4, 3,
01-17 13:15:01.804 18637 18637 D BLUETOOTH: Notification Recieved
01-17 13:15:01.805 18637 18637 D BLUETOOTH: Process Command: MANUAL_SLIDE
01-17 13:15:01.812 18637 18637 D BleService: Command success type: WRITE_CHARACTERISTIC
01-17 13:15:01.812 18637 18637 D BleService: Data: 6, 13, -76, 34, 112, 127, 1, -40,
01-17 13:15:01.833 18637 18654 D BleService: On Characteristic Write 0
01-17 13:15:01.833 18637 18654 D BleService: cevap: Data: 2, 14, 100, 0, 0, 0, 0, 8, -113, 112, -1, -1, 0, 0, 4, 0, 0, 0, 3, 125,
01-17 13:15:01.835 18637 18637 D BLUETOOTH: Notification Recieved
01-17 13:15:01.836 18637 18637 D BLUETOOTH: Process Command: MANUAL_SLIDE
01-17 13:15:01.845 18637 18637 D BleService: Command success type: WRITE_CHARACTERISTIC
01-17 13:15:01.845 18637 18637 D BleService: Data: 6, 13, -77, -83, 112, 127, 2, 98,
01-17 13:15:01.878 18637 18654 D BleService: On Characteristic Write 0
01-17 13:15:01.878 18637 18654 D BleService: cevap: Data: 2, 14, 100, 0, 0, 0, 0, 8, -117, 87, -1, -1, 0, 0, 4, 0, 0, 0, 3, 96,
01-17 13:15:01.879 18637 18637 D BLUETOOTH: Notification Recieved
01-17 13:15:01.881 18637 18637 D BLUETOOTH: Process Command: MANUAL_SLIDE
01-17 13:15:01.890 18637 18637 D BleService: Command success type: WRITE_CHARACTERISTIC
01-17 13:15:01.890 18637 18637 D BleService: Data: 6, 13, -77, 56, 112, 127, 1, -19,
01-17 13:15:01.922 18637 18654 D BleService: On Characteristic Write 0
01-17 13:15:01.922 18637 18654 D BleService: cevap: Data: 2, 14, 100, 0, 0, 0, 0, 8, -121, 83, -1, -1, 0, 0, 4, 0, 0, 0, 3, 88,
01-17 13:15:01.924 18637 18637 D BLUETOOTH: Notification Recieved
01-17 13:15:01.925 18637 18637 D BLUETOOTH: Process Command: MANUAL_SLIDE
01-17 13:15:01.934 18637 18637 D BleService: Command success type: WRITE_CHARACTERISTIC
01-17 13:15:01.935 18637 18637 D BleService: Data: 6, 13, -78, -61, 112, 127, 2, 119,
01-17 13:15:01.967 18637 18655 D BleService: On Characteristic Write 0
01-17 13:15:01.983 18637 18655 D BleService: cevap: Data: 2, 14, 100, 0, 0, 0, 0, 8, -126, -1, -1, -1, 0, 0, 4, 0, 0, 0, 3, -1,
01-17 13:15:01.985 18637 18637 D BLUETOOTH: Notification Recieved
01-17 13:15:01.986 18637 18637 D BLUETOOTH: Process Command: MANUAL_SLIDE
01-17 13:15:01.990 18637 18637 D BleService: Command success type: WRITE_CHARACTERISTIC
01-17 13:15:01.990 18637 18637 D BleService: Data: 6, 13, -78, -61, 112, 127, 2, 119,
01-17 13:15:02.012 18637 18654 D BleService: On Characteristic Write 0
01-17 13:15:02.012 18637 18654 D BleService: cevap: Data: 2, 14, 100, 0, 0, 0, 0, 8, 126, -94, -1, -1, 0, 0, 4, 0, 0, 0, 3, -98,
01-17 13:15:02.013 18637 18637 D BLUETOOTH: Notification Recieved
01-17 13:15:02.015 18637 18637 D BLUETOOTH: Process Command: MANUAL_SLIDE
01-17 13:15:02.023 18637 18637 D BleService: Command success type: WRITE_CHARACTERISTIC
01-17 13:15:02.023 18637 18637 D BleService: Data: 6, 13, -78, -61, 112, 127, 2, 119,
01-17 13:15:02.043 18637 18654 D BleService: On Characteristic Write 0
01-17 13:15:02.043 18637 18654 D BleService: cevap: Data: 2, 14, 100, 0, 0, 0, 0, 8, 123, -84, -1, -1, 0, 0, 4, 0, 0, 0, 3, -91,
01-17 13:15:02.044 18637 18637 D BLUETOOTH: Notification Recieved
01-17 13:15:02.046 18637 18637 D BLUETOOTH: Process Command: MANUAL_SLIDE
01-17 13:15:02.056 18637 18637 D BleService: Command success type: WRITE_CHARACTERISTIC
01-17 13:15:02.056 18637 18637 D BleService: Data: 6, 13, -78, -61, 112, 127, 2, 119,
01-17 13:15:02.087 18637 18654 D BleService: On Characteristic Write 0
01-17 13:15:02.088 18637 18654 D BleService: cevap: Data: 2, 14, 100, 0, 0, 0, 0, 8, 119, 38, -1, -1, 0, 0, 4, 0, 0, 0, 3, 27,
01-17 13:15:02.089 18637 18637 D BLUETOOTH: Notification Recieved
01-17 13:15:02.091 18637 18637 D BLUETOOTH: Process Command: MANUAL_SLIDE
01-17 13:15:02.101 18637 18637 D BleService: Command success type: WRITE_CHARACTERISTIC
01-17 13:15:02.101 18637 18637 D BleService: Data: 6, 13, -78, -61, 112, 127, 2, 119,
01-17 13:15:02.132 18637 18654 D BleService: On Characteristic Write 0
01-17 13:15:02.133 18637 18655 D BleService: cevap: Data: 2, 14, 100, 0, 0, 0, 0, 8, 114, -114, -1, -1, 0, 0, 4, 0, 0, 0, 3, 126,
01-17 13:15:02.134 18637 18637 D BLUETOOTH: Notification Recieved
01-17 13:15:02.135 18637 18637 D BLUETOOTH: Process Command: MANUAL_SLIDE
01-17 13:15:02.139 18637 18637 D BleService: Command success type: WRITE_CHARACTERISTIC
01-17 13:15:02.139 18637 18637 D BleService: Data: 6, 13, -78, -61, 112, 127, 2, 119,
01-17 13:15:02.162 18637 18655 D BleService: On Characteristic Write 0
01-17 13:15:02.162 18637 18655 D BleService: cevap: Data: 2, 14, 100, 0, 0, 0, 0, 8, 111, 114, -1, -1, 0, 0, 4, 0, 0, 0, 3, 95,
01-17 13:15:02.164 18637 18637 D BLUETOOTH: Notification Recieved
01-17 13:15:02.165 18637 18637 D BLUETOOTH: Process Command: MANUAL_SLIDE
01-17 13:15:02.173 18637 18637 D BleService: Command success type: WRITE_CHARACTERISTIC
01-17 13:15:02.173 18637 18637 D BleService: Data: 6, 13, -78, -61, 112, 127, 2, 119,
01-17 13:15:02.192 18637 18655 D BleService: On Characteristic Write 0
01-17 13:15:02.193 18637 18655 D BleService: cevap: Data: 2, 14, 100, 0, 0, 0, 0, 8, 108, 81, -1, -1, 0, 0, 4, 0, 0, 0, 3, 59,
01-17 13:15:02.194 18637 18637 D BLUETOOTH: Notification Recieved
01-17 13:15:02.196 18637 18637 D BLUETOOTH: Process Command: MANUAL_SLIDE
01-17 13:15:02.206 18637 18637 D BleService: Command success type: WRITE_CHARACTERISTIC
01-17 13:15:02.206 18637 18637 D BleService: Data: 6, 13, -78, -61, 112, 127, 2, 119,
01-17 13:15:02.237 18637 18655 D BleService: On Characteristic Write 0
01-17 13:15:02.238 18637 18655 D BleService: cevap: Data: 2, 14, 100, 0, 0, 0, 0, 8, 103, -110, -1, -1, 0, 0, 4, 0, 0, 0, 3, 119,
01-17 13:15:02.238 18637 18637 D BLUETOOTH: Notification Recieved
01-17 13:15:02.240 18637 18637 D BLUETOOTH: Process Command: MANUAL_SLIDE
01-17 13:15:02.256 18637 18637 D BleService: Command success type: WRITE_CHARACTERISTIC
01-17 13:15:02.256 18637 18637 D BleService: Data: 6, 13, -78, -61, 112, 127, 2, 119,
01-17 13:15:02.282 18637 18655 D BleService: On Characteristic Write 0
01-17 13:15:02.282 18637 18655 D BleService: cevap: Data: 2, 14, 100, 0, 0, 0, 0, 8, 98, -58, -1, -1, 0, 0, 4, 0, 0, 0, 3, -90,
01-17 13:15:02.284 18637 18637 D BLUETOOTH: Notification Recieved
01-17 13:15:02.285 18637 18637 D BLUETOOTH: Process Command: MANUAL_SLIDE
01-17 13:15:02.289 18637 18637 D BleService: Command success type: WRITE_CHARACTERISTIC
01-17 13:15:02.290 18637 18637 D BleService: Data: 6, 13, -78, -61, 112, 127, 2, 119,
01-17 13:15:02.313 18637 18654 D BleService: On Characteristic Write 0
01-17 13:15:02.328 18637 18654 D BleService: cevap: Data: 2, 14, 100, 0, 0, 0, 0, 8, 95, -116, -1, -1, 0, 0, 4, 0, 0, 0, 3, 105,
01-17 13:15:02.329 18637 18637 D BLUETOOTH: Notification Recieved
01-17 13:15:02.332 18637 18637 D BLUETOOTH: Process Command: MANUAL_SLIDE
01-17 13:15:02.341 18637 18637 D BleService: Command success type: WRITE_CHARACTERISTIC
01-17 13:15:02.342 18637 18637 D BleService: Data: 6, 13, -78, -61, 112, 127, 2, 119,
01-17 13:15:02.372 18637 18654 D BleService: On Characteristic Write 0
01-17 13:15:02.373 18637 18654 D BleService: cevap: Data: 2, 14, 100, 0, 0, 0, 0, 8, 88, -1, -1, -1, 0, 0, 4, 0, 0, 0, 3, -43,
01-17 13:15:02.375 18637 18637 D BLUETOOTH: Notification Recieved
01-17 13:15:02.376 18637 18637 D BLUETOOTH: Process Command: MANUAL_SLIDE
01-17 13:15:02.392 18637 18637 D BleService: Command success type: WRITE_CHARACTERISTIC
01-17 13:15:02.392 18637 18637 D BleService: Data: 6, 13, -78, -61, 112, 127, 2, 119,
01-17 13:15:02.417 18637 18655 D BleService: On Characteristic Write 0
01-17 13:15:02.418 18637 18655 D BleService: cevap: Data: 2, 14, 100, 0, 0, 0, 0, 8, 84, 11, -1, -1, 0, 0, 4, 0, 0, 0, 2, -35,
01-17 13:15:02.419 18637 18637 D BLUETOOTH: Notification Recieved
01-17 13:15:02.421 18637 18637 D BLUETOOTH: Process Command: MANUAL_SLIDE
01-17 13:15:02.423 18637 18637 D BleService: Command success type: WRITE_CHARACTERISTIC
01-17 13:15:02.423 18637 18637 D BleService: Data: 6, 13, -78, -61, 112, 127, 2, 119,
01-17 13:15:02.448 18637 18655 D BleService: On Characteristic Write 0
01-17 13:15:02.448 18637 18655 D BleService: cevap: Data: 2, 14, 100, 0, 0, 0, 0, 8, 80, -71, -1, -1, 0, 0, 4, 0, 0, 0, 3, -121,
01-17 13:15:02.449 18637 18637 D BLUETOOTH: Notification Recieved
01-17 13:15:02.451 18637 18637 D BLUETOOTH: Process Command: MANUAL_SLIDE
01-17 13:15:02.457 18637 18637 D BleService: Command success type: WRITE_CHARACTERISTIC
01-17 13:15:02.457 18637 18637 D BleService: Data: 6, 13, -78, -61, 112, 127, 2, 119,
01-17 13:15:02.478 18637 18655 D BleService: On Characteristic Write 0
01-17 13:15:02.478 18637 18655 D BleService: cevap: Data: 2, 14, 100, 0, 0, 0, 0, 8, 77, 68, -1, -1, 0, 0, 4, 0, 0, 0, 3, 15,
01-17 13:15:02.479 18637 18637 D BLUETOOTH: Notification Recieved
01-17 13:15:02.482 18637 18637 D BLUETOOTH: Process Command: MANUAL_SLIDE
01-17 13:15:02.490 18637 18637 D BleService: Command success type: WRITE_CHARACTERISTIC
01-17 13:15:02.490 18637 18637 D BleService: Data: 6, 13, -78, -61, 112, 127, 2, 119,
01-17 13:15:02.522 18637 18655 D BleService: On Characteristic Write 0
01-17 13:15:02.522 18637 18655 D BleService: cevap: Data: 2, 14, 100, 0, 0, 0, 0, 8, 72, 93, -1, -1, 0, 0, 4, 0, 0, 0, 3, 35,
01-17 13:15:02.524 18637 18637 D BLUETOOTH: Notification Recieved
01-17 13:15:02.526 18637 18637 D BLUETOOTH: Process Command: MANUAL_SLIDE
01-17 13:15:02.540 18637 18637 D BleService: Command success type: WRITE_CHARACTERISTIC
01-17 13:15:02.540 18637 18637 D BleService: Data: 6, 13, -78, -61, 112, 127, 2, 119,
01-17 13:15:02.567 18637 18654 D BleService: On Characteristic Write 0
01-17 13:15:02.568 18637 18654 D BleService: cevap: Data: 2, 14, 100, 0, 0, 0, 0, 8, 67, 53, -1, -1, 0, 0, 4, 0, 0, 0, 2, -10,
01-17 13:15:02.569 18637 18637 D BLUETOOTH: Notification Recieved
01-17 13:15:02.571 18637 18637 D BLUETOOTH: Process Command: MANUAL_SLIDE
01-17 13:15:02.573 18637 18637 D BleService: Command success type: WRITE_CHARACTERISTIC
01-17 13:15:02.574 18637 18637 D BleService: Data: 6, 13, -78, -61, 112, 127, 2, 119,
01-17 13:15:02.598 18637 18654 D BleService: On Characteristic Write 0
01-17 13:15:02.612 18637 18654 D BleService: cevap: Data: 2, 14, 100, 0, 0, 0, 0, 8, 63, -46, -1, -1, 0, 0, 4, 0, 0, 0, 3, -113,
01-17 13:15:02.614 18637 18637 D BLUETOOTH: Notification Recieved
01-17 13:15:02.616 18637 18637 D BLUETOOTH: Process Command: MANUAL_SLIDE
01-17 13:15:02.623 18637 18637 D BleService: Command success type: WRITE_CHARACTERISTIC
01-17 13:15:02.623 18637 18637 D BleService: Data: 6, 13, -78, -61, 112, 127, 2, 119,
01-17 13:15:02.642 18637 18654 D BleService: On Characteristic Write 0
01-17 13:15:02.643 18637 18654 D BleService: cevap: Data: 2, 14, 100, 0, 0, 0, 0, 8, 58, -71, -1, -1, 0, 0, 4, 0, 0, 0, 3, 113,
01-17 13:15:02.645 18637 18637 D BLUETOOTH: Notification Recieved
01-17 13:15:02.646 18637 18637 D BLUETOOTH: Process Command: MANUAL_SLIDE
01-17 13:15:02.656 18637 18637 D BleService: Command success type: WRITE_CHARACTERISTIC
01-17 13:15:02.656 18637 18637 D BleService: Data: 6, 13, -78, -61, 112, 127, 2, 119,
01-17 13:15:02.688 18637 18655 D BleService: On Characteristic Write 0
01-17 13:15:02.688 18637 18655 D BleService: cevap: Data: 2, 14, 100, 0, 0, 0, 0, 8, 53, -100, -1, -1, 0, 0, 4, 0, 0, 0, 3, 79,
01-17 13:15:02.690 18637 18637 D BLUETOOTH: Notification Recieved
01-17 13:15:02.692 18637 18637 D BLUETOOTH: Process Command: MANUAL_SLIDE
01-17 13:15:02.708 18637 18637 D BleService: Command success type: WRITE_CHARACTERISTIC
01-17 13:15:02.708 18637 18637 D BleService: Data: 6, 13, -78, -61, 112, 127, 2, 119,
01-17 13:15:02.733 18637 18655 D BleService: On Characteristic Write 0
01-17 13:15:02.733 18637 18655 D BleService: cevap: Data: 2, 14, 100, 0, 0, 0, 0, 8, 48, 122, -1, -1, 0, 0, 4, 0, 0, 0, 3, 40,
01-17 13:15:02.735 18637 18637 D BLUETOOTH: Notification Recieved
01-17 13:15:02.737 18637 18637 D BLUETOOTH: Process Command: MANUAL_SLIDE
01-17 13:15:02.739 18637 18637 D BleService: Command success type: WRITE_CHARACTERISTIC
01-17 13:15:02.739 18637 18637 D BleService: Data: 6, 13, -78, -61, 112, 127, 2, 119,
01-17 13:15:02.762 18637 18654 D BleService: On Characteristic Write 0
01-17 13:15:02.763 18637 18654 D BleService: cevap: Data: 2, 14, 100, 0, 0, 0, 0, 8, 45, 16, -1, -1, 0, 0, 4, 0, 0, 0, 2, -69,
01-17 13:15:02.764 18637 18637 D BLUETOOTH: Notification Recieved
01-17 13:15:02.766 18637 18637 D BLUETOOTH: Process Command: MANUAL_SLIDE
01-17 13:15:02.773 18637 18637 D BleService: Command success type: WRITE_CHARACTERISTIC
01-17 13:15:02.773 18637 18637 D BleService: Data: 6, 13, -78, -61, 112, 127, 2, 119,
01-17 13:15:02.792 18637 18654 D BleService: On Characteristic Write 0
01-17 13:15:02.793 18637 18654 D BleService: cevap: Data: 2, 14, 100, 0, 0, 0, 0, 8, 41, -97, -1, -1, 0, 0, 4, 0, 0, 0, 3, 70,
01-17 13:15:02.795 18637 18637 D BLUETOOTH: Notification Recieved
01-17 13:15:02.797 18637 18637 D BLUETOOTH: Process Command: MANUAL_SLIDE
01-17 13:15:02.807 18637 18637 D BleService: Command success type: WRITE_CHARACTERISTIC
01-17 13:15:02.807 18637 18637 D BleService: Data: 6, 13, -78, -61, 112, 127, 2, 119,
01-17 13:15:02.838 18637 18654 D BleService: On Characteristic Write 0
01-17 13:15:02.838 18637 18654 D BleService: cevap: Data: 2, 14, 100, 0, 0, 0, 0, 8, 36, 119, -1, -1, 0, 0, 4, 0, 0, 0, 3, 25,
01-17 13:15:02.840 18637 18637 D BLUETOOTH: Notification Recieved
01-17 13:15:02.841 18637 18637 D BLUETOOTH: Process Command: MANUAL_SLIDE
01-17 13:15:02.859 18637 18637 D BleService: Command success type: WRITE_CHARACTERISTIC
01-17 13:15:02.859 18637 18637 D BleService: Data: 6, 13, -78, -61, 112, 127, 2, 119,
01-17 13:15:02.882 18637 18655 D BleService: On Characteristic Write 0
01-17 13:15:02.899 18637 18655 D BleService: cevap: Data: 2, 14, 100, 0, 0, 0, 0, 8, 31, 75, -1, -1, 0, 0, 4, 0, 0, 0, 2, -24,
01-17 13:15:02.900 18637 18637 D BLUETOOTH: Notification Recieved
01-17 13:15:02.902 18637 18637 D BLUETOOTH: Process Command: MANUAL_SLIDE
01-17 13:15:02.907 18637 18637 D BleService: Command success type: WRITE_CHARACTERISTIC
01-17 13:15:02.907 18637 18637 D BleService: Data: 6, 13, -78, -61, 112, 127, 2, 119,
01-17 13:15:02.928 18637 18654 D BleService: On Characteristic Write 0
01-17 13:15:02.928 18637 18654 D BleService: cevap: Data: 2, 14, 100, 0, 0, 0, 0, 8, 26, 25, -1, -1, 0, 0, 4, 0, 0, 0, 2, -79,
01-17 13:15:02.929 18637 18637 D BLUETOOTH: Notification Recieved
01-17 13:15:02.931 18637 18637 D BLUETOOTH: Process Command: MANUAL_SLIDE
01-17 13:15:02.941 18637 18637 D BleService: Command success type: WRITE_CHARACTERISTIC
01-17 13:15:02.941 18637 18637 D BleService: Data: 6, 13, -78, -61, 112, 127, 2, 119,
01-17 13:15:02.973 18637 18654 D BleService: On Characteristic Write 0
01-17 13:15:02.988 18637 18654 D BleService: cevap: Data: 2, 14, 100, 0, 0, 0, 0, 8, 20, -28, -1, -1, 0, 0, 4, 0, 0, 0, 3, 118,
01-17 13:15:02.990 18637 18637 D BLUETOOTH: Notification Recieved
01-17 13:15:02.992 18637 18637 D BLUETOOTH: Process Command: MANUAL_SLIDE
01-17 13:15:03.007 18637 18637 D BleService: Command success type: WRITE_CHARACTERISTIC
01-17 13:15:03.007 18637 18637 D BleService: Data: 6, 13, -78, -61, 112, 127, 2, 119,
01-17 13:15:03.032 18637 18655 D BleService: On Characteristic Write 0
01-17 13:15:03.033 18637 18655 D BleService: cevap: Data: 2, 14, 100, 0, 0, 0, 0, 8, 13, -21, -1, -1, 0, 0, 4, 0, 0, 0, 3, 118,
01-17 13:15:03.035 18637 18637 D BLUETOOTH: Notification Recieved
01-17 13:15:03.037 18637 18637 D BLUETOOTH: Process Command: MANUAL_SLIDE
01-17 13:15:03.039 18637 18637 D BleService: Command success type: WRITE_CHARACTERISTIC
01-17 13:15:03.040 18637 18637 D BleService: Data: 6, 13, -78, -61, 112, 127, 2, 119,
01-17 13:15:03.062 18637 18655 D BleService: On Characteristic Write 0
01-17 13:15:03.063 18637 18655 D BleService: cevap: Data: 2, 14, 100, 0, 0, 0, 0, 8, 10, 116, -1, -1, 0, 0, 4, 0, 0, 0, 2, -4,
01-17 13:15:03.064 18637 18637 D BLUETOOTH: Notification Recieved
01-17 13:15:03.066 18637 18637 D BLUETOOTH: Process Command: MANUAL_SLIDE
01-17 13:15:03.074 18637 18637 D BleService: Command success type: WRITE_CHARACTERISTIC
01-17 13:15:03.074 18637 18637 D BleService: Data: 6, 13, -78, -61, 112, 127, 2, 119,
01-17 13:15:03.093 18637 18655 D BleService: On Characteristic Write 0
01-17 13:15:03.108 18637 18655 D BleService: cevap: Data: 2, 14, 100, 0, 0, 0, 0, 8, 6, -39, -1, -1, 0, 0, 4, 0, 0, 0, 3, 93,
01-17 13:15:03.111 18637 18637 D BLUETOOTH: Notification Recieved
01-17 13:15:03.112 18637 18637 D BLUETOOTH: Process Command: MANUAL_SLIDE
01-17 13:15:03.125 18637 18637 D BleService: Command success type: WRITE_CHARACTERISTIC
01-17 13:15:03.125 18637 18637 D BleService: Data: 6, 13, -78, -61, 112, 127, 2, 119,
01-17 13:15:03.152 18637 18655 D BleService: On Characteristic Write 0
01-17 13:15:03.153 18637 18655 D BleService: cevap: Data: 2, 14, 100, 0, 0, 0, 0, 8, 0, 1, -1, -1, 0, 0, 4, 0, 0, 0, 2, 127,
01-17 13:15:03.154 18637 18637 D BLUETOOTH: Notification Recieved
01-17 13:15:03.156 18637 18637 D BLUETOOTH: Process Command: MANUAL_SLIDE
01-17 13:15:03.175 18637 18637 D BleService: Command success type: WRITE_CHARACTERISTIC
01-17 13:15:03.175 18637 18637 D BleService: Data: 6, 13, -78, -61, 112, 127, 2, 119,
01-17 13:15:03.198 18637 18654 D BleService: On Characteristic Write 0
01-17 13:15:03.198 18637 18654 D BleService: cevap: Data: 2, 14, 100, 0, 0, 0, 0, 8, -6, -91, -1, -1, 0, 0, 4, 0, 0, 0, 4, 29,
01-17 13:15:03.200 18637 18637 D BLUETOOTH: Notification Recieved
01-17 13:15:03.201 18637 18637 D BLUETOOTH: Process Command: MANUAL_SLIDE
01-17 13:15:03.206 18637 18637 D BleService: Command success type: WRITE_CHARACTERISTIC
01-17 13:15:03.206 18637 18637 D BleService: Data: 6, 13, -78, -61, 112, 127, 2, 119,
01-17 13:15:03.228 18637 18654 D BleService: On Characteristic Write 0
01-17 13:15:03.228 18637 18654 D BleService: cevap: Data: 2, 14, 100, 0, 0, 0, 0, 8, -9, 40, -1, -1, 0, 0, 4, 0, 0, 0, 3, -99,
01-17 13:15:03.229 18637 18637 D BLUETOOTH: Notification Recieved
01-17 13:15:03.231 18637 18637 D BLUETOOTH: Process Command: MANUAL_SLIDE
01-17 13:15:03.241 18637 18637 D BleService: Command success type: WRITE_CHARACTERISTIC
01-17 13:15:03.241 18637 18637 D BleService: Data: 6, 13, -78, -61, 112, 127, 2, 119,
01-17 13:15:03.272 18637 18654 D BleService: On Characteristic Write 0
01-17 13:15:03.273 18637 18654 D BleService: cevap: Data: 2, 14, 100, 0, 0, 0, 0, 8, -15, -25, -1, -1, 0, 0, 4, 0, 0, 0, 4, 86,
01-17 13:15:03.275 18637 18637 D BLUETOOTH: Notification Recieved
01-17 13:15:03.277 18637 18637 D BLUETOOTH: Process Command: MANUAL_SLIDE
01-17 13:15:03.290 18637 18637 D BleService: Command success type: WRITE_CHARACTERISTIC
01-17 13:15:03.290 18637 18637 D BleService: Data: 6, 13, -78, -61, 112, 127, 2, 119,
01-17 13:15:03.318 18637 18655 D BleService: On Characteristic Write 0
01-17 13:15:03.318 18637 18655 D BleService: cevap: Data: 2, 14, 100, 0, 0, 0, 0, 8, -20, -93, -1, -1, 0, 0, 4, 0, 0, 0, 4, 13,
01-17 13:15:03.320 18637 18637 D BLUETOOTH: Notification Recieved
01-17 13:15:03.322 18637 18637 D BLUETOOTH: Process Command: MANUAL_SLIDE
01-17 13:15:03.341 18637 18637 D BleService: Command success type: WRITE_CHARACTERISTIC
01-17 13:15:03.341 18637 18637 D BleService: Data: 6, 13, -78, -61, 112, 127, 2, 119,
01-17 13:15:03.363 18637 18655 D BleService: On Characteristic Write 0
01-17 13:15:03.363 18637 18655 D BleService: cevap: Data: 2, 14, 100, 0, 0, 0, 0, 8, -25, 101, -1, -1, 0, 0, 4, 0, 0, 0, 3, -54,
01-17 13:15:03.365 18637 18637 D BLUETOOTH: Notification Recieved
01-17 13:15:03.367 18637 18637 D BLUETOOTH: Process Command: MANUAL_SLIDE
01-17 13:15:03.373 18637 18637 D BleService: Command success type: WRITE_CHARACTERISTIC
01-17 13:15:03.373 18637 18637 D BleService: Data: 6, 13, -78, -61, 112, 127, 2, 119,
01-17 13:15:03.393 18637 18654 D BleService: On Characteristic Write 0
01-17 13:15:03.393 18637 18654 D BleService: cevap: Data: 2, 14, 100, 0, 0, 0, 0, 8, -29, -24, -1, -1, 0, 0, 4, 0, 0, 0, 4, 73,
01-17 13:15:03.396 18637 18637 D BLUETOOTH: Notification Recieved
01-17 13:15:03.398 18637 18637 D BLUETOOTH: Process Command: MANUAL_SLIDE
01-17 13:15:03.409 18637 18637 D BleService: Command success type: WRITE_CHARACTERISTIC
01-17 13:15:03.409 18637 18637 D BleService: Data: 6, 13, -78, -61, 112, 127, 2, 119,
01-17 13:15:03.438 18637 18655 D BleService: cevap: Data: 2, 14, 100, 0, 0, 0, 0, 8, -34, -90, -1, -1, 0, 0, 4, 0, 0, 0, 4, 2,
01-17 13:15:03.441 18637 18655 D BleService: On Characteristic Write 0
01-17 13:15:03.442 18637 18637 D BLUETOOTH: Notification Recieved
01-17 13:15:03.444 18637 18637 D BLUETOOTH: Process Command: MANUAL_SLIDE
01-17 13:15:03.460 18637 18637 D BleService: Command success type: WRITE_CHARACTERISTIC
01-17 13:15:03.460 18637 18637 D BleService: Data: 6, 13, -78, -61, 112, 127, 2, 119,
01-17 13:15:03.483 18637 18654 D BleService: On Characteristic Write 0
01-17 13:15:03.484 18637 18654 D BleService: cevap: Data: 2, 14, 100, 0, 0, 0, 0, 8, -39, 94, -1, -1, 0, 0, 4, 0, 0, 0, 3, -75,
01-17 13:15:03.487 18637 18637 D BLUETOOTH: Notification Recieved
01-17 13:15:03.489 18637 18637 D BLUETOOTH: Process Command: MANUAL_SLIDE
01-17 13:15:03.509 18637 18637 D BleService: Command success type: WRITE_CHARACTERISTIC
01-17 13:15:03.509 18637 18637 D BleService: Data: 6, 13, -78, -61, 112, 127, 2, 119,
01-17 13:15:03.543 18637 18654 D BleService: On Characteristic Write 0
01-17 13:15:03.543 18637 18654 D BleService: cevap: Data: 2, 14, 100, 0, 0, 0, 0, 8, -46, 87, -1, -1, 0, 0, 4, 0, 0, 0, 3, -89,
01-17 13:15:03.547 18637 18637 D BLUETOOTH: Notification Recieved
01-17 13:15:03.549 18637 18637 D BLUETOOTH: Process Command: MANUAL_SLIDE
01-17 13:15:03.560 18637 18637 D BleService: Command success type: WRITE_CHARACTERISTIC
01-17 13:15:03.560 18637 18637 D BleService: Data: 6, 13, -78, -61, 112, 127, 2, 119,
01-17 13:15:03.588 18637 18654 D BleService: On Characteristic Write 0
01-17 13:15:03.589 18637 18654 D BleService: cevap: Data: 2, 14, 100, 0, 0, 0, 0, 8, -51, 15, -1, -1, 0, 0, 4, 0, 0, 0, 3, 90,
01-17 13:15:03.591 18637 18637 D BLUETOOTH: Notification Recieved
01-17 13:15:03.594 18637 18637 D BLUETOOTH: Process Command: MANUAL_SLIDE
01-17 13:15:03.610 18637 18637 D BleService: Command success type: WRITE_CHARACTERISTIC
01-17 13:15:03.610 18637 18637 D BleService: Data: 6, 13, -78, -61, 112, 127, 2, 119,
01-17 13:15:03.633 18637 18655 D BleService: On Characteristic Write 0
01-17 13:15:03.633 18637 18655 D BleService: cevap: Data: 2, 14, 100, 0, 0, 0, 0, 8, -57, -53, -1, -1, 0, 0, 4, 0, 0, 0, 4, 16,
01-17 13:15:03.639 18637 18637 D BLUETOOTH: Notification Recieved
01-17 13:15:03.641 18637 18637 D BLUETOOTH: Process Command: MANUAL_SLIDE
01-17 13:15:03.661 18637 18637 D BleService: Command success type: WRITE_CHARACTERISTIC
01-17 13:15:03.661 18637 18637 D BleService: Data: 6, 13, -78, -61, 112, 127, 2, 119,
01-17 13:15:03.693 18637 18654 D BleService: On Characteristic Write 0
01-17 13:15:03.693 18637 18654 D BleService: cevap: Data: 2, 14, 100, 0, 0, 0, 0, 8, -64, -90, -1, -1, 0, 0, 4, 0, 0, 0, 3, -28,
01-17 13:15:03.696 18637 18637 D BLUETOOTH: Notification Recieved
01-17 13:15:03.698 18637 18637 D BLUETOOTH: Process Command: MANUAL_SLIDE
01-17 13:15:03.709 18637 18637 D BleService: Command success type: WRITE_CHARACTERISTIC
01-17 13:15:03.709 18637 18637 D BleService: Data: 6, 13, -78, -61, 112, 127, 2, 119,
01-17 13:15:03.739 18637 18654 D BleService: On Characteristic Write 0
01-17 13:15:03.753 18637 18654 D BleService: cevap: Data: 2, 14, 100, 0, 0, 0, 0, 8, -69, 92, -1, -1, 0, 0, 4, 0, 0, 0, 3, -107,
01-17 13:15:03.756 18637 18637 D BLUETOOTH: Notification Recieved
01-17 13:15:03.758 18637 18637 D BLUETOOTH: Process Command: MANUAL_SLIDE
01-17 13:15:03.776 18637 18637 D BleService: Command success type: WRITE_CHARACTERISTIC
01-17 13:15:03.776 18637 18637 D BleService: Data: 6, 13, -78, -61, 112, 127, 2, 119,
01-17 13:15:03.798 18637 18654 D BleService: On Characteristic Write 0
01-17 13:15:03.798 18637 18654 D BleService: cevap: Data: 2, 14, 100, 0, 0, 0, 0, 8, -76, 79, -1, -1, 0, 0, 4, 0, 0, 0, 3, -127,
01-17 13:15:03.801 18637 18637 D BLUETOOTH: Notification Recieved
01-17 13:15:03.803 18637 18637 D BLUETOOTH: Process Command: MANUAL_SLIDE
01-17 13:15:03.808 18637 18637 D BleService: Command success type: WRITE_CHARACTERISTIC
01-17 13:15:03.808 18637 18637 D BleService: Data: 6, 13, -78, -61, 112, 127, 2, 119,
01-17 13:15:03.827 18637 18654 D BleService: On Characteristic Write 0
01-17 13:15:03.828 18637 18654 D BleService: cevap: Data: 2, 14, 100, 0, 0, 0, 0, 8, -80, -53, -1, -1, 0, 0, 4, 0, 0, 0, 3, -7,
01-17 13:15:03.831 18637 18637 D BLUETOOTH: Notification Recieved
01-17 13:15:03.833 18637 18637 D BLUETOOTH: Process Command: MANUAL_SLIDE
01-17 13:15:03.842 18637 18637 D BleService: Command success type: WRITE_CHARACTERISTIC
01-17 13:15:03.842 18637 18637 D BleService: Data: 6, 13, -78, -61, 112, 127, 2, 119,
01-17 13:15:03.873 18637 18654 D BleService: On Characteristic Write 0
01-17 13:15:03.874 18637 18654 D BleService: cevap: Data: 2, 14, 100, 0, 0, 0, 0, 8, -85, -125, -1, -1, 0, 0, 4, 0, 0, 0, 3, -84,
01-17 13:15:03.878 18637 18637 D BLUETOOTH: Notification Recieved
01-17 13:15:03.880 18637 18637 D BLUETOOTH: Process Command: MANUAL_SLIDE
01-17 13:15:03.893 18637 18637 D BleService: Command success type: WRITE_CHARACTERISTIC
01-17 13:15:03.893 18637 18637 D BleService: Data: 6, 13, -78, -61, 112, 127, 2, 119,
01-17 13:15:03.919 18637 18655 D BleService: On Characteristic Write 0
01-17 13:15:03.919 18637 18655 D BleService: cevap: Data: 2, 14, 100, 0, 0, 0, 0, 8, -90, 59, -1, -1, 0, 0, 4, 0, 0, 0, 3, 95,
01-17 13:15:03.923 18637 18637 D BLUETOOTH: Notification Recieved
01-17 13:15:03.926 18637 18637 D BLUETOOTH: Process Command: MANUAL_SLIDE
01-17 13:15:03.943 18637 18637 D BleService: Command success type: WRITE_CHARACTERISTIC
01-17 13:15:03.943 18637 18637 D BleService: Data: 6, 13, -78, -61, 112, 127, 2, 119,
01-17 13:15:03.963 18637 18655 D BleService: On Characteristic Write 0
01-17 13:15:03.964 18637 18655 D BleService: cevap: Data: 2, 14, 100, 0, 0, 0, 0, 8, -96, -12, -1, -1, 0, 0, 4, 0, 0, 0, 4, 18,
01-17 13:15:03.967 18637 18637 D BLUETOOTH: Notification Recieved
01-17 13:15:03.969 18637 18637 D BLUETOOTH: Process Command: MANUAL_SLIDE
01-17 13:15:03.977 18637 18637 D BleService: Command success type: WRITE_CHARACTERISTIC
01-17 13:15:03.977 18637 18637 D BleService: Data: 6, 13, -78, -61, 112, 127, 2, 119,
01-17 13:15:04.009 18637 18655 D BleService: On Characteristic Write 0
01-17 13:15:04.009 18637 18655 D BleService: cevap: Data: 2, 14, 100, 0, 0, 0, 0, 8, -101, -81, -1, -1, 0, 0, 4, 0, 0, 0, 3, -56,
01-17 13:15:04.013 18637 18637 D BLUETOOTH: Notification Recieved
01-17 13:15:04.016 18637 18637 D BLUETOOTH: Process Command: MANUAL_SLIDE
01-17 13:15:04.026 18637 18637 D BleService: Command success type: WRITE_CHARACTERISTIC
01-17 13:15:04.026 18637 18637 D BleService: Data: 6, 13, -78, -61, 112, 127, 2, 119,
01-17 13:15:04.053 18637 18655 D BleService: On Characteristic Write 0
01-17 13:15:04.054 18637 18655 D BleService: cevap: Data: 2, 14, 100, 0, 0, 0, 0, 8, -106, 96, -1, -1, 0, 0, 4, 0, 0, 0, 3, 116,
01-17 13:15:04.057 18637 18637 D BLUETOOTH: Notification Recieved
01-17 13:15:04.059 18637 18637 D BLUETOOTH: Process Command: MANUAL_SLIDE
01-17 13:15:04.075 18637 18637 D BleService: Command success type: WRITE_CHARACTERISTIC
01-17 13:15:04.075 18637 18637 D BleService: Data: 6, 13, -78, -61, 112, 127, 2, 119,
01-17 13:15:04.098 18637 18654 D BleService: On Characteristic Write 0
01-17 13:15:04.098 18637 18654 D BleService: cevap: Data: 2, 14, 100, 0, 0, 0, 0, 8, -111, 19, -1, -1, 0, 0, 4, 0, 0, 0, 3, 34,
01-17 13:15:04.102 18637 18637 D BLUETOOTH: Notification Recieved
01-17 13:15:04.105 18637 18637 D BLUETOOTH: Process Command: MANUAL_SLIDE
01-17 13:15:04.125 18637 18637 D BleService: Command success type: WRITE_CHARACTERISTIC
01-17 13:15:04.125 18637 18637 D BleService: Data: 6, 13, -78, -61, 112, 127, 2, 119,
01-17 13:15:04.158 18637 18654 D BleService: On Characteristic Write 0
01-17 13:15:04.158 18637 18654 D BleService: cevap: Data: 2, 14, 100, 0, 0, 0, 0, 8, -118, 1, -1, -1, 0, 0, 4, 0, 0, 0, 3, 9,
01-17 13:15:04.162 18637 18637 D BLUETOOTH: Notification Recieved
01-17 13:15:04.164 18637 18637 D BLUETOOTH: Process Command: MANUAL_SLIDE
01-17 13:15:04.177 18637 18637 D BleService: Command success type: WRITE_CHARACTERISTIC
01-17 13:15:04.177 18637 18637 D BleService: Data: 6, 13, -78, -61, 112, 127, 2, 119,
01-17 13:15:04.203 18637 18654 D BleService: On Characteristic Write 0
01-17 13:15:04.203 18637 18654 D BleService: cevap: Data: 2, 14, 100, 0, 0, 0, 0, 8, -124, -69, -1, -1, 0, 0, 4, 0, 0, 0, 3, -67,
01-17 13:15:04.207 18637 18637 D BLUETOOTH: Notification Recieved
01-17 13:15:04.209 18637 18637 D BLUETOOTH: Process Command: MANUAL_SLIDE
01-17 13:15:04.227 18637 18637 D BleService: Command success type: WRITE_CHARACTERISTIC
01-17 13:15:04.227 18637 18637 D BleService: Data: 6, 13, -78, -61, 112, 127, 2, 119,
01-17 13:15:04.248 18637 18654 D BleService: On Characteristic Write 0
01-17 13:15:04.248 18637 18654 D BleService: cevap: Data: 2, 14, 100, 0, 0, 0, 0, 8, 127, 115, -1, -1, 0, 0, 4, 0, 0, 0, 3, 112,
01-17 13:15:04.253 18637 18637 D BLUETOOTH: Notification Recieved
01-17 13:15:04.255 18637 18637 D BLUETOOTH: Process Command: MANUAL_SLIDE
01-17 13:15:04.276 18637 18637 D BleService: Command success type: WRITE_CHARACTERISTIC
01-17 13:15:04.277 18637 18637 D BleService: Data: 6, 13, -78, -61, 112, 127, 2, 119,
01-17 13:15:04.309 18637 18655 D BleService: On Characteristic Write 0
01-17 13:15:04.323 18637 18655 D BleService: cevap: Data: 2, 14, 100, 0, 0, 0, 0, 8, 120, 64, -1, -1, 0, 0, 4, 0, 0, 0, 3, 54,
01-17 13:15:04.327 18637 18637 D BLUETOOTH: Notification Recieved
01-17 13:15:04.329 18637 18637 D BLUETOOTH: Process Command: MANUAL_SLIDE
01-17 13:15:04.344 18637 18637 D BleService: Command success type: WRITE_CHARACTERISTIC
01-17 13:15:04.344 18637 18637 D BleService: Data: 6, 13, -78, -61, 112, 127, 2, 119,
01-17 13:15:04.368 18637 18655 D BleService: On Characteristic Write 0
01-17 13:15:04.368 18637 18655 D BleService: cevap: Data: 2, 14, 100, 0, 0, 0, 0, 8, 113, 51, -1, -1, 0, 0, 4, 0, 0, 0, 3, 34,
01-17 13:15:04.371 18637 18637 D BLUETOOTH: Notification Recieved
01-17 13:15:04.374 18637 18637 D BLUETOOTH: Process Command: MANUAL_SLIDE
01-17 13:15:04.393 18637 18637 D BleService: Command success type: WRITE_CHARACTERISTIC
01-17 13:15:04.393 18637 18637 D BleService: Data: 6, 13, -78, -61, 112, 127, 2, 119,
01-17 13:15:04.413 18637 18655 D BleService: On Characteristic Write 0
01-17 13:15:04.414 18637 18655 D BleService: cevap: Data: 2, 14, 100, 0, 0, 0, 0, 8, 107, -24, -1, -1, 0, 0, 4, 0, 0, 0, 3, -47,
01-17 13:15:04.418 18637 18637 D BLUETOOTH: Notification Recieved
01-17 13:15:04.420 18637 18637 D BLUETOOTH: Process Command: MANUAL_SLIDE
01-17 13:15:04.426 18637 18637 D BleService: Command success type: WRITE_CHARACTERISTIC
01-17 13:15:04.426 18637 18637 D BleService: Data: 6, 13, -78, -61, 112, 127, 2, 119,
01-17 13:15:04.458 18637 18654 D BleService: On Characteristic Write 0
01-17 13:15:04.459 18637 18654 D BleService: cevap: Data: 2, 14, 100, 0, 0, 0, 0, 8, 102, -95, -1, -1, 0, 0, 4, 0, 0, 0, 3, -123,
01-17 13:15:04.463 18637 18637 D BLUETOOTH: Notification Recieved
01-17 13:15:04.465 18637 18637 D BLUETOOTH: Process Command: MANUAL_SLIDE
01-17 13:15:04.476 18637 18637 D BleService: Command success type: WRITE_CHARACTERISTIC
01-17 13:15:04.476 18637 18637 D BleService: Data: 6, 13, -78, -61, 112, 127, 2, 119,
01-17 13:15:04.503 18637 18654 D BleService: On Characteristic Write 0
01-17 13:15:04.504 18637 18654 D BleService: cevap: Data: 2, 14, 100, 0, 0, 0, 0, 8, 97, 87, -1, -1, 0, 0, 4, 0, 0, 0, 3, 54,
01-17 13:15:04.507 18637 18637 D BLUETOOTH: Notification Recieved
01-17 13:15:04.509 18637 18637 D BLUETOOTH: Process Command: MANUAL_SLIDE
01-17 13:15:04.526 18637 18637 D BleService: Command success type: WRITE_CHARACTERISTIC
01-17 13:15:04.526 18637 18637 D BleService: Data: 6, 13, -78, -61, 112, 127, 2, 119,
01-17 13:15:04.548 18637 18654 D BleService: On Characteristic Write 0
01-17 13:15:04.549 18637 18654 D BleService: cevap: Data: 2, 14, 100, 0, 0, 0, 0, 8, 92, 9, -1, -1, 0, 0, 4, 0, 0, 0, 2, -29,
01-17 13:15:04.553 18637 18637 D BLUETOOTH: Notification Recieved
01-17 13:15:04.555 18637 18637 D BLUETOOTH: Process Command: MANUAL_SLIDE
01-17 13:15:04.576 18637 18637 D BleService: Command success type: WRITE_CHARACTERISTIC
01-17 13:15:04.576 18637 18637 D BleService: Data: 6, 13, -78, -61, 112, 127, 2, 119,
01-17 13:15:04.608 18637 18655 D BleService: On Characteristic Write 0
01-17 13:15:04.609 18637 18655 D BleService: cevap: Data: 2, 14, 100, 0, 0, 0, 0, 8, 84, -12, -1, -1, 0, 0, 4, 0, 0, 0, 3, -58,
01-17 13:15:04.612 18637 18637 D BLUETOOTH: Notification Recieved
01-17 13:15:04.615 18637 18637 D BLUETOOTH: Process Command: MANUAL_SLIDE
01-17 13:15:04.626 18637 18637 D BleService: Command success type: WRITE_CHARACTERISTIC
01-17 13:15:04.626 18637 18637 D BleService: Data: 6, 13, -78, -61, 112, 127, 2, 119,
01-17 13:15:04.653 18637 18654 D BleService: On Characteristic Write 0
01-17 13:15:04.654 18637 18654 D BleService: cevap: Data: 2, 14, 100, 0, 0, 0, 0, 8, 79, -87, -1, -1, 0, 0, 4, 0, 0, 0, 3, 118,
01-17 13:15:04.657 18637 18637 D BLUETOOTH: Notification Recieved
01-17 13:15:04.660 18637 18637 D BLUETOOTH: Process Command: MANUAL_SLIDE
01-17 13:15:04.676 18637 18637 D BleService: Command success type: WRITE_CHARACTERISTIC
01-17 13:15:04.676 18637 18637 D BleService: Data: 6, 13, -78, -61, 112, 127, 2, 119,
01-17 13:15:04.698 18637 18654 D BleService: On Characteristic Write 0
01-17 13:15:04.699 18637 18654 D BleService: cevap: Data: 2, 14, 100, 0, 0, 0, 0, 8, 74, 91, -1, -1, 0, 0, 4, 0, 0, 0, 3, 35,
01-17 13:15:04.702 18637 18637 D BLUETOOTH: Notification Recieved
01-17 13:15:04.704 18637 18637 D BLUETOOTH: Process Command: MANUAL_SLIDE
01-17 13:15:04.726 18637 18637 D BleService: Command success type: WRITE_CHARACTERISTIC
01-17 13:15:04.726 18637 18637 D BleService: Data: 6, 13, -78, -61, 112, 127, 2, 119,
01-17 13:15:04.759 18637 18654 D BleService: On Characteristic Write 0
01-17 13:15:04.759 18637 18654 D BleService: cevap: Data: 2, 14, 100, 0, 0, 0, 0, 8, 67, 47, -1, -1, 0, 0, 4, 0, 0, 0, 2, -16,
01-17 13:15:04.763 18637 18637 D BLUETOOTH: Notification Recieved
01-17 13:15:04.766 18637 18637 D BLUETOOTH: Process Command: MANUAL_SLIDE
01-17 13:15:04.775 18637 18637 D BleService: Command success type: WRITE_CHARACTERISTIC
01-17 13:15:04.775 18637 18637 D BleService: Data: 6, 13, -78, -61, 112, 127, 2, 119,
01-17 13:15:04.803 18637 18655 D BleService: On Characteristic Write 0
01-17 13:15:04.804 18637 18655 D BleService: cevap: Data: 2, 14, 100, 0, 0, 0, 0, 8, 61, -29, -1, -1, 0, 0, 4, 0, 0, 0, 3, -98,
01-17 13:15:04.808 18637 18637 D BLUETOOTH: Notification Recieved
01-17 13:15:04.810 18637 18637 D BLUETOOTH: Process Command: MANUAL_SLIDE
01-17 13:15:04.826 18637 18637 D BleService: Command success type: WRITE_CHARACTERISTIC
01-17 13:15:04.826 18637 18637 D BleService: Data: 6, 13, -78, -61, 112, 127, 2, 119,
01-17 13:15:04.849 18637 18654 D BleService: On Characteristic Write 0
01-17 13:15:04.850 18637 18654 D BleService: cevap: Data: 2, 14, 100, 0, 0, 0, 0, 8, 56, -106, -1, -1, 0, 0, 4, 0, 0, 0, 3, 76,
01-17 13:15:04.854 18637 18637 D BLUETOOTH: Notification Recieved
01-17 13:15:04.857 18637 18637 D BLUETOOTH: Process Command: MANUAL_SLIDE
01-17 13:15:04.875 18637 18637 D BleService: Command success type: WRITE_CHARACTERISTIC
01-17 13:15:04.875 18637 18637 D BleService: Data: 6, 13, -78, -61, 112, 127, 2, 119,
01-17 13:15:04.908 18637 18654 D BleService: On Characteristic Write 0
01-17 13:15:04.909 18637 18654 D BleService: cevap: Data: 2, 14, 100, 0, 0, 0, 0, 8, 49, 127, -1, -1, 0, 0, 4, 0, 0, 0, 3, 46,
01-17 13:15:04.913 18637 18637 D BLUETOOTH: Notification Recieved
01-17 13:15:04.915 18637 18637 D BLUETOOTH: Process Command: MANUAL_SLIDE
01-17 13:15:04.925 18637 18637 D BleService: Command success type: WRITE_CHARACTERISTIC
01-17 13:15:04.925 18637 18637 D BleService: Data: 6, 13, -78, -61, 112, 127, 2, 119,
01-17 13:15:04.953 18637 18654 D BleService: On Characteristic Write 0
01-17 13:15:04.953 18637 18654 D BleService: cevap: Data: 2, 14, 100, 0, 0, 0, 0, 8, 44, 51, -1, -1, 0, 0, 4, 0, 0, 0, 2, -35,
01-17 13:15:04.956 18637 18637 D BLUETOOTH: Notification Recieved
01-17 13:15:04.959 18637 18637 D BLUETOOTH: Process Command: MANUAL_SLIDE
01-17 13:15:04.975 18637 18637 D BleService: Command success type: WRITE_CHARACTERISTIC
01-17 13:15:04.975 18637 18637 D BleService: Data: 6, 13, -78, -61, 112, 127, 2, 119,
01-17 13:15:04.998 18637 18654 D BleService: On Characteristic Write 0
01-17 13:15:04.999 18637 18654 D BleService: cevap: Data: 2, 14, 100, 0, 0, 0, 0, 8, 38, -23, -1, -1, 0, 0, 4, 0, 0, 0, 3, -115,
01-17 13:15:05.002 18637 18637 D BLUETOOTH: Notification Recieved
01-17 13:15:05.004 18637 18637 D BLUETOOTH: Process Command: MANUAL_SLIDE
01-17 13:15:05.026 18637 18637 D BleService: Command success type: WRITE_CHARACTERISTIC
01-17 13:15:05.026 18637 18637 D BleService: Data: 6, 13, -78, -61, 112, 127, 2, 119,
01-17 13:15:05.058 18637 18654 D BleService: On Characteristic Write 0
01-17 13:15:05.059 18637 18654 D BleService: cevap: Data: 2, 14, 100, 0, 0, 0, 0, 8, 31, -36, -1, -1, 0, 0, 4, 0, 0, 0, 3, 121,
01-17 13:15:05.063 18637 18637 D BLUETOOTH: Notification Recieved
01-17 13:15:05.066 18637 18637 D BLUETOOTH: Process Command: MANUAL_SLIDE
01-17 13:15:05.075 18637 18637 D BleService: Command success type: WRITE_CHARACTERISTIC
01-17 13:15:05.075 18637 18637 D BleService: Data: 6, 13, -78, -61, 112, 127, 2, 119,
01-17 13:15:05.103 18637 18655 D BleService: On Characteristic Write 0
01-17 13:15:05.104 18637 18655 D BleService: cevap: Data: 2, 14, 100, 0, 0, 0, 0, 8, 26, -113, -1, -1, 0, 0, 4, 0, 0, 0, 3, 39,
01-17 13:15:05.107 18637 18637 D BLUETOOTH: Notification Recieved
01-17 13:15:05.109 18637 18637 D BLUETOOTH: Process Command: MANUAL_SLIDE
01-17 13:15:05.125 18637 18637 D BleService: Command success type: WRITE_CHARACTERISTIC
01-17 13:15:05.125 18637 18637 D BleService: Data: 6, 13, -78, -61, 112, 127, 2, 119,
01-17 13:15:05.148 18637 18655 D BleService: On Characteristic Write 0
01-17 13:15:05.149 18637 18655 D BleService: cevap: Data: 2, 14, 100, 0, 0, 0, 0, 8, 21, 63, -1, -1, 0, 0, 4, 0, 0, 0, 2, -46,
01-17 13:15:05.153 18637 18637 D BLUETOOTH: Notification Recieved
01-17 13:15:05.156 18637 18637 D BLUETOOTH: Process Command: MANUAL_SLIDE
01-17 13:15:05.177 18637 18637 D BleService: Command success type: WRITE_CHARACTERISTIC
01-17 13:15:05.177 18637 18637 D BleService: Data: 6, 13, -78, -61, 112, 127, 2, 119,
01-17 13:15:05.208 18637 18655 D BleService: On Characteristic Write 0
01-17 13:15:05.209 18637 18655 D BleService: cevap: Data: 2, 14, 100, 0, 0, 0, 0, 8, 14, 40, -1, -1, 0, 0, 4, 0, 0, 0, 2, -76,
01-17 13:15:05.213 18637 18637 D BLUETOOTH: Notification Recieved
01-17 13:15:05.215 18637 18637 D BLUETOOTH: Process Command: MANUAL_SLIDE
01-17 13:15:05.225 18637 18637 D BleService: Command success type: WRITE_CHARACTERISTIC
01-17 13:15:05.225 18637 18637 D BleService: Data: 6, 13, -78, -61, 112, 127, 2, 119,
01-17 13:15:05.253 18637 18655 D BleService: On Characteristic Write 0
01-17 13:15:05.254 18637 18654 D BleService: cevap: Data: 2, 14, 100, 0, 0, 0, 0, 8, 8, -40, -1, -1, 0, 0, 4, 0, 0, 0, 3, 94,
01-17 13:15:05.257 18637 18637 D BLUETOOTH: Notification Recieved
01-17 13:15:05.260 18637 18637 D BLUETOOTH: Process Command: MANUAL_SLIDE
01-17 13:15:05.276 18637 18637 D BleService: Command success type: WRITE_CHARACTERISTIC
01-17 13:15:05.276 18637 18637 D BleService: Data: 6, 13, -78, -61, 112, 127, 2, 119,
01-17 13:15:05.299 18637 18655 D BleService: On Characteristic Write 0
01-17 13:15:05.299 18637 18655 D BleService: cevap: Data: 2, 14, 100, 0, 0, 0, 0, 8, 3, 113, -1, -1, 0, 0, 4, 0, 0, 0, 2, -14,
01-17 13:15:05.303 18637 18637 D BLUETOOTH: Notification Recieved
01-17 13:15:05.306 18637 18637 D BLUETOOTH: Process Command: MANUAL_SLIDE
01-17 13:15:05.325 18637 18637 D BleService: Command success type: WRITE_CHARACTERISTIC
01-17 13:15:05.325 18637 18637 D BleService: Data: 6, 13, -78, -61, 112, 127, 2, 119,
01-17 13:15:05.358 18637 18655 D BleService: On Characteristic Write 0
01-17 13:15:05.358 18637 18655 D BleService: cevap: Data: 2, 14, 100, 0, 0, 0, 0, 8, -4, 99, -1, -1, 0, 0, 4, 0, 0, 0, 3, -35,
01-17 13:15:05.361 18637 18637 D BLUETOOTH: Notification Recieved
01-17 13:15:05.363 18637 18637 D BLUETOOTH: Process Command: MANUAL_SLIDE
01-17 13:15:05.377 18637 18637 D BleService: Command success type: WRITE_CHARACTERISTIC
01-17 13:15:05.377 18637 18637 D BleService: Data: 6, 13, -78, -61, 112, 127, 2, 119,
01-17 13:15:05.403 18637 18654 D BleService: On Characteristic Write 0
01-17 13:15:05.404 18637 18654 D BleService: cevap: Data: 2, 14, 100, 0, 0, 0, 0, 8, -9, 15, -1, -1, 0, 0, 4, 0, 0, 0, 3, -124,
01-17 13:15:05.408 18637 18637 D BLUETOOTH: Notification Recieved
01-17 13:15:05.410 18637 18637 D BLUETOOTH: Process Command: MANUAL_SLIDE
01-17 13:15:05.425 18637 18637 D BleService: Command success type: WRITE_CHARACTERISTIC
01-17 13:15:05.425 18637 18637 D BleService: Data: 6, 13, -78, -61, 112, 127, 2, 119,
01-17 13:15:05.448 18637 18654 D BleService: On Characteristic Write 0
01-17 13:15:05.463 18637 18654 D BleService: cevap: Data: 2, 14, 100, 0, 0, 0, 0, 8, -15, -67, -1, -1, 0, 0, 4, 0, 0, 0, 4, 44,
01-17 13:15:05.467 18637 18637 D BLUETOOTH: Notification Recieved
01-17 13:15:05.470 18637 18637 D BLUETOOTH: Process Command: MANUAL_SLIDE
01-17 13:15:05.476 18637 18637 D BleService: Command success type: WRITE_CHARACTERISTIC
01-17 13:15:05.476 18637 18637 D BleService: Data: 6, 13, -78, -61, 112, 127, 2, 119,
01-17 13:15:05.508 18637 18654 D BleService: On Characteristic Write 0
01-17 13:15:05.509 18637 18654 D BleService: cevap: Data: 2, 14, 100, 0, 0, 0, 0, 8, -22, -86, -1, -1, 0, 0, 4, 0, 0, 0, 4, 18,
01-17 13:15:05.513 18637 18637 D BLUETOOTH: Notification Recieved
01-17 13:15:05.516 18637 18637 D BLUETOOTH: Process Command: MANUAL_SLIDE
01-17 13:15:05.525 18637 18637 D BleService: Command success type: WRITE_CHARACTERISTIC
01-17 13:15:05.525 18637 18637 D BleService: Data: 6, 13, -78, -61, 112, 127, 2, 119,
01-17 13:15:05.553 18637 18655 D BleService: On Characteristic Write 0
01-17 13:15:05.553 18637 18655 D BleService: cevap: Data: 2, 14, 100, 0, 0, 0, 0, 8, -27, 102, -1, -1, 0, 0, 4, 0, 0, 0, 3, -55,
01-17 13:15:05.557 18637 18637 D BLUETOOTH: Notification Recieved
01-17 13:15:05.559 18637 18637 D BLUETOOTH: Process Command: MANUAL_SLIDE
01-17 13:15:05.575 18637 18637 D BleService: Command success type: WRITE_CHARACTERISTIC
01-17 13:15:05.575 18637 18637 D BleService: Data: 6, 13, -78, -61, 112, 127, 2, 119,
01-17 13:15:05.598 18637 18655 D BleService: On Characteristic Write 0
01-17 13:15:05.599 18637 18655 D BleService: cevap: Data: 2, 14, 100, 0, 0, 0, 0, 8, -32, 24, -1, -1, 0, 0, 4, 0, 0, 0, 3, 118,
01-17 13:15:05.602 18637 18637 D BLUETOOTH: Notification Recieved
01-17 13:15:05.604 18637 18637 D BLUETOOTH: Process Command: MANUAL_SLIDE
01-17 13:15:05.624 18637 18637 D BleService: Command success type: WRITE_CHARACTERISTIC
01-17 13:15:05.624 18637 18637 D BleService: Data: 6, 13, -78, -61, 112, 127, 2, 119,
01-17 13:15:05.642 18637 18654 D BleService: On Characteristic Write 0
01-17 13:15:05.643 18637 18654 D BleService: cevap: Data: 2, 14, 100, 0, 0, 0, 0, 8, -38, -56, -1, -1, 0, 0, 4, 0, 0, 0, 4, 32,
01-17 13:15:05.644 18637 18637 D BLUETOOTH: Notification Recieved
01-17 13:15:05.647 18637 18637 D BLUETOOTH: Process Command: MANUAL_SLIDE
01-17 13:15:05.654 18637 18637 D BleService: Command success type: WRITE_CHARACTERISTIC
01-17 13:15:05.654 18637 18637 D BleService: Data: 6, 13, -78, 78, 112, 127, 2, 2,
01-17 13:15:05.688 18637 18654 D BleService: On Characteristic Write 0
01-17 13:15:05.688 18637 18654 D BleService: cevap: Data: 2, 14, 100, 0, 0, 0, 0, 8, -43, 117, -1, -1, 0, 0, 4, 0, 0, 0, 3, -56,
01-17 13:15:05.690 18637 18637 D BLUETOOTH: Notification Recieved
01-17 13:15:05.691 18637 18637 D BLUETOOTH: Process Command: MANUAL_SLIDE
01-17 13:15:05.699 18637 18637 D BleService: Command success type: WRITE_CHARACTERISTIC
01-17 13:15:05.699 18637 18637 D BleService: Data: 6, 13, -79, 100, 112, 127, 2, 23,
01-17 13:15:05.732 18637 18655 D BleService: On Characteristic Write 0
01-17 13:15:05.748 18637 18655 D BleService: cevap: Data: 2, 14, 100, 0, 0, 0, 0, 8, -48, 35, -1, -1, 0, 0, 4, 0, 0, 0, 3, 113,
01-17 13:15:05.750 18637 18637 D BLUETOOTH: Notification Recieved
01-17 13:15:05.751 18637 18637 D BLUETOOTH: Process Command: MANUAL_SLIDE
01-17 13:15:05.754 18637 18637 D BleService: Command success type: WRITE_CHARACTERISTIC
01-17 13:15:05.754 18637 18637 D BleService: Data: 6, 13, -82, 36, 112, 127, 1, -44,
01-17 13:15:05.778 18637 18655 D BleService: On Characteristic Write 0
01-17 13:15:05.778 18637 18655 D BleService: cevap: Data: 2, 14, 100, 0, 0, 0, 0, 8, -54, -80, -1, -1, 0, 0, 4, 0, 0, 0, 3, -8,
01-17 13:15:05.782 18637 18637 D BLUETOOTH: Notification Recieved
01-17 13:15:05.783 18637 18637 D BLUETOOTH: Process Command: MANUAL_SLIDE
01-17 13:15:05.788 18637 18637 D BleService: Command success type: WRITE_CHARACTERISTIC
01-17 13:15:05.788 18637 18637 D BleService: Data: 6, 13, -85, -36, 112, 127, 2, -119,
01-17 13:15:05.808 18637 18655 D BleService: On Characteristic Write 0
01-17 13:15:05.808 18637 18655 D BleService: cevap: Data: 2, 14, 100, 0, 0, 0, 0, 8, -57, 39, -1, -1, 0, 0, 4, 0, 0, 0, 3, 108,
01-17 13:15:05.809 18637 18637 D BLUETOOTH: Notification Recieved
01-17 13:15:05.811 18637 18637 D BLUETOOTH: Process Command: MANUAL_SLIDE
01-17 13:15:05.821 18637 18637 D BleService: Command success type: WRITE_CHARACTERISTIC
01-17 13:15:05.821 18637 18637 D BleService: Data: 6, 13, -86, 14, 112, 127, 1, -70,
01-17 13:15:05.852 18637 18655 D BleService: On Characteristic Write 0
01-17 13:15:05.853 18637 18655 D BleService: cevap: Data: 2, 14, 100, 0, 0, 0, 0, 8, -63, -26, -1, -1, 0, 0, 4, 0, 0, 0, 4, 37,
01-17 13:15:05.854 18637 18637 D BLUETOOTH: Notification Recieved
01-17 13:15:05.856 18637 18637 D BLUETOOTH: Process Command: MANUAL_SLIDE
01-17 13:15:05.866 18637 18637 D BleService: Command success type: WRITE_CHARACTERISTIC
01-17 13:15:05.866 18637 18637 D BleService: Data: 6, 13, -90, -38, 112, 127, 2, -126,
01-17 13:15:05.898 18637 18655 D BleService: On Characteristic Write 0
01-17 13:15:05.899 18637 18655 D BleService: cevap: Data: 2, 14, 100, 0, 0, 0, 0, 8, -68, 94, -1, -1, 0, 0, 4, 0, 0, 0, 3, -104,
01-17 13:15:05.901 18637 18637 D BLUETOOTH: Notification Recieved
01-17 13:15:05.902 18637 18637 D BLUETOOTH: Process Command: MANUAL_SLIDE
01-17 13:15:05.910 18637 18637 D BleService: Command success type: WRITE_CHARACTERISTIC
01-17 13:15:05.910 18637 18637 D BleService: Data: 6, 13, -95, 89, 112, 127, 1, -4,
01-17 13:15:05.942 18637 18655 D BleService: On Characteristic Write 0
