--------- beginning of system
--------- beginning of main
01-17 13:14:24.305 18637 18637 D BLUETOOTH: NOT CONNECTED
01-17 13:14:26.304 18637 18637 D BLUETOOTH: NOT CONNECTED
01-17 13:14:27.558 18637 18637 D BLUETOOTH: NOT CONNECTED
01-17 13:14:34.277 18637 18637 E BleService: An exception occurred while refreshing device
01-17 13:14:35.494 18637 18637 D BLUETOOTH: NOT CONNECTED
01-17 13:14:56.582 18637 18655 D BleService: Connected
01-17 13:14:56.590 18637 18637 D BLUETOOTH: Connected to device
01-17 13:14:57.383 18637 18654 D BleService: On Services Discovered
01-17 13:14:57.393 18637 18637 D BleService: setCharacteristicNotification
01-17 13:14:57.394 18637 18637 D BleService: Command success type: REGISTER_NOTIFICATION
01-17 13:14:57.394 18637 18637 D BleService: Data:
01-17 13:14:57.394 18637 18637 D BleService: setCharacteristicNotification
01-17 13:14:57.408 18637 18654 D BleService: On Descriptor Write
01-17 13:14:57.408 18637 18654 D BleService: Command success type: REGISTER_NOTIFICATION
01-17 13:14:57.408 18637 18654 D BleService: Data:
01-17 13:14:57.422 18637 18654 D BleService: On Descriptor Write
01-17 13:14:57.434 18637 18637 D BLUETOOTH: Notifications has been set up
01-17 13:14:57.435 18637 18637 D BLUETOOTH: Process Command: IO_CTRL
01-17 13:14:57.448 18637 18637 D BleService: Command success type: WRITE_CHARACTERISTIC
01-17 13:14:57.448 18637 18637 D BleService: Data: 4, 9, 12, -80, 0, -55,
01-17 13:14:57.467 18637 18654 D BleService: On Characteristic Write 0
01-17 13:14:57.482 18637 18654 D BleService: cevap: Data: 0, 12, -80, -1, -1, -1, -1, 2, 1, -1, 0, 26, 0, 0, 0, 0, 0, 0, 5, -44,
01-17 13:14:57.490 18637 18637 D BLUETOOTH: Notification Recieved
01-17 13:14:57.492 18637 18637 D BLUETOOTH: Process Command: VERSION
01-17 13:14:57.501 18637 18637 D BleService: Command success type: WRITE_CHARACTERISTIC
01-17 13:14:57.501 18637 18637 D BleService: Data: 2, 14, 0, 16,
01-17 13:14:57.527 18637 18654 D BleService: On Characteristic Write 0
01-17 13:14:57.528 18637 18654 D BleService: cevap: Data: 1, 0, 0, 61, 0, 35, 0, 67, 82, 83, 80, 9, 32, 50, 52, 82, 0, 0, 2, 122,
01-17 13:14:57.534 18637 18637 D BLUETOOTH: Notification Recieved
01-17 13:14:57.536 18637 18637 D BLUETOOTH: Process Command: CONFIGURATION
01-17 13:14:57.546 18637 18637 D BleService: Command success type: WRITE_CHARACTERISTIC
01-17 13:14:57.546 18637 18637 D BleService: Data: 3, -55, 4, 0, -48,
01-17 13:14:57.572 18637 18654 D BleService: On Characteristic Write 0
01-17 13:14:57.573 18637 18654 D BleService: cevap: Data: 2, 0, 100, 0, 0, 0, 0, 8, -59, -41, -1, -1, 0, 0, 4, 0, 0, 0, 4, 12,
01-17 13:14:57.578 18637 18637 D BLUETOOTH: Notification Recieved
01-17 13:14:57.587 18637 18637 D BLUETOOTH: Process Command: SETTINGS
01-17 13:14:57.705 18637 18637 D BleService: Command success type: WRITE_CHARACTERISTIC
01-17 13:14:57.705 18637 18637 D BleService: Data: 3, 24, 0, 0, 27,
01-17 13:14:57.738 18637 18654 D BleService: On Characteristic Write 0
01-17 13:14:57.752 18637 18654 D BleService: cevap: Data: 6, 0, 0, 0, 0, -6, 0, 0, 0, 0, 0, 0, 0, 0, 0, 0, 0, 0, 1, 0,
01-17 13:14:57.755 18637 18637 D BLUETOOTH: Notification Recieved
01-17 13:14:57.756 18637 18637 D BLUETOOTH: Process Command: SETTINGS
01-17 13:14:57.758 18637 18637 D BleService: Command success type: WRITE_CHARACTERISTIC
01-17 13:14:57.758 18637 18637 D BleService: Data: 6, 32, 0, 0, 0, -6, 1, 32,
01-17 13:14:57.784 18637 18655 D BleService: On Characteristic Write 0
01-17 13:14:57.798 18637 18655 D BleService: cevap: Data: 6, 0, 0, 0, 0, -6, 0, 0, 0, 0, 0, 0, 0, 0, 0, 0, 0, 0, 1, 0,
01-17 13:14:57.800 18637 18637 D BLUETOOTH: Notification Recieved
01-17 13:14:57.802 18637 18637 D BLUETOOTH: Process Command: GET_ID
01-17 13:14:57.805 18637 18637 D BleService: Command success type: WRITE_CHARACTERISTIC
01-17 13:14:57.805 18637 18637 D BleService: Data: 2, 28, 0, 30,
01-17 13:14:57.828 18637 18655 D BleService: On Characteristic Write 0
01-17 13:14:57.828 18637 18655 D BleService: cevap: Data: 7, 0, 0, 0, 0, 0, 0, 0, 0, 0, 0, 0, 0, 0, 0, 0, 0, 0, 0, 7,
01-17 13:14:57.833 18637 18637 D BLUETOOTH: Notification Recieved
01-17 13:14:57.834 18637 18637 D BLUETOOTH: Process Command: STATUS
01-17 13:14:57.848 18637 18637 D BleService: Command success type: WRITE_CHARACTERISTIC
01-17 13:14:57.848 18637 18637 D BleService: Data: 2, 15, 0, 17,
01-17 13:14:57.872 18637 18655 D BleService: On Characteristic Write 0
01-17 13:14:57.874 18637 18655 D BleService: cevap: Data: 2, 0, 100, 0, 0, 0, 0, 8, -59, -41, -1, -1, 0, 0, 4, 0, 0, 0, 4, 12,
01-17 13:14:57.875 18637 18637 D BLUETOOTH: Notification Recieved
01-17 13:14:57.877 18637 18637 D BLUETOOTH: Process Command: STATUS
01-17 13:14:57.883 18637 18637 D BleService: Command success type: WRITE_CHARACTERISTIC
01-17 13:14:57.883 18637 18637 D BleService: Data: 2, 15, 0, 17,
01-17 13:14:57.903 18637 18655 D BleService: On Characteristic Write 0
01-17 13:14:57.903 18637 18655 D BleService: cevap: Data: 2, 0, 100, 0, 0, 0, 0, 8, -59, -41, -1, -1, 0, 0, 4, 0, 0, 0, 4, 12,
01-17 13:14:57.906 18637 18637 D BLUETOOTH: Notification Recieved
01-17 13:14:57.909 18637 18637 D BLUETOOTH: Process Command: STATUS
01-17 13:14:57.915 18637 18637 D BleService: Command success type: WRITE_CHARACTERISTIC
01-17 13:14:57.916 18637 18637 D BleService: Data: 2, 15, 0, 17,
01-17 13:14:57.947 18637 18655 D BleService: On Characteristic Write 0
01-17 13:14:57.948 18637 18655 D BleService: cevap: Data: 2, 0, 100, 0, 0, 0, 0, 8, -59, -41, -1, -1, 0, 0, 4, 0, 0, 0, 4, 12,
01-17 13:14:57.950 18637 18637 D BLUETOOTH: Notification Recieved
01-17 13:14:57.952 18637 18637 D BLUETOOTH: Process Command: STATUS
01-17 13:14:57.960 18637 18637 D BleService: Command success type: WRITE_CHARACTERISTIC
01-17 13:14:57.960 18637 18637 D BleService: Data: 2, 15, 0, 17,
01-17 13:14:57.992 18637 18655 D BleService: On Characteristic Write 0
01-17 13:14:57.994 18637 18655 D BleService: cevap: Data: 2, 0, 100, 0, 0, 0, 0, 8, -59, -41, -1, -1, 0, 0, 4, 0, 0, 0, 4, 12,
01-17 13:14:57.997 18637 18637 D BLUETOOTH: Notification Recieved
01-17 13:14:57.999 18637 18637 D BLUETOOTH: Process Command: STATUS
01-17 13:14:58.005 18637 18637 D BleService: Command success type: WRITE_CHARACTERISTIC
01-17 13:14:58.005 18637 18637 D BleService: Data: 2, 15, 0, 17,
01-17 13:14:58.037 18637 18655 D BleService: On Characteristic Write 0
01-17 13:14:58.053 18637 18655 D BleService: cevap: Data: 2, 0, 100, 0, 0, 0, 0, 8, -59, -41, -1, -1, 0, 0, 4, 0, 0, 0, 4, 12,
01-17 13:14:58.055 18637 18637 D BLUETOOTH: Notification Recieved
01-17 13:14:58.057 18637 18637 D BLUETOOTH: Process Command: STATUS
01-17 13:14:58.073 18637 18637 D BleService: Command success type: WRITE_CHARACTERISTIC
01-17 13:14:58.073 18637 18637 D BleService: Data: 2, 15, 0, 17,
01-17 13:14:58.097 18637 18655 D BleService: On Characteristic Write 0
01-17 13:14:58.099 18637 18655 D BleService: cevap: Data: 2, 0, 100, 0, 0, 0, 0, 8, -59, -41, -1, -1, 0, 0, 4, 0, 0, 0, 4, 12,
01-17 13:14:58.101 18637 18637 D BLUETOOTH: Notification Recieved
01-17 13:14:58.103 18637 18637 D BLUETOOTH: Process Command: STATUS
01-17 13:14:58.117 18637 18637 D BleService: Command success type: WRITE_CHARACTERISTIC
01-17 13:14:58.117 18637 18637 D BleService: Data: 2, 15, 0, 17,
01-17 13:14:58.142 18637 18655 D BleService: On Characteristic Write 0
01-17 13:14:58.143 18637 18655 D BleService: cevap: Data: 2, 0, 100, 0, 0, 0, 0, 8, -59, -41, -1, -1, 0, 0, 4, 0, 0, 0, 4, 12,
01-17 13:14:58.145 18637 18637 D BLUETOOTH: Notification Recieved
01-17 13:14:58.147 18637 18637 D BLUETOOTH: Process Command: STATUS
01-17 13:14:58.160 18637 18637 D BleService: Command success type: WRITE_CHARACTERISTIC
01-17 13:14:58.160 18637 18637 D BleService: Data: 2, 15, 0, 17,
01-17 13:14:58.187 18637 18655 D BleService: On Characteristic Write 0
01-17 13:14:58.188 18637 18655 D BleService: cevap: Data: 2, 0, 100, 0, 0, 0, 0, 8, -59, -41, -1, -1, 0, 0, 4, 0, 0, 0, 4, 12,
01-17 13:14:58.191 18637 18637 D BLUETOOTH: Notification Recieved
01-17 13:14:58.193 18637 18637 D BLUETOOTH: Process Command: STATUS
01-17 13:14:58.206 18637 18637 D BleService: Command success type: WRITE_CHARACTERISTIC
01-17 13:14:58.206 18637 18637 D BleService: Data: 2, 15, 0, 17,
01-17 13:14:58.232 18637 18655 D BleService: On Characteristic Write 0
01-17 13:14:58.234 18637 18655 D BleService: cevap: Data: 2, 0, 100, 0, 0, 0, 0, 8, -59, -41, -1, -1, 0, 0, 4, 0, 0, 0, 4, 12,
01-17 13:14:58.237 18637 18637 D BLUETOOTH: Notification Recieved
01-17 13:14:58.239 18637 18637 D BLUETOOTH: Process Command: STATUS
01-17 13:14:58.252 18637 18637 D BleService: Command success type: WRITE_CHARACTERISTIC
01-17 13:14:58.252 18637 18637 D BleService: Data: 2, 15, 0, 17,
01-17 13:14:58.277 18637 18655 D BleService: On Characteristic Write 0
01-17 13:14:58.278 18637 18655 D BleService: cevap: Data: 2, 0, 100, 0, 0, 0, 0, 8, -59, -41, -1, -1, 0, 0, 4, 0, 0, 0, 4, 12,
01-17 13:14:58.280 18637 18637 D BLUETOOTH: Notification Recieved
01-17 13:14:58.282 18637 18637 D BLUETOOTH: Process Command: STATUS
01-17 13:14:58.296 18637 18637 D BleService: Command success type: WRITE_CHARACTERISTIC
01-17 13:14:58.296 18637 18637 D BleService: Data: 2, 15, 0, 17,
01-17 13:14:58.323 18637 18655 D BleService: On Characteristic Write 0
01-17 13:14:58.338 18637 18655 D BleService: cevap: Data: 2, 0, 100, 0, 0, 0, 0, 8, -59, -41, -1, -1, 0, 0, 4, 0, 0, 0, 4, 12,
01-17 13:14:58.340 18637 18637 D BLUETOOTH: Notification Recieved
01-17 13:14:58.341 18637 18637 D BLUETOOTH: Process Command: STATUS
01-17 13:14:58.349 18637 18637 D BleService: Command success type: WRITE_CHARACTERISTIC
01-17 13:14:58.349 18637 18637 D BleService: Data: 2, 15, 0, 17,
01-17 13:14:58.367 18637 18654 D BleService: On Characteristic Write 0
01-17 13:14:58.369 18637 18654 D BleService: cevap: Data: 2, 0, 100, 0, 0, 0, 0, 8, -59, -41, -1, -1, 0, 0, 4, 0, 0, 0, 4, 12,
01-17 13:14:58.371 18637 18637 D BLUETOOTH: Notification Recieved
01-17 13:14:58.373 18637 18637 D BLUETOOTH: Process Command: STATUS
01-17 13:14:58.383 18637 18637 D BleService: Command success type: WRITE_CHARACTERISTIC
01-17 13:14:58.383 18637 18637 D BleService: Data: 2, 15, 0, 17,
01-17 13:14:58.413 18637 18654 D BleService: On Characteristic Write 0
01-17 13:14:58.413 18637 18654 D BleService: cevap: Data: 2, 0, 100, 0, 0, 0, 0, 8, -59, -41, -1, -1, 0, 0, 4, 0, 0, 0, 4, 12,
01-17 13:14:58.416 18637 18637 D BLUETOOTH: Notification Recieved
01-17 13:14:58.417 18637 18637 D BLUETOOTH: Process Command: STATUS
01-17 13:14:58.428 18637 18637 D BleService: Command success type: WRITE_CHARACTERISTIC
01-17 13:14:58.428 18637 18637 D BleService: Data: 2, 15, 0, 17,
01-17 13:14:58.458 18637 18655 D BleService: On Characteristic Write 0
01-17 13:14:58.458 18637 18655 D BleService: cevap: Data: 2, 0, 100, 0, 0, 0, 0, 8, -59, -41, -1, -1, 0, 0, 4, 0, 0, 0, 4, 12,
01-17 13:14:58.461 18637 18637 D BLUETOOTH: Notification Recieved
01-17 13:14:58.462 18637 18637 D BLUETOOTH: Process Command: STATUS
01-17 13:14:58.474 18637 18637 D BleService: Command success type: WRITE_CHARACTERISTIC
01-17 13:14:58.474 18637 18637 D BleService: Data: 2, 15, 0, 17,
01-17 13:14:58.502 18637 18655 D BleService: On Characteristic Write 0
01-17 13:14:58.518 18637 18655 D BleService: cevap: Data: 2, 0, 100, 0, 0, 0, 0, 8, -59, -41, -1, -1, 0, 0, 4, 0, 0, 0, 4, 12,
01-17 13:14:58.520 18637 18637 D BLUETOOTH: Notification Recieved
01-17 13:14:58.522 18637 18637 D BLUETOOTH: Process Command: STATUS
01-17 13:14:58.529 18637 18637 D BleService: Command success type: WRITE_CHARACTERISTIC
01-17 13:14:58.529 18637 18637 D BleService: Data: 2, 15, 0, 17,
01-17 13:14:58.564 18637 18654 D BleService: On Characteristic Write 0
01-17 13:14:58.565 18637 18654 D BleService: cevap: Data: 2, 0, 100, 0, 0, 0, 0, 8, -59, -41, -1, -1, 0, 0, 4, 0, 0, 0, 4, 12,
01-17 13:14:58.569 18637 18637 D BLUETOOTH: Notification Recieved
01-17 13:14:58.571 18637 18637 D BLUETOOTH: Process Command: STATUS
01-17 13:14:58.583 18637 18637 D BleService: Command success type: WRITE_CHARACTERISTIC
01-17 13:14:58.583 18637 18637 D BleService: Data: 2, 15, 0, 17,
01-17 13:14:58.608 18637 18655 D BleService: On Characteristic Write 0
01-17 13:14:58.623 18637 18655 D BleService: cevap: Data: 2, 0, 100, 0, 0, 0, 0, 8, -59, -41, -1, -1, 0, 0, 4, 0, 0, 0, 4, 12,
01-17 13:14:58.625 18637 18637 D BLUETOOTH: Notification Recieved
01-17 13:14:58.627 18637 18637 D BLUETOOTH: Process Command: STATUS
01-17 13:14:58.639 18637 18637 D BleService: Command success type: WRITE_CHARACTERISTIC
01-17 13:14:58.639 18637 18637 D BleService: Data: 2, 15, 0, 17,
01-17 13:14:58.667 18637 18655 D BleService: On Characteristic Write 0
01-17 13:14:58.668 18637 18655 D BleService: cevap: Data: 2, 0, 100, 0, 0, 0, 0, 8, -59, -41, -1, -1, 0, 0, 4, 0, 0, 0, 4, 12,
01-17 13:14:58.669 18637 18637 D BLUETOOTH: Notification Recieved
01-17 13:14:58.671 18637 18637 D BLUETOOTH: Process Command: STATUS
01-17 13:14:58.681 18637 18637 D BleService: Command success type: WRITE_CHARACTERISTIC
01-17 13:14:58.681 18637 18637 D BleService: Data: 2, 15, 0, 17,
01-17 13:14:58.712 18637 18655 D BleService: On Characteristic Write 0
01-17 13:14:58.712 18637 18655 D BleService: cevap: Data: 2, 0, 100, 0, 0, 0, 0, 8, -59, -41, -1, -1, 0, 0, 4, 0, 0, 0, 4, 12,
01-17 13:14:58.715 18637 18637 D BLUETOOTH: Notification Recieved
01-17 13:14:58.717 18637 18637 D BLUETOOTH: Process Command: STATUS
01-17 13:14:58.728 18637 18637 D BleService: Command success type: WRITE_CHARACTERISTIC
01-17 13:14:58.728 18637 18637 D BleService: Data: 2, 15, 0, 17,
01-17 13:14:58.758 18637 18655 D BleService: On Characteristic Write 0
01-17 13:14:58.758 18637 18655 D BleService: cevap: Data: 2, 0, 100, 0, 0, 0, 0, 8, -59, -41, -1, -1, 0, 0, 4, 0, 0, 0, 4, 12,
01-17 13:14:58.761 18637 18637 D BLUETOOTH: Notification Recieved
01-17 13:14:58.763 18637 18637 D BLUETOOTH: Process Command: STATUS
01-17 13:14:58.773 18637 18637 D BleService: Command success type: WRITE_CHARACTERISTIC
01-17 13:14:58.773 18637 18637 D BleService: Data: 2, 15, 0, 17,
01-17 13:14:58.803 18637 18654 D BleService: On Characteristic Write 0
01-17 13:14:58.803 18637 18654 D BleService: cevap: Data: 2, 0, 100, 0, 0, 0, 0, 8, -59, -41, -1, -1, 0, 0, 4, 0, 0, 0, 4, 12,
01-17 13:14:58.806 18637 18637 D BLUETOOTH: Notification Recieved
01-17 13:14:58.808 18637 18637 D BLUETOOTH: Process Command: STATUS
01-17 13:14:58.817 18637 18637 D BleService: Command success type: WRITE_CHARACTERISTIC
01-17 13:14:58.817 18637 18637 D BleService: Data: 2, 15, 0, 17,
01-17 13:14:58.849 18637 18654 D BleService: On Characteristic Write 0
01-17 13:14:58.849 18637 18654 D BleService: cevap: Data: 2, 0, 100, 0, 0, 0, 0, 8, -59, -41, -1, -1, 0, 0, 4, 0, 0, 0, 4, 12,
01-17 13:14:58.853 18637 18637 D BLUETOOTH: Notification Recieved
01-17 13:14:58.856 18637 18637 D BLUETOOTH: Process Command: STATUS
01-17 13:14:58.862 18637 18637 D BleService: Command success type: WRITE_CHARACTERISTIC
01-17 13:14:58.862 18637 18637 D BleService: Data: 2, 15, 0, 17,
01-17 13:14:58.894 18637 18654 D BleService: On Characteristic Write 0
01-17 13:14:58.909 18637 18654 D BleService: cevap: Data: 2, 0, 100, 0, 0, 0, 0, 8, -59, -41, -1, -1, 0, 0, 4, 0, 0, 0, 4, 12,
01-17 13:14:58.913 18637 18637 D BLUETOOTH: Notification Recieved
01-17 13:14:58.916 18637 18637 D BLUETOOTH: Process Command: STATUS
01-17 13:14:58.929 18637 18637 D BleService: Command success type: WRITE_CHARACTERISTIC
01-17 13:14:58.929 18637 18637 D BleService: Data: 2, 15, 0, 17,
01-17 13:14:58.953 18637 18654 D BleService: On Characteristic Write 0
01-17 13:14:58.954 18637 18654 D BleService: cevap: Data: 2, 0, 100, 0, 0, 0, 0, 8, -59, -41, -1, -1, 0, 0, 4, 0, 0, 0, 4, 12,
01-17 13:14:58.958 18637 18637 D BLUETOOTH: Notification Recieved
01-17 13:14:58.960 18637 18637 D BLUETOOTH: Process Command: STATUS
01-17 13:14:58.973 18637 18637 D BleService: Command success type: WRITE_CHARACTERISTIC
01-17 13:14:58.973 18637 18637 D BleService: Data: 2, 15, 0, 17,
01-17 13:14:58.998 18637 18654 D BleService: On Characteristic Write 0
01-17 13:14:58.999 18637 18654 D BleService: cevap: Data: 2, 0, 100, 0, 0, 0, 0, 8, -59, -41, -1, -1, 0, 0, 4, 0, 0, 0, 4, 12,
01-17 13:14:59.003 18637 18637 D BLUETOOTH: Notification Recieved
01-17 13:14:59.006 18637 18637 D BLUETOOTH: Process Command: STATUS
01-17 13:14:59.017 18637 18637 D BleService: Command success type: WRITE_CHARACTERISTIC
01-17 13:14:59.017 18637 18637 D BleService: Data: 2, 15, 0, 17,
01-17 13:14:59.043 18637 18654 D BleService: On Characteristic Write 0
01-17 13:14:59.044 18637 18654 D BleService: cevap: Data: 2, 0, 100, 0, 0, 0, 0, 8, -59, -41, -1, -1, 0, 0, 4, 0, 0, 0, 4, 12,
01-17 13:14:59.047 18637 18637 D BLUETOOTH: Notification Recieved
01-17 13:14:59.049 18637 18637 D BLUETOOTH: Process Command: STATUS
01-17 13:14:59.062 18637 18637 D BleService: Command success type: WRITE_CHARACTERISTIC
01-17 13:14:59.062 18637 18637 D BleService: Data: 2, 15, 0, 17,
01-17 13:14:59.087 18637 18654 D BleService: On Characteristic Write 0
01-17 13:14:59.087 18637 18654 D BleService: cevap: Data: 2, 0, 100, 0, 0, 0, 0, 8, -59, -41, -1, -1, 0, 0, 4, 0, 0, 0, 4, 12,
01-17 13:14:59.089 18637 18637 D BLUETOOTH: Notification Recieved
01-17 13:14:59.091 18637 18637 D BLUETOOTH: Process Command: STATUS
01-17 13:14:59.105 18637 18637 D BleService: Command success type: WRITE_CHARACTERISTIC
01-17 13:14:59.105 18637 18637 D BleService: Data: 2, 15, 0, 17,
01-17 13:14:59.132 18637 18654 D BleService: On Characteristic Write 0
01-17 13:14:59.147 18637 18654 D BleService: cevap: Data: 2, 0, 100, 0, 0, 0, 0, 8, -59, -41, -1, -1, 0, 0, 4, 0, 0, 0, 4, 12,
01-17 13:14:59.150 18637 18637 D BLUETOOTH: Notification Recieved
01-17 13:14:59.152 18637 18637 D BLUETOOTH: Process Command: STATUS
01-17 13:14:59.159 18637 18637 D BleService: Command success type: WRITE_CHARACTERISTIC
01-17 13:14:59.159 18637 18637 D BleService: Data: 2, 15, 0, 17,
01-17 13:14:59.178 18637 18654 D BleService: On Characteristic Write 0
01-17 13:14:59.192 18637 18654 D BleService: cevap: Data: 2, 0, 100, 0, 0, 0, 0, 8, -59, -41, -1, -1, 0, 0, 4, 0, 0, 0, 4, 12,
01-17 13:14:59.194 18637 18637 D BLUETOOTH: Notification Recieved
01-17 13:14:59.196 18637 18637 D BLUETOOTH: Process Command: STATUS
01-17 13:14:59.204 18637 18637 D BleService: Command success type: WRITE_CHARACTERISTIC
01-17 13:14:59.204 18637 18637 D BleService: Data: 2, 15, 0, 17,
01-17 13:14:59.222 18637 18654 D BleService: On Characteristic Write 0
01-17 13:14:59.222 18637 18654 D BleService: cevap: Data: 2, 0, 100, 0, 0, 0, 0, 8, -59, -41, -1, -1, 0, 0, 4, 0, 0, 0, 4, 12,
01-17 13:14:59.224 18637 18637 D BLUETOOTH: Notification Recieved
01-17 13:14:59.226 18637 18637 D BLUETOOTH: Process Command: STATUS
01-17 13:14:59.235 18637 18637 D BleService: Command success type: WRITE_CHARACTERISTIC
01-17 13:14:59.235 18637 18637 D BleService: Data: 2, 15, 0, 17,
01-17 13:14:59.267 18637 18655 D BleService: On Characteristic Write 0
01-17 13:14:59.267 18637 18655 D BleService: cevap: Data: 2, 0, 100, 0, 0, 0, 0, 8, -59, -41, -1, -1, 0, 0, 4, 0, 0, 0, 4, 12,
01-17 13:14:59.268 18637 18637 D BLUETOOTH: Notification Recieved
01-17 13:14:59.269 18637 18637 D BLUETOOTH: Process Command: MANUAL_SLIDE
01-17 13:14:59.279 18637 18637 D BleService: Command success type: WRITE_CHARACTERISTIC
01-17 13:14:59.279 18637 18637 D BleService: Data: 6, 13, 0, 0, 112, 127, 1, 2,
01-17 13:14:59.297 18637 18655 D BleService: On Characteristic Write 0
01-17 13:14:59.297 18637 18655 D BleService: cevap: Data: 2, 0, 100, 0, 0, 0, 0, 8, -59, -41, -1, -1, 0, 0, 4, 0, 0, 0, 4, 12,
01-17 13:14:59.298 18637 18637 D BLUETOOTH: Notification Recieved
01-17 13:14:59.299 18637 18637 D BLUETOOTH: Process Command: MANUAL_SLIDE
01-17 13:14:59.301 18637 18637 D BleService: Command success type: WRITE_CHARACTERISTIC
01-17 13:14:59.301 18637 18637 D BleService: Data: 6, 13, 0, 0, 112, 127, 1, 2,
01-17 13:14:59.327 18637 18655 D BleService: On Characteristic Write 0
01-17 13:14:59.327 18637 18655 D BleService: cevap: Data: 2, 0, 100, 0, 0, 0, 0, 8, -59, -41, -1, -1, 0, 0, 4, 0, 0, 0, 4, 12,
01-17 13:14:59.328 18637 18637 D BLUETOOTH: Notification Recieved
01-17 13:14:59.329 18637 18637 D BLUETOOTH: Process Command: MANUAL_SLIDE
01-17 13:14:59.335 18637 18637 D BleService: Command success type: WRITE_CHARACTERISTIC
01-17 13:14:59.335 18637 18637 D BleService: Data: 6, 13, 0, 0, 112, 127, 1, 2,
01-17 13:14:59.357 18637 18655 D BleService: On Characteristic Write 0
01-17 13:14:59.357 18637 18655 D BleService: cevap: Data: 2, 0, 100, 0, 0, 0, 0, 8, -59, -41, -1, -1, 0, 0, 4, 0, 0, 0, 4, 12,
01-17 13:14:59.358 18637 18637 D BLUETOOTH: Notification Recieved
01-17 13:14:59.359 18637 18637 D BLUETOOTH: Process Command: MANUAL_SLIDE
01-17 13:14:59.368 18637 18637 D BleService: Command success type: WRITE_CHARACTERISTIC
01-17 13:14:59.368 18637 18637 D BleService: Data: 6, 13, 0, 0, 112, 127, 1, 2,
01-17 13:14:59.387 18637 18655 D BleService: On Characteristic Write 0
01-17 13:14:59.389 18637 18655 D BleService: cevap: Data: 2, 0, 100, 0, 0, 0, 0, 8, -59, -41, -1, -1, 0, 0, 4, 0, 0, 0, 4, 12,
01-17 13:14:59.390 18637 18637 D BLUETOOTH: Notification Recieved
01-17 13:14:59.392 18637 18637 D BLUETOOTH: Process Command: MANUAL_SLIDE
01-17 13:14:59.401 18637 18637 D BleService: Command success type: WRITE_CHARACTERISTIC
01-17 13:14:59.401 18637 18637 D BleService: Data: 6, 13, 30, -97, 112, 127, 1, -65,
01-17 13:14:59.432 18637 18655 D BleService: On Characteristic Write 0
01-17 13:14:59.432 18637 18655 D BleService: cevap: Data: 2, 14, 100, 0, 0, 0, 0, 8, -59, -41, -1, -1, 0, 0, 4, 0, 0, 0, 4, 26,
01-17 13:14:59.434 18637 18637 D BLUETOOTH: Notification Recieved
01-17 13:14:59.435 18637 18637 D BLUETOOTH: Process Command: MANUAL_SLIDE
01-17 13:14:59.446 18637 18637 D BleService: Command success type: WRITE_CHARACTERISTIC
01-17 13:14:59.446 18637 18637 D BleService: Data: 6, 13, 16, -36, 112, 127, 1, -18,
01-17 13:14:59.478 18637 18655 D BleService: On Characteristic Write 0
01-17 13:14:59.478 18637 18655 D BleService: cevap: Data: 2, 14, 100, 0, 0, 0, 0, 8, -59, -26, -1, -1, 0, 0, 4, 0, 0, 0, 4, 41,
01-17 13:14:59.479 18637 18637 D BLUETOOTH: Notification Recieved
01-17 13:14:59.480 18637 18637 D BLUETOOTH: Process Command: MANUAL_SLIDE
01-17 13:14:59.491 18637 18637 D BleService: Command success type: WRITE_CHARACTERISTIC
01-17 13:14:59.491 18637 18637 D BleService: Data: 6, 13, 15, -1, 112, 127, 2, 16,
01-17 13:14:59.522 18637 18655 D BleService: On Characteristic Write 0
01-17 13:14:59.523 18637 18655 D BleService: cevap: Data: 2, 14, 100, 0, 0, 0, 0, 8, -59, -26, -1, -1, 0, 0, 4, 0, 0, 0, 4, 41,
01-17 13:14:59.524 18637 18637 D BLUETOOTH: Notification Recieved
01-17 13:14:59.526 18637 18637 D BLUETOOTH: Process Command: MANUAL_SLIDE
01-17 13:14:59.535 18637 18637 D BleService: Command success type: WRITE_CHARACTERISTIC
01-17 13:14:59.535 18637 18637 D BleService: Data: 6, 13, 14, 101, 112, 127, 1, 117,
01-17 13:14:59.567 18637 18655 D BleService: On Characteristic Write 0
01-17 13:14:59.567 18637 18655 D BleService: cevap: Data: 2, 14, 100, 0, 0, 0, 0, 8, -59, -27, -1, -1, 0, 0, 4, 0, 0, 0, 4, 40,
01-17 13:14:59.569 18637 18637 D BLUETOOTH: Notification Recieved
01-17 13:14:59.570 18637 18637 D BLUETOOTH: Process Command: MANUAL_SLIDE
01-17 13:14:59.579 18637 18637 D BleService: Command success type: WRITE_CHARACTERISTIC
01-17 13:14:59.579 18637 18637 D BleService: Data: 6, 13, 12, 71, 112, 127, 1, 85,
01-17 13:14:59.597 18637 18655 D BleService: On Characteristic Write 0
01-17 13:14:59.598 18637 18655 D BleService: cevap: Data: 2, 14, 100, 0, 0, 0, 0, 8, -59, -28, -1, -1, 0, 0, 4, 0, 0, 0, 4, 39,
01-17 13:14:59.599 18637 18637 D BLUETOOTH: Notification Recieved
01-17 13:14:59.600 18637 18637 D BLUETOOTH: Process Command: MANUAL_SLIDE
01-17 13:14:59.602 18637 18637 D BleService: Command success type: WRITE_CHARACTERISTIC
01-17 13:14:59.602 18637 18637 D BleService: Data: 6, 13, 11, 109, 112, 127, 1, 122,
01-17 13:14:59.627 18637 18655 D BleService: On Characteristic Write 0
01-17 13:14:59.628 18637 18655 D BleService: cevap: Data: 2, 14, 100, 0, 0, 0, 0, 8, -59, -29, -1, -1, 0, 0, 4, 0, 0, 0, 4, 38,
01-17 13:14:59.629 18637 18637 D BLUETOOTH: Notification Recieved
01-17 13:14:59.630 18637 18637 D BLUETOOTH: Process Command: MANUAL_SLIDE
01-17 13:14:59.635 18637 18637 D BleService: Command success type: WRITE_CHARACTERISTIC
01-17 13:14:59.635 18637 18637 D BleService: Data: 6, 13, 11, 109, 112, 127, 1, 122,
01-17 13:14:59.657 18637 18655 D BleService: On Characteristic Write 0
01-17 13:14:59.657 18637 18655 D BleService: cevap: Data: 2, 14, 100, 0, 0, 0, 0, 8, -59, -30, -1, -1, 0, 0, 4, 0, 0, 0, 4, 37,
01-17 13:14:59.659 18637 18637 D BLUETOOTH: Notification Recieved
01-17 13:14:59.661 18637 18637 D BLUETOOTH: Process Command: MANUAL_SLIDE
01-17 13:14:59.668 18637 18637 D BleService: Command success type: WRITE_CHARACTERISTIC
01-17 13:14:59.668 18637 18637 D BleService: Data: 6, 13, 11, 109, 112, 127, 1, 122,
01-17 13:14:59.687 18637 18655 D BleService: On Characteristic Write 0
01-17 13:14:59.687 18637 18655 D BleService: cevap: Data: 2, 14, 100, 0, 0, 0, 0, 8, -59, -32, -1, -1, 0, 0, 4, 0, 0, 0, 4, 35,
01-17 13:14:59.689 18637 18637 D BLUETOOTH: Notification Recieved
01-17 13:14:59.690 18637 18637 D BLUETOOTH: Process Command: MANUAL_SLIDE
01-17 13:14:59.701 18637 18637 D BleService: Command success type: WRITE_CHARACTERISTIC
01-17 13:14:59.701 18637 18637 D BleService: Data: 6, 13, 11, 109, 112, 127, 1, 122,
01-17 13:14:59.733 18637 18655 D BleService: On Characteristic Write 0
01-17 13:14:59.733 18637 18655 D BleService: cevap: Data: 2, 14, 100, 0, 0, 0, 0, 8, -59, -33, -1, -1, 0, 0, 4, 0, 0, 0, 4, 34,
01-17 13:14:59.734 18637 18637 D BLUETOOTH: Notification Recieved
01-17 13:14:59.735 18637 18637 D BLUETOOTH: Process Command: MANUAL_SLIDE
01-17 13:14:59.746 18637 18637 D BleService: Command success type: WRITE_CHARACTERISTIC
01-17 13:14:59.746 18637 18637 D BleService: Data: 6, 13, 11, 109, 112, 127, 1, 122,
01-17 13:14:59.777 18637 18655 D BleService: On Characteristic Write 0
01-17 13:14:59.778 18637 18655 D BleService: cevap: Data: 2, 14, 100, 0, 0, 0, 0, 8, -59, -35, -1, -1, 0, 0, 4, 0, 0, 0, 4, 32,
01-17 13:14:59.779 18637 18637 D BLUETOOTH: Notification Recieved
01-17 13:14:59.781 18637 18637 D BLUETOOTH: Process Command: MANUAL_SLIDE
01-17 13:14:59.790 18637 18637 D BleService: Command success type: WRITE_CHARACTERISTIC
01-17 13:14:59.790 18637 18637 D BleService: Data: 6, 13, 10, 4, 112, 127, 1, 16,
01-17 13:14:59.822 18637 18655 D BleService: On Characteristic Write 0
01-17 13:14:59.825 18637 18655 D BleService: cevap: Data: 2, 14, 100, 0, 0, 0, 0, 8, -59, -36, -1, -1, 0, 0, 4, 0, 0, 0, 4, 31,
01-17 13:14:59.826 18637 18637 D BLUETOOTH: Notification Recieved
01-17 13:14:59.827 18637 18637 D BLUETOOTH: Process Command: MANUAL_SLIDE
01-17 13:14:59.836 18637 18637 D BleService: Command success type: WRITE_CHARACTERISTIC
01-17 13:14:59.836 18637 18637 D BleService: Data: 6, 13, 9, 106, 112, 127, 1, 117,
01-17 13:14:59.867 18637 18655 D BleService: On Characteristic Write 0
01-17 13:14:59.867 18637 18655 D BleService: cevap: Data: 2, 14, 100, 0, 0, 0, 0, 8, -59, -38, -1, -1, 0, 0, 4, 0, 0, 0, 4, 29,
01-17 13:14:59.868 18637 18637 D BLUETOOTH: Notification Recieved
01-17 13:14:59.870 18637 18637 D BLUETOOTH: Process Command: MANUAL_SLIDE
01-17 13:14:59.880 18637 18637 D BleService: Command success type: WRITE_CHARACTERISTIC
01-17 13:14:59.880 18637 18637 D BleService: Data: 6, 13, 7, 33, 112, 127, 1, 42,
01-17 13:14:59.897 18637 18655 D BleService: On Characteristic Write 0
01-17 13:14:59.898 18637 18655 D BleService: cevap: Data: 2, 14, 100, 0, 0, 0, 0, 8, -59, -40, -1, -1, 0, 0, 4, 0, 0, 0, 4, 27,
01-17 13:14:59.899 18637 18637 D BLUETOOTH: Notification Recieved
01-17 13:14:59.900 18637 18637 D BLUETOOTH: Process Command: MANUAL_SLIDE
01-17 13:14:59.902 18637 18637 D BleService: Command success type: WRITE_CHARACTERISTIC
01-17 13:14:59.902 18637 18637 D BleService: Data: 6, 13, 6, 43, 112, 127, 1, 51,
01-17 13:14:59.927 18637 18655 D BleService: On Characteristic Write 0
01-17 13:14:59.928 18637 18655 D BleService: cevap: Data: 2, 14, 100, 0, 0, 0, 0, 8, -59, -41, -1, -1, 0, 0, 4, 0, 0, 0, 4, 26,
01-17 13:14:59.928 18637 18637 D BLUETOOTH: Notification Recieved
01-17 13:14:59.930 18637 18637 D BLUETOOTH: Process Command: MANUAL_SLIDE
01-17 13:14:59.935 18637 18637 D BleService: Command success type: WRITE_CHARACTERISTIC
01-17 13:14:59.935 18637 18637 D BleService: Data: 6, 13, 5, 65, 112, 127, 1, 72,
01-17 13:14:59.957 18637 18655 D BleService: On Characteristic Write 0
01-17 13:14:59.957 18637 18655 D BleService: cevap: Data: 2, 14, 100, 0, 0, 0, 0, 8, -59, -43, -1, -1, 0, 0, 4, 0, 0, 0, 4, 24,
01-17 13:14:59.959 18637 18637 D BLUETOOTH: Notification Recieved
01-17 13:14:59.960 18637 18637 D BLUETOOTH: Process Command: MANUAL_SLIDE
01-17 13:14:59.968 18637 18637 D BleService: Command success type: WRITE_CHARACTERISTIC
01-17 13:14:59.968 18637 18637 D BleService: Data: 6, 13, 5, 7, 112, 127, 1, 14,
01-17 13:14:59.987 18637 18655 D BleService: On Characteristic Write 0
01-17 13:14:59.987 18637 18655 D BleService: cevap: Data: 2, 14, 100, 0, 0, 0, 0, 8, -59, -44, -1, -1, 0, 0, 4, 0, 0, 0, 4, 23,
01-17 13:14:59.989 18637 18637 D BLUETOOTH: Notification Recieved
01-17 13:14:59.990 18637 18637 D BLUETOOTH: Process Command: MANUAL_SLIDE
01-17 13:15:00.001 18637 18637 D BleService: Command success type: WRITE_CHARACTERISTIC
01-17 13:15:00.001 18637 18637 D BleService: Data: 6, 13, 4, -110, 112, 127, 1, -104,
01-17 13:15:00.033 18637 18655 D BleService: On Characteristic Write 0
01-17 13:15:00.047 18637 18655 D BleService: cevap: Data: 2, 14, 100, 0, 0, 0, 0, 8, -59, -46, -1, -1, 0, 0, 4, 0, 0, 0, 4, 21,
01-17 13:15:00.048 18637 18637 D BLUETOOTH: Notification Recieved
01-17 13:15:00.049 18637 18637 D BLUETOOTH: Process Command: MANUAL_SLIDE
01-17 13:15:00.057 18637 18637 D BleService: Command success type: WRITE_CHARACTERISTIC
01-17 13:15:00.057 18637 18637 D BleService: Data: 6, 13, 2, -66, 112, 127, 1, -62,
01-17 13:15:00.078 18637 18655 D BleService: On Characteristic Write 0
01-17 13:15:00.078 18637 18655 D BleService: cevap: Data: 2, 14, 100, 0, 0, 0, 0, 8, -59, -49, -1, -1, 0, 0, 4, 0, 0, 0, 4, 18,
01-17 13:15:00.079 18637 18637 D BLUETOOTH: Notification Recieved
01-17 13:15:00.082 18637 18637 D BLUETOOTH: Process Command: MANUAL_SLIDE
01-17 13:15:00.090 18637 18637 D BleService: Command success type: WRITE_CHARACTERISTIC
01-17 13:15:00.090 18637 18637 D BleService: Data: 6, 13, 0, -33, 112, 127, 1, -31,
01-17 13:15:00.122 18637 18655 D BleService: On Characteristic Write 0
01-17 13:15:00.123 18637 18655 D BleService: cevap: Data: 2, 14, 100, 0, 0, 0, 0, 8, -59, -58, -1, -1, 0, 0, 4, 0, 0, 0, 4, 9,
01-17 13:15:00.124 18637 18637 D BLUETOOTH: Notification Recieved
01-17 13:15:00.125 18637 18637 D BLUETOOTH: Process Command: MANUAL_SLIDE
01-17 13:15:00.135 18637 18637 D BleService: Command success type: WRITE_CHARACTERISTIC
01-17 13:15:00.135 18637 18637 D BleService: Data: 6, 13, -1, -58, 112, 127, 2, -57,
01-17 13:15:00.167 18637 18655 D BleService: On Characteristic Write 0
01-17 13:15:00.168 18637 18655 D BleService: cevap: Data: 2, 14, 100, 0, 0, 0, 0, 8, -59, -65, -1, -1, 0, 0, 4, 0, 0, 0, 4, 2,
01-17 13:15:00.169 18637 18637 D BLUETOOTH: Notification Recieved
01-17 13:15:00.170 18637 18637 D BLUETOOTH: Process Command: MANUAL_SLIDE
01-17 13:15:00.179 18637 18637 D BleService: Command success type: WRITE_CHARACTERISTIC
01-17 13:15:00.179 18637 18637 D BleService: Data: 6, 13, -2, 44, 112, 127, 2, 44,
01-17 13:15:00.197 18637 18655 D BleService: On Characteristic Write 0
01-17 13:15:00.198 18637 18655 D BleService: cevap: Data: 2, 14, 100, 0, 0, 0, 0, 8, -59, -69, -1, -1, 0, 0, 4, 0, 0, 0, 3, -2,
01-17 13:15:00.199 18637 18637 D BLUETOOTH: Notification Recieved
01-17 13:15:00.200 18637 18637 D BLUETOOTH: Process Command: MANUAL_SLIDE
01-17 13:15:00.203 18637 18637 D BleService: Command success type: WRITE_CHARACTERISTIC
01-17 13:15:00.203 18637 18637 D BleService: Data: 6, 13, -4, -66, 112, 127, 2, -68,
01-17 13:15:00.228 18637 18655 D BleService: On Characteristic Write 0
01-17 13:15:00.228 18637 18655 D BleService: cevap: Data: 2, 14, 100, 0, 0, 0, 0, 8, -59, -73, -1, -1, 0, 0, 4, 0, 0, 0, 3, -6,
01-17 13:15:00.229 18637 18637 D BLUETOOTH: Notification Recieved
01-17 13:15:00.230 18637 18637 D BLUETOOTH: Process Command: MANUAL_SLIDE
01-17 13:15:00.234 18637 18637 D BleService: Command success type: WRITE_CHARACTERISTIC
01-17 13:15:00.234 18637 18637 D BleService: Data: 6, 13, -6, -21, 112, 127, 2, -25,
01-17 13:15:00.257 18637 18655 D BleService: On Characteristic Write 0
01-17 13:15:00.258 18637 18655 D BleService: cevap: Data: 2, 14, 100, 0, 0, 0, 0, 8, -59, -76, -1, -1, 0, 0, 4, 0, 0, 0, 3, -9,
01-17 13:15:00.258 18637 18637 D BLUETOOTH: Notification Recieved
01-17 13:15:00.259 18637 18637 D BLUETOOTH: Process Command: MANUAL_SLIDE
01-17 13:15:00.268 18637 18637 D BleService: Command success type: WRITE_CHARACTERISTIC
01-17 13:15:00.268 18637 18637 D BleService: Data: 6, 13, -8, 45, 112, 127, 2, 39,
01-17 13:15:00.287 18637 18655 D BleService: On Characteristic Write 0
01-17 13:15:00.291 18637 18655 D BleService: cevap: Data: 2, 14, 100, 0, 0, 0, 0, 8, -59, -81, -1, -1, 0, 0, 4, 0, 0, 0, 3, -14,
01-17 13:15:00.292 18637 18637 D BLUETOOTH: Notification Recieved
01-17 13:15:00.293 18637 18637 D BLUETOOTH: Process Command: MANUAL_SLIDE
01-17 13:15:00.301 18637 18637 D BleService: Command success type: WRITE_CHARACTERISTIC
01-17 13:15:00.301 18637 18637 D BleService: Data: 6, 13, -10, 89, 112, 127, 2, 81,
01-17 13:15:00.332 18637 18655 D BleService: On Characteristic Write 0
01-17 13:15:00.333 18637 18655 D BleService: cevap: Data: 2, 14, 100, 0, 0, 0, 0, 8, -59, -87, -1, -1, 0, 0, 4, 0, 0, 0, 3, -20,
01-17 13:15:00.334 18637 18637 D BLUETOOTH: Notification Recieved
01-17 13:15:00.336 18637 18637 D BLUETOOTH: Process Command: MANUAL_SLIDE
01-17 13:15:00.346 18637 18637 D BleService: Command success type: WRITE_CHARACTERISTIC
01-17 13:15:00.346 18637 18637 D BleService: Data: 6, 13, -12, 20, 112, 127, 2, 10,
01-17 13:15:00.377 18637 18655 D BleService: On Characteristic Write 0
01-17 13:15:00.378 18637 18655 D BleService: cevap: Data: 2, 14, 100, 0, 0, 0, 0, 8, -59, -94, -1, -1, 0, 0, 4, 0, 0, 0, 3, -27,
01-17 13:15:00.379 18637 18637 D BLUETOOTH: Notification Recieved
01-17 13:15:00.381 18637 18637 D BLUETOOTH: Process Command: MANUAL_SLIDE
01-17 13:15:00.390 18637 18637 D BleService: Command success type: WRITE_CHARACTERISTIC
01-17 13:15:00.390 18637 18637 D BleService: Data: 6, 13, -17, -57, 112, 127, 2, -72,
01-17 13:15:00.422 18637 18655 D BleService: On Characteristic Write 0
01-17 13:15:00.423 18637 18655 D BleService: cevap: Data: 2, 14, 100, 0, 0, 0, 0, 8, -59, -98, -1, -1, 0, 0, 4, 0, 0, 0, 3, -31,
01-17 13:15:00.424 18637 18637 D BLUETOOTH: Notification Recieved
01-17 13:15:00.425 18637 18637 D BLUETOOTH: Process Command: MANUAL_SLIDE
01-17 13:15:00.435 18637 18637 D BleService: Command success type: WRITE_CHARACTERISTIC
01-17 13:15:00.435 18637 18637 D BleService: Data: 6, 13, -18, 33, 112, 127, 2, 17,
01-17 13:15:00.467 18637 18654 D BleService: On Characteristic Write 0
01-17 13:15:00.483 18637 18654 D BleService: cevap: Data: 2, 14, 100, 0, 0, 0, 0, 8, -59, -108, -1, -1, 0, 0, 4, 0, 0, 0, 3, -41,
01-17 13:15:00.484 18637 18637 D BLUETOOTH: Notification Recieved
01-17 13:15:00.485 18637 18637 D BLUETOOTH: Process Command: MANUAL_SLIDE
01-17 13:15:00.490 18637 18637 D BleService: Command success type: WRITE_CHARACTERISTIC
01-17 13:15:00.490 18637 18637 D BleService: Data: 6, 13, -21, 65, 112, 127, 2, 46,
01-17 13:15:00.513 18637 18654 D BleService: On Characteristic Write 0
01-17 13:15:00.513 18637 18654 D BleService: cevap: Data: 2, 14, 100, 0, 0, 0, 0, 8, -59, 104, -1, -1, 0, 0, 4, 0, 0, 0, 3, -85,
01-17 13:15:00.514 18637 18637 D BLUETOOTH: Notification Recieved
01-17 13:15:00.516 18637 18637 D BLUETOOTH: Process Command: MANUAL_SLIDE
01-17 13:15:00.523 18637 18637 D BleService: Command success type: WRITE_CHARACTERISTIC
01-17 13:15:00.523 18637 18637 D BleService: Data: 6, 13, -22, -6, 112, 127, 2, -26,
01-17 13:15:00.542 18637 18654 D BleService: On Characteristic Write 0
01-17 13:15:00.542 18637 18654 D BleService: cevap: Data: 2, 14, 100, 0, 0, 0, 0, 8, -59, 54, -1, -1, 0, 0, 4, 0, 0, 0, 3, 121,
01-17 13:15:00.543 18637 18637 D BLUETOOTH: Notification Recieved
01-17 13:15:00.546 18637 18637 D BLUETOOTH: Process Command: MANUAL_SLIDE
01-17 13:15:00.557 18637 18637 D BleService: Command success type: WRITE_CHARACTERISTIC
01-17 13:15:00.557 18637 18637 D BleService: Data: 6, 13, -22, -6, 112, 127, 2, -26,
01-17 13:15:00.587 18637 18655 D BleService: On Characteristic Write 0
01-17 13:15:00.588 18637 18655 D BleService: cevap: Data: 2, 14, 100, 0, 0, 0, 0, 8, -60, -40, -1, -1, 0, 0, 4, 0, 0, 0, 4, 26,
01-17 13:15:00.589 18637 18637 D BLUETOOTH: Notification Recieved
01-17 13:15:00.590 18637 18637 D BLUETOOTH: Process Command: MANUAL_SLIDE
01-17 13:15:00.601 18637 18637 D BleService: Command success type: WRITE_CHARACTERISTIC
01-17 13:15:00.601 18637 18637 D BleService: Data: 6, 13, -22, -6, 112, 127, 2, -26,
01-17 13:15:00.632 18637 18655 D BleService: On Characteristic Write 0
01-17 13:15:00.632 18637 18655 D BleService: cevap: Data: 2, 14, 100, 0, 0, 0, 0, 8, -60, 91, -1, -1, 0, 0, 4, 0, 0, 0, 3, -99,
01-17 13:15:00.633 18637 18637 D BLUETOOTH: Notification Recieved
01-17 13:15:00.634 18637 18637 D BLUETOOTH: Process Command: MANUAL_SLIDE
01-17 13:15:00.646 18637 18637 D BleService: Command success type: WRITE_CHARACTERISTIC
01-17 13:15:00.646 18637 18637 D BleService: Data: 6, 13, -22, -6, 112, 127, 2, -26,
01-17 13:15:00.677 18637 18655 D BleService: On Characteristic Write 0
01-17 13:15:00.678 18637 18655 D BleService: cevap: Data: 2, 14, 100, 0, 0, 0, 0, 8, -61, -60, -1, -1, 0, 0, 4, 0, 0, 0, 4, 5,
01-17 13:15:00.679 18637 18637 D BLUETOOTH: Notification Recieved
01-17 13:15:00.681 18637 18637 D BLUETOOTH: Process Command: MANUAL_SLIDE
01-17 13:15:00.690 18637 18637 D BleService: Command success type: WRITE_CHARACTERISTIC
01-17 13:15:00.690 18637 18637 D BleService: Data: 6, 13, -22, -6, 112, 127, 2, -26,
01-17 13:15:00.722 18637 18655 D BleService: On Characteristic Write 0
01-17 13:15:00.722 18637 18655 D BleService: cevap: Data: 2, 14, 100, 0, 0, 0, 0, 8, -61, 21, -1, -1, 0, 0, 4, 0, 0, 0, 3, 86,
01-17 13:15:00.723 18637 18637 D BLUETOOTH: Notification Recieved
01-17 13:15:00.725 18637 18637 D BLUETOOTH: Process Command: MANUAL_SLIDE
01-17 13:15:00.735 18637 18637 D BleService: Command success type: WRITE_CHARACTERISTIC
01-17 13:15:00.735 18637 18637 D BleService: Data: 6, 13, -22, -123, 112, 127, 2, 113,
01-17 13:15:00.767 18637 18655 D BleService: On Characteristic Write 0
01-17 13:15:00.768 18637 18655 D BleService: cevap: Data: 2, 14, 100, 0, 0, 0, 0, 8, -62, 81, -1, -1, 0, 0, 4, 0, 0, 0, 3, -111,
01-17 13:15:00.769 18637 18637 D BLUETOOTH: Notification Recieved
01-17 13:15:00.770 18637 18637 D BLUETOOTH: Process Command: MANUAL_SLIDE
01-17 13:15:00.779 18637 18637 D BleService: Command success type: WRITE_CHARACTERISTIC
01-17 13:15:00.779 18637 18637 D BleService: Data: 6, 13, -22, -123, 112, 127, 2, 113,
01-17 13:15:00.797 18637 18655 D BleService: On Characteristic Write 0
01-17 13:15:00.797 18637 18655 D BleService: cevap: Data: 2, 14, 100, 0, 0, 0, 0, 8, -63, -58, -1, -1, 0, 0, 4, 0, 0, 0, 4, 5,
01-17 13:15:00.799 18637 18637 D BLUETOOTH: Notification Recieved
01-17 13:15:00.801 18637 18637 D BLUETOOTH: Process Command: MANUAL_SLIDE
01-17 13:15:00.812 18637 18637 D BleService: Command success type: WRITE_CHARACTERISTIC
01-17 13:15:00.812 18637 18637 D BleService: Data: 6, 13, -22, -123, 112, 127, 2, 113,
01-17 13:15:00.842 18637 18655 D BleService: On Characteristic Write 0
01-17 13:15:00.858 18637 18655 D BleService: cevap: Data: 2, 14, 100, 0, 0, 0, 0, 8, -64, -25, -1, -1, 0, 0, 4, 0, 0, 0, 4, 37,
01-17 13:15:00.860 18637 18637 D BLUETOOTH: Notification Recieved
01-17 13:15:00.861 18637 18637 D BLUETOOTH: Process Command: MANUAL_SLIDE
01-17 13:15:00.869 18637 18637 D BleService: Command success type: WRITE_CHARACTERISTIC
01-17 13:15:00.869 18637 18637 D BleService: Data: 6, 13, -22, -123, 112, 127, 2, 113,
01-17 13:15:00.889 18637 18655 D BleService: On Characteristic Write 0
01-17 13:15:00.902 18637 18655 D BleService: cevap: Data: 2, 14, 100, 0, 0, 0, 0, 8, -65, -11, -1, -1, 0, 0, 4, 0, 0, 0, 4, 50,
01-17 13:15:00.903 18637 18637 D BLUETOOTH: Notification Recieved
01-17 13:15:00.904 18637 18637 D BLUETOOTH: Process Command: MANUAL_SLIDE
01-17 13:15:00.912 18637 18637 D BleService: Command success type: WRITE_CHARACTERISTIC
01-17 13:15:00.912 18637 18637 D BleService: Data: 6, 13, -25, 78, 112, 127, 2, 55,
01-17 13:15:00.932 18637 18655 D BleService: On Characteristic Write 0
01-17 13:15:00.933 18637 18655 D BleService: cevap: Data: 2, 14, 100, 0, 0, 0, 0, 8, -66, -9, -1, -1, 0, 0, 4, 0, 0, 0, 4, 51,
01-17 13:15:00.934 18637 18637 D BLUETOOTH: Notification Recieved
01-17 13:15:00.935 18637 18637 D BLUETOOTH: Process Command: MANUAL_SLIDE
01-17 13:15:00.945 18637 18637 D BleService: Command success type: WRITE_CHARACTERISTIC
01-17 13:15:00.945 18637 18637 D BleService: Data: 6, 13, -28, 20, 112, 127, 1, -6,
01-17 13:15:00.977 18637 18655 D BleService: On Characteristic Write 0
01-17 13:15:00.979 18637 18655 D BleService: cevap: Data: 2, 14, 100, 0, 0, 0, 0, 8, -67, -28, -1, -1, 0, 0, 4, 0, 0, 0, 4, 31,
01-17 13:15:00.980 18637 18637 D BLUETOOTH: Notification Recieved
01-17 13:15:00.981 18637 18637 D BLUETOOTH: Process Command: MANUAL_SLIDE
01-17 13:15:00.989 18637 18637 D BleService: Command success type: WRITE_CHARACTERISTIC
01-17 13:15:00.989 18637 18637 D BleService: Data: 6, 13, -31, 85, 112, 127, 2, 56,
01-17 13:15:01.007 18637 18655 D BleService: On Characteristic Write 0
01-17 13:15:01.007 18637 18655 D BleService: cevap: Data: 2, 14, 100, 0, 0, 0, 0, 8, -67, 45, -1, -1, 0, 0, 4, 0, 0, 0, 3, 104,
01-17 13:15:01.008 18637 18637 D BLUETOOTH: Notification Recieved
01-17 13:15:01.009 18637 18637 D BLUETOOTH: Process Command: MANUAL_SLIDE
01-17 13:15:01.011 18637 18637 D BleService: Command success type: WRITE_CHARACTERISTIC
01-17 13:15:01.012 18637 18637 D BleService: Data: 6, 13, -35, -80, 112, 127, 2, -113,
01-17 13:15:01.037 18637 18655 D BleService: On Characteristic Write 0
01-17 13:15:01.038 18637 18655 D BleService: cevap: Data: 2, 14, 100, 0, 0, 0, 0, 8, -68, 95, -1, -1, 0, 0, 4, 0, 0, 0, 3, -103,
01-17 13:15:01.038 18637 18637 D BLUETOOTH: Notification Recieved
01-17 13:15:01.039 18637 18637 D BLUETOOTH: Process Command: MANUAL_SLIDE
01-17 13:15:01.045 18637 18637 D BleService: Command success type: WRITE_CHARACTERISTIC
01-17 13:15:01.045 18637 18637 D BleService: Data: 6, 13, -38, 124, 112, 127, 2, 88,
01-17 13:15:01.067 18637 18655 D BleService: On Characteristic Write 0
01-17 13:15:01.068 18637 18655 D BleService: cevap: Data: 2, 14, 100, 0, 0, 0, 0, 8, -69, -127, -1, -1, 0, 0, 4, 0, 0, 0, 3, -70,
01-17 13:15:01.069 18637 18637 D BLUETOOTH: Notification Recieved
01-17 13:15:01.071 18637 18637 D BLUETOOTH: Process Command: MANUAL_SLIDE
01-17 13:15:01.078 18637 18637 D BleService: Command success type: WRITE_CHARACTERISTIC
01-17 13:15:01.078 18637 18637 D BleService: Data: 6, 13, -40, 49, 112, 127, 2, 11,
01-17 13:15:01.097 18637 18655 D BleService: On Characteristic Write 0
01-17 13:15:01.097 18637 18655 D BleService: cevap: Data: 2, 14, 100, 0, 0, 0, 0, 8, -70, -99, -1, -1, 0, 0, 4, 0, 0, 0, 3, -43,
01-17 13:15:01.100 18637 18637 D BLUETOOTH: Notification Recieved
01-17 13:15:01.101 18637 18637 D BLUETOOTH: Process Command: MANUAL_SLIDE
01-17 13:15:01.111 18637 18637 D BleService: Command success type: WRITE_CHARACTERISTIC
01-17 13:15:01.111 18637 18637 D BleService: Data: 6, 13, -43, 116, 112, 127, 2, 75,
01-17 13:15:01.142 18637 18655 D BleService: On Characteristic Write 0
01-17 13:15:01.142 18637 18655 D BleService: cevap: Data: 2, 14, 100, 0, 0, 0, 0, 8, -71, 48, -1, -1, 0, 0, 4, 0, 0, 0, 3, 103,
01-17 13:15:01.144 18637 18637 D BLUETOOTH: Notification Recieved
01-17 13:15:01.145 18637 18637 D BLUETOOTH: Process Command: MANUAL_SLIDE
01-17 13:15:01.156 18637 18637 D BleService: Command success type: WRITE_CHARACTERISTIC
01-17 13:15:01.156 18637 18637 D BleService: Data: 6, 13, -45, 41, 112, 127, 1, -2,
01-17 13:15:01.187 18637 18655 D BleService: On Characteristic Write 0
01-17 13:15:01.188 18637 18655 D BleService: cevap: Data: 2, 14, 100, 0, 0, 0, 0, 8, -73, -114, -1, -1, 0, 0, 4, 0, 0, 0, 3, -61,
01-17 13:15:01.189 18637 18637 D BLUETOOTH: Notification Recieved
01-17 13:15:01.192 18637 18637 D BLUETOOTH: Process Command: MANUAL_SLIDE
01-17 13:15:01.201 18637 18637 D BleService: Command success type: WRITE_CHARACTERISTIC
01-17 13:15:01.201 18637 18637 D BleService: Data: 6, 13, -49, -55, 112, 127, 2, -102,
01-17 13:15:01.234 18637 18655 D BleService: On Characteristic Write 0
01-17 13:15:01.235 18637 18655 D BleService: cevap: Data: 2, 14, 100, 0, 0, 0, 0, 8, -75, -43, -1, -1, 0, 0, 4, 0, 0, 0, 4, 8,
01-17 13:15:01.236 18637 18637 D BLUETOOTH: Notification Recieved
01-17 13:15:01.238 18637 18637 D BLUETOOTH: Process Command: MANUAL_SLIDE
01-17 13:15:01.245 18637 18637 D BleService: Command success type: WRITE_CHARACTERISTIC
01-17 13:15:01.245 18637 18637 D BleService: Data: 6, 13, -54, 109, 112, 127, 2, 57,
01-17 13:15:01.279 18637 18654 D BleService: On Characteristic Write 0
01-17 13:15:01.282 18637 18654 D BleService: cevap: Data: 2, 14, 100, 0, 0, 0, 0, 8, -77, -26, -1, -1, 0, 0, 4, 0, 0, 0, 4, 23,
01-17 13:15:01.285 18637 18637 D BLUETOOTH: Notification Recieved
01-17 13:15:01.286 18637 18637 D BLUETOOTH: Process Command: MANUAL_SLIDE
--------- beginning of crash
01-17 13:15:01.289 18637 18637 D BleService: Command success type: WRITE_CHARACTERISTIC
01-17 13:15:01.289 18637 18637 D BleService: Data: 6, 13, -55, 99, 112, 127, 2, 46,
01-17 13:15:01.307 18637 18654 D BleService: On Characteristic Write 0
01-17 13:15:01.308 18637 18654 D BleService: cevap: Data: 2, 14, 100, 0, 0, 0, 0, 8, -78, -113, -1, -1, 0, 0, 4, 0, 0, 0, 3, -65,
01-17 13:15:01.309 18637 18637 D BLUETOOTH: Notification Recieved
01-17 13:15:01.309 18637 18637 D BLUETOOTH: Process Command: MANUAL_SLIDE
01-17 13:15:01.313 18637 18637 D BleService: Command success type: WRITE_CHARACTERISTIC
01-17 13:15:01.313 18637 18637 D BleService: Data: 6, 13, -55, 40, 112, 127, 1, -13,
01-17 13:15:01.337 18637 18654 D BleService: On Characteristic Write 0
01-17 13:15:01.338 18637 18654 D BleService: cevap: Data: 2, 14, 100, 0, 0, 0, 0, 8, -79, 35, -1, -1, 0, 0, 4, 0, 0, 0, 3, 82,
01-17 13:15:01.339 18637 18637 D BLUETOOTH: Notification Recieved
01-17 13:15:01.340 18637 18637 D BLUETOOTH: Process Command: MANUAL_SLIDE
01-17 13:15:01.345 18637 18637 D BleService: Command success type: WRITE_CHARACTERISTIC
01-17 13:15:01.345 18637 18637 D BleService: Data: 6, 13, -56, 62, 112, 127, 2, 8,
01-17 13:15:01.368 18637 18654 D BleService: On Characteristic Write 0
01-17 13:15:01.369 18637 18654 D BleService: cevap: Data: 2, 14, 100, 0, 0, 0, 0, 8, -81, -98, -1, -1, 0, 0, 4, 0, 0, 0, 3, -53,
01-17 13:15:01.369 18637 18637 D BLUETOOTH: Notification Recieved
01-17 13:15:01.370 18637 18637 D BLUETOOTH: Process Command: MANUAL_SLIDE
01-17 13:15:01.378 18637 18637 D BleService: Command success type: WRITE_CHARACTERISTIC
01-17 13:15:01.378 18637 18637 D BleService: Data: 6, 13, -57, 84, 112, 127, 2, 29,
01-17 13:15:01.398 18637 18654 D BleService: On Characteristic Write 0
01-17 13:15:01.398 18637 18654 D BleService: cevap: Data: 2, 14, 100, 0, 0, 0, 0, 8, -82, 10, -1, -1, 0, 0, 4, 0, 0, 0, 3, 54,
01-17 13:15:01.400 18637 18637 D BLUETOOTH: Notification Recieved
01-17 13:15:01.401 18637 18637 D BLUETOOTH: Process Command: MANUAL_SLIDE
01-17 13:15:01.412 18637 18637 D BleService: Command success type: WRITE_CHARACTERISTIC
01-17 13:15:01.412 18637 18637 D BleService: Data: 6, 13, -58, -43, 112, 127, 2, -99,
01-17 13:15:01.442 18637 18654 D BleService: On Characteristic Write 0
01-17 13:15:01.443 18637 18654 D BleService: cevap: Data: 2, 14, 100, 0, 0, 0, 0, 8, -85, -116, -1, -1, 0, 0, 4, 0, 0, 0, 3, -75,
01-17 13:15:01.444 18637 18637 D BLUETOOTH: Notification Recieved
01-17 13:15:01.447 18637 18637 D BLUETOOTH: Process Command: MANUAL_SLIDE
01-17 13:15:01.456 18637 18637 D BleService: Command success type: WRITE_CHARACTERISTIC
01-17 13:15:01.456 18637 18637 D BleService: Data: 6, 13, -60, -3, 112, 127, 2, -61,
01-17 13:15:01.487 18637 18654 D BleService: On Characteristic Write 0
01-17 13:15:01.488 18637 18654 D BleService: cevap: Data: 2, 14, 100, 0, 0, 0, 0, 8, -88, -22, -1, -1, 0, 0, 4, 0, 0, 0, 4, 16,
01-17 13:15:01.489 18637 18637 D BLUETOOTH: Notification Recieved
01-17 13:15:01.492 18637 18637 D BLUETOOTH: Process Command: MANUAL_SLIDE
01-17 13:15:01.501 18637 18637 D BleService: Command success type: WRITE_CHARACTERISTIC
01-17 13:15:01.501 18637 18637 D BleService: Data: 6, 13, -64, 112, 112, 127, 2, 50,
01-17 13:15:01.532 18637 18654 D BleService: On Characteristic Write 0
01-17 13:15:01.535 18637 18654 D BleService: cevap: Data: 2, 14, 100, 0, 0, 0, 0, 8, -90, 38, -1, -1, 0, 0, 4, 0, 0, 0, 3, 74,
01-17 13:15:01.536 18637 18637 D BLUETOOTH: Notification Recieved
01-17 13:15:01.537 18637 18637 D BLUETOOTH: Process Command: MANUAL_SLIDE
01-17 13:15:01.545 18637 18637 D BleService: Command success type: WRITE_CHARACTERISTIC
01-17 13:15:01.545 18637 18637 D BleService: Data: 6, 13, -66, -104, 112, 127, 2, 88,
01-17 13:15:01.577 18637 18654 D BleService: On Characteristic Write 0
01-17 13:15:01.577 18637 18654 D BleService: cevap: Data: 2, 14, 100, 0, 0, 0, 0, 8, -93, 53, -1, -1, 0, 0, 4, 0, 0, 0, 3, 86,
01-17 13:15:01.578 18637 18637 D BLUETOOTH: Notification Recieved
01-17 13:15:01.580 18637 18637 D BLUETOOTH: Process Command: MANUAL_SLIDE
