01-17 13:15:05.943 18637 18655 D BleService: cevap: Data: 2, 14, 100, 0, 0, 0, 0, 8, -74, -40, -1, -1, 0, 0, 4, 0, 0, 0, 4, 12,
01-17 13:15:05.945 18637 18637 D BLUETOOTH: Notification Recieved
01-17 13:15:05.946 18637 18637 D BLUETOOTH: Process Command: MANUAL_SLIDE
01-17 13:15:05.954 18637 18637 D BleService: Command success type: WRITE_CHARACTERISTIC
01-17 13:15:05.954 18637 18637 D BleService: Data: 6, 13, -98, -94, 112, 127, 2, 66,
01-17 13:15:05.987 18637 18655 D BleService: On Characteristic Write 0
01-17 13:15:05.988 18637 18655 D BleService: cevap: Data: 2, 14, 100, 0, 0, 0, 0, 8, -79, 71, -1, -1, 0, 0, 4, 0, 0, 0, 3, 118,
01-17 13:15:05.989 18637 18637 D BLUETOOTH: Notification Recieved
01-17 13:15:05.991 18637 18637 D BLUETOOTH: Process Command: MANUAL_SLIDE
01-17 13:15:05.999 18637 18637 D BleService: Command success type: WRITE_CHARACTERISTIC
01-17 13:15:05.999 18637 18637 D BleService: Data: 6, 13, -107, 120, 112, 127, 2, 15,
01-17 13:15:06.018 18637 18655 D BleService: On Characteristic Write 0
01-17 13:15:06.033 18637 18655 D BleService: cevap: Data: 2, 14, 100, 0, 0, 0, 0, 8, -83, 126, -1, -1, 0, 0, 4, 0, 0, 0, 3, -87,
01-17 13:15:06.034 18637 18637 D BLUETOOTH: Notification Recieved
01-17 13:15:06.035 18637 18637 D BLUETOOTH: Process Command: MANUAL_SLIDE
01-17 13:15:06.044 18637 18637 D BleService: Command success type: WRITE_CHARACTERISTIC
01-17 13:15:06.044 18637 18637 D BleService: Data: 6, 13, -111, 93, 112, 127, 1, -16,
01-17 13:15:06.063 18637 18655 D BleService: On Characteristic Write 0
01-17 13:15:06.064 18637 18655 D BleService: cevap: Data: 2, 14, 100, 0, 0, 0, 0, 8, -89, -74, -1, -1, 0, 0, 4, 0, 0, 0, 3, -37,
01-17 13:15:06.067 18637 18637 D BLUETOOTH: Notification Recieved
01-17 13:15:06.069 18637 18637 D BLUETOOTH: Process Command: MANUAL_SLIDE
01-17 13:15:06.076 18637 18637 D BleService: Command success type: WRITE_CHARACTERISTIC
01-17 13:15:06.076 18637 18637 D BleService: Data: 6, 13, -118, 102, 112, 127, 1, -14,
01-17 13:15:06.107 18637 18655 D BleService: On Characteristic Write 0
01-17 13:15:06.108 18637 18655 D BleService: cevap: Data: 2, 14, 100, 0, 0, 0, 0, 8, -95, -64, -1, -1, 0, 0, 4, 0, 0, 0, 3, -33,
01-17 13:15:06.109 18637 18637 D BLUETOOTH: Notification Recieved
01-17 13:15:06.111 18637 18637 D BLUETOOTH: Process Command: MANUAL_SLIDE
01-17 13:15:06.121 18637 18637 D BleService: Command success type: WRITE_CHARACTERISTIC
01-17 13:15:06.121 18637 18637 D BleService: Data: 6, 13, -125, 0, 112, 127, 1, -123,
01-17 13:15:06.152 18637 18655 D BleService: On Characteristic Write 0
01-17 13:15:06.152 18637 18655 D BleService: cevap: Data: 2, 14, 100, 0, 0, 0, 0, 8, -101, -106, -1, -1, 0, 0, 4, 0, 0, 0, 3, -81,
01-17 13:15:06.154 18637 18637 D BLUETOOTH: Notification Recieved
01-17 13:15:06.155 18637 18637 D BLUETOOTH: Process Command: MANUAL_SLIDE
01-17 13:15:06.165 18637 18637 D BleService: Command success type: WRITE_CHARACTERISTIC
01-17 13:15:06.165 18637 18637 D BleService: Data: 6, 13, -125, 0, 112, 127, 1, -123,
01-17 13:15:06.197 18637 18655 D BleService: On Characteristic Write 0
01-17 13:15:06.197 18637 18655 D BleService: cevap: Data: 2, 14, 100, 0, 0, 0, 0, 8, -107, 41, -1, -1, 0, 0, 4, 0, 0, 0, 3, 60,
01-17 13:15:06.199 18637 18637 D BLUETOOTH: Notification Recieved
01-17 13:15:06.201 18637 18637 D BLUETOOTH: Process Command: MANUAL_SLIDE
01-17 13:15:06.210 18637 18637 D BleService: Command success type: WRITE_CHARACTERISTIC
01-17 13:15:06.210 18637 18637 D BleService: Data: 6, 13, -125, 0, 112, 127, 1, -123,
01-17 13:15:06.242 18637 18655 D BleService: On Characteristic Write 0
01-17 13:15:06.242 18637 18655 D BleService: cevap: Data: 2, 14, 100, 0, 0, 0, 0, 8, -114, -128, -1, -1, 0, 0, 4, 0, 0, 0, 3, -116,
01-17 13:15:06.244 18637 18637 D BLUETOOTH: Notification Recieved
01-17 13:15:06.246 18637 18637 D BLUETOOTH: Process Command: MANUAL_SLIDE
01-17 13:15:06.254 18637 18637 D BleService: Command success type: WRITE_CHARACTERISTIC
01-17 13:15:06.254 18637 18637 D BleService: Data: 6, 13, -125, 0, 112, 127, 1, -123,
01-17 13:15:06.273 18637 18655 D BleService: On Characteristic Write 0
01-17 13:15:06.273 18637 18655 D BleService: cevap: Data: 2, 14, 100, 0, 0, 0, 0, 8, -119, -54, -1, -1, 0, 0, 4, 0, 0, 0, 3, -47,
01-17 13:15:06.275 18637 18637 D BLUETOOTH: Notification Recieved
01-17 13:15:06.276 18637 18637 D BLUETOOTH: Process Command: MANUAL_SLIDE
01-17 13:15:06.289 18637 18637 D BleService: Command success type: WRITE_CHARACTERISTIC
01-17 13:15:06.289 18637 18637 D BleService: Data: 6, 13, -125, 0, 112, 127, 1, -123,
01-17 13:15:06.317 18637 18654 D BleService: On Characteristic Write 0
01-17 13:15:06.318 18637 18654 D BleService: cevap: Data: 2, 14, 100, 0, 0, 0, 0, 8, -126, -4, -1, -1, 0, 0, 4, 0, 0, 0, 3, -4,
01-17 13:15:06.319 18637 18637 D BLUETOOTH: Notification Recieved
01-17 13:15:06.321 18637 18637 D BLUETOOTH: Process Command: MANUAL_SLIDE
01-17 13:15:06.332 18637 18637 D BleService: Command success type: WRITE_CHARACTERISTIC
01-17 13:15:06.332 18637 18637 D BleService: Data: 6, 13, -125, 0, 112, 127, 1, -123,
01-17 13:15:06.362 18637 18654 D BleService: On Characteristic Write 0
01-17 13:15:06.363 18637 18654 D BleService: cevap: Data: 2, 14, 100, 0, 0, 0, 0, 8, 123, -40, -1, -1, 0, 0, 4, 0, 0, 0, 3, -47,
01-17 13:15:06.364 18637 18637 D BLUETOOTH: Notification Recieved
01-17 13:15:06.365 18637 18637 D BLUETOOTH: Process Command: MANUAL_SLIDE
01-17 13:15:06.377 18637 18637 D BleService: Command success type: WRITE_CHARACTERISTIC
01-17 13:15:06.377 18637 18637 D BleService: Data: 6, 13, -125, 0, 112, 127, 1, -123,
01-17 13:15:06.407 18637 18654 D BleService: On Characteristic Write 0
01-17 13:15:06.408 18637 18654 D BleService: cevap: Data: 2, 14, 100, 0, 0, 0, 0, 8, 116, -115, -1, -1, 0, 0, 4, 0, 0, 0, 3, 127,
01-17 13:15:06.409 18637 18637 D BLUETOOTH: Notification Recieved
01-17 13:15:06.411 18637 18637 D BLUETOOTH: Process Command: MANUAL_SLIDE
01-17 13:15:06.422 18637 18637 D BleService: Command success type: WRITE_CHARACTERISTIC
01-17 13:15:06.422 18637 18637 D BleService: Data: 6, 13, -125, 0, 112, 127, 1, -123,
01-17 13:15:06.452 18637 18655 D BleService: On Characteristic Write 0
01-17 13:15:06.453 18637 18655 D BleService: cevap: Data: 2, 14, 100, 0, 0, 0, 0, 8, 109, 29, -1, -1, 0, 0, 4, 0, 0, 0, 3, 8,
01-17 13:15:06.454 18637 18637 D BLUETOOTH: Notification Recieved
01-17 13:15:06.458 18637 18637 D BLUETOOTH: Process Command: MANUAL_SLIDE
01-17 13:15:06.465 18637 18637 D BleService: Command success type: WRITE_CHARACTERISTIC
01-17 13:15:06.465 18637 18637 D BleService: Data: 6, 13, -125, 0, 112, 127, 1, -123,
01-17 13:15:06.497 18637 18654 D BleService: On Characteristic Write 0
01-17 13:15:06.498 18637 18654 D BleService: cevap: Data: 2, 14, 100, 0, 0, 0, 0, 8, 101, 106, -1, -1, 0, 0, 4, 0, 0, 0, 3, 77,
01-17 13:15:06.499 18637 18637 D BLUETOOTH: Notification Recieved
01-17 13:15:06.500 18637 18637 D BLUETOOTH: Process Command: MANUAL_SLIDE
01-17 13:15:06.510 18637 18637 D BleService: Command success type: WRITE_CHARACTERISTIC
01-17 13:15:06.510 18637 18637 D BleService: Data: 6, 13, -125, 0, 112, 127, 1, -123,
01-17 13:15:06.542 18637 18654 D BleService: On Characteristic Write 0
01-17 13:15:06.543 18637 18654 D BleService: cevap: Data: 2, 14, 100, 0, 0, 0, 0, 8, 93, -61, -1, -1, 0, 0, 4, 0, 0, 0, 3, -98,
01-17 13:15:06.545 18637 18637 D BLUETOOTH: Notification Recieved
01-17 13:15:06.546 18637 18637 D BLUETOOTH: Process Command: MANUAL_SLIDE
01-17 13:15:06.555 18637 18637 D BleService: Command success type: WRITE_CHARACTERISTIC
01-17 13:15:06.555 18637 18637 D BleService: Data: 6, 13, -125, 0, 112, 127, 1, -123,
01-17 13:15:06.587 18637 18654 D BleService: On Characteristic Write 0
01-17 13:15:06.602 18637 18654 D BleService: cevap: Data: 2, 14, 100, 0, 0, 0, 0, 8, 85, -5, -1, -1, 0, 0, 4, 0, 0, 0, 3, -50,
01-17 13:15:06.604 18637 18637 D BLUETOOTH: Notification Recieved
01-17 13:15:06.606 18637 18637 D BLUETOOTH: Process Command: MANUAL_SLIDE
01-17 13:15:06.609 18637 18637 D BleService: Command success type: WRITE_CHARACTERISTIC
01-17 13:15:06.609 18637 18637 D BleService: Data: 6, 13, -125, 0, 112, 127, 1, -123,
01-17 13:15:06.632 18637 18654 D BleService: On Characteristic Write 0
01-17 13:15:06.633 18637 18654 D BleService: cevap: Data: 2, 14, 100, 0, 0, 0, 0, 8, 78, 27, -1, -1, 0, 0, 4, 0, 0, 0, 2, -25,
01-17 13:15:06.634 18637 18637 D BLUETOOTH: Notification Recieved
01-17 13:15:06.636 18637 18637 D BLUETOOTH: Process Command: MANUAL_SLIDE
01-17 13:15:06.643 18637 18637 D BleService: Command success type: WRITE_CHARACTERISTIC
01-17 13:15:06.643 18637 18637 D BleService: Data: 6, 13, -125, 0, 112, 127, 1, -123,
01-17 13:15:06.662 18637 18654 D BleService: On Characteristic Write 0
01-17 13:15:06.663 18637 18654 D BleService: cevap: Data: 2, 14, 100, 0, 0, 0, 0, 8, 72, -45, -1, -1, 0, 0, 4, 0, 0, 0, 3, -103,
01-17 13:15:06.664 18637 18637 D BLUETOOTH: Notification Recieved
01-17 13:15:06.666 18637 18637 D BLUETOOTH: Process Command: MANUAL_SLIDE
01-17 13:15:06.676 18637 18637 D BleService: Command success type: WRITE_CHARACTERISTIC
01-17 13:15:06.676 18637 18637 D BleService: Data: 6, 13, -125, 0, 112, 127, 1, -123,
01-17 13:15:06.707 18637 18654 D BleService: On Characteristic Write 0
01-17 13:15:06.708 18637 18654 D BleService: cevap: Data: 2, 14, 100, 0, 0, 0, 0, 8, 64, -36, -1, -1, 0, 0, 4, 0, 0, 0, 3, -102,
01-17 13:15:06.709 18637 18637 D BLUETOOTH: Notification Recieved
01-17 13:15:06.710 18637 18637 D BLUETOOTH: Process Command: MANUAL_SLIDE
01-17 13:15:06.721 18637 18637 D BleService: Command success type: WRITE_CHARACTERISTIC
01-17 13:15:06.721 18637 18637 D BleService: Data: 6, 13, -125, 0, 112, 127, 1, -123,
01-17 13:15:06.752 18637 18654 D BleService: On Characteristic Write 0
01-17 13:15:06.753 18637 18654 D BleService: cevap: Data: 2, 14, 100, 0, 0, 0, 0, 8, 56, -44, -1, -1, 0, 0, 4, 0, 0, 0, 3, -118,
01-17 13:15:06.755 18637 18637 D BLUETOOTH: Notification Recieved
01-17 13:15:06.756 18637 18637 D BLUETOOTH: Process Command: MANUAL_SLIDE
01-17 13:15:06.765 18637 18637 D BleService: Command success type: WRITE_CHARACTERISTIC
01-17 13:15:06.765 18637 18637 D BleService: Data: 6, 13, -125, 0, 112, 127, 1, -123,
01-17 13:15:06.797 18637 18654 D BleService: On Characteristic Write 0
01-17 13:15:06.798 18637 18654 D BleService: cevap: Data: 2, 14, 100, 0, 0, 0, 0, 8, 48, -70, -1, -1, 0, 0, 4, 0, 0, 0, 3, 104,
01-17 13:15:06.800 18637 18637 D BLUETOOTH: Notification Recieved
01-17 13:15:06.801 18637 18637 D BLUETOOTH: Process Command: MANUAL_SLIDE
01-17 13:15:06.810 18637 18637 D BleService: Command success type: WRITE_CHARACTERISTIC
01-17 13:15:06.810 18637 18637 D BleService: Data: 6, 13, -125, 0, 112, 127, 1, -123,
01-17 13:15:06.842 18637 18654 D BleService: On Characteristic Write 0
01-17 13:15:06.842 18637 18654 D BleService: cevap: Data: 2, 14, 100, 0, 0, 0, 0, 8, 40, -112, -1, -1, 0, 0, 4, 0, 0, 0, 3, 54,
01-17 13:15:06.844 18637 18637 D BLUETOOTH: Notification Recieved
01-17 13:15:06.845 18637 18637 D BLUETOOTH: Process Command: MANUAL_SLIDE
01-17 13:15:06.854 18637 18637 D BleService: Command success type: WRITE_CHARACTERISTIC
01-17 13:15:06.854 18637 18637 D BleService: Data: 6, 13, -125, 0, 112, 127, 1, -123,
01-17 13:15:06.873 18637 18654 D BleService: On Characteristic Write 0
01-17 13:15:06.888 18637 18654 D BleService: cevap: Data: 2, 14, 100, 0, 0, 0, 0, 8, 35, 32, -1, -1, 0, 0, 4, 0, 0, 0, 2, -63,
01-17 13:15:06.889 18637 18637 D BLUETOOTH: Notification Recieved
01-17 13:15:06.890 18637 18637 D BLUETOOTH: Process Command: MANUAL_SLIDE
01-17 13:15:06.898 18637 18637 D BleService: Command success type: WRITE_CHARACTERISTIC
01-17 13:15:06.898 18637 18637 D BleService: Data: 6, 13, -125, 0, 112, 127, 1, -123,
01-17 13:15:06.918 18637 18655 D BleService: On Characteristic Write 0
01-17 13:15:06.918 18637 18655 D BleService: cevap: Data: 2, 14, 100, 0, 0, 0, 0, 8, 26, -21, -1, -1, 0, 0, 4, 0, 0, 0, 3, -125,
01-17 13:15:06.919 18637 18637 D BLUETOOTH: Notification Recieved
01-17 13:15:06.921 18637 18637 D BLUETOOTH: Process Command: MANUAL_SLIDE
01-17 13:15:06.931 18637 18637 D BleService: Command success type: WRITE_CHARACTERISTIC
01-17 13:15:06.932 18637 18637 D BleService: Data: 6, 13, -125, 0, 112, 127, 1, -123,
01-17 13:15:06.962 18637 18655 D BleService: On Characteristic Write 0
01-17 13:15:06.963 18637 18655 D BleService: cevap: Data: 2, 14, 100, 0, 0, 0, 0, 8, 18, -95, -1, -1, 0, 0, 4, 0, 0, 0, 3, 49,
01-17 13:15:06.965 18637 18637 D BLUETOOTH: Notification Recieved
01-17 13:15:06.966 18637 18637 D BLUETOOTH: Process Command: MANUAL_SLIDE
01-17 13:15:06.977 18637 18637 D BleService: Command success type: WRITE_CHARACTERISTIC
01-17 13:15:06.977 18637 18637 D BleService: Data: 6, 13, -125, 0, 112, 127, 1, -123,
01-17 13:15:07.007 18637 18655 D BleService: On Characteristic Write 0
01-17 13:15:07.007 18637 18655 D BleService: cevap: Data: 2, 14, 100, 0, 0, 0, 0, 8, 10, 85, -1, -1, 0, 0, 4, 0, 0, 0, 2, -35,
01-17 13:15:07.009 18637 18637 D BLUETOOTH: Notification Recieved
01-17 13:15:07.011 18637 18637 D BLUETOOTH: Process Command: MANUAL_SLIDE
01-17 13:15:07.021 18637 18637 D BleService: Command success type: WRITE_CHARACTERISTIC
01-17 13:15:07.021 18637 18637 D BleService: Data: 6, 13, -125, 0, 112, 127, 1, -123,
01-17 13:15:07.052 18637 18655 D BleService: On Characteristic Write 0
01-17 13:15:07.053 18637 18655 D BleService: cevap: Data: 2, 14, 100, 0, 0, 0, 0, 8, 2, 2, -1, -1, 0, 0, 4, 0, 0, 0, 2, -126,
01-17 13:15:07.054 18637 18637 D BLUETOOTH: Notification Recieved
01-17 13:15:07.056 18637 18637 D BLUETOOTH: Process Command: MANUAL_SLIDE
01-17 13:15:07.068 18637 18637 D BleService: Command success type: WRITE_CHARACTERISTIC
01-17 13:15:07.068 18637 18637 D BleService: Data: 6, 13, -125, 0, 112, 127, 1, -123,
01-17 13:15:07.097 18637 18655 D BleService: On Characteristic Write 0
01-17 13:15:07.098 18637 18655 D BleService: cevap: Data: 2, 14, 100, 0, 0, 0, 0, 8, -7, 118, -1, -1, 0, 0, 4, 0, 0, 0, 3, -19,
01-17 13:15:07.100 18637 18637 D BLUETOOTH: Notification Recieved
01-17 13:15:07.101 18637 18637 D BLUETOOTH: Process Command: MANUAL_SLIDE
01-17 13:15:07.111 18637 18637 D BleService: Command success type: WRITE_CHARACTERISTIC
01-17 13:15:07.111 18637 18637 D BleService: Data: 6, 13, -125, 0, 112, 127, 1, -123,
01-17 13:15:07.142 18637 18654 D BleService: On Characteristic Write 0
01-17 13:15:07.143 18637 18654 D BleService: cevap: Data: 2, 14, 100, 0, 0, 0, 0, 8, -15, 68, -1, -1, 0, 0, 4, 0, 0, 0, 3, -77,
01-17 13:15:07.145 18637 18637 D BLUETOOTH: Notification Recieved
01-17 13:15:07.146 18637 18637 D BLUETOOTH: Process Command: MANUAL_SLIDE
01-17 13:15:07.154 18637 18637 D BleService: Command success type: WRITE_CHARACTERISTIC
01-17 13:15:07.154 18637 18637 D BleService: Data: 6, 13, -125, 0, 112, 127, 1, -123,
01-17 13:15:07.173 18637 18655 D BleService: On Characteristic Write 0
01-17 13:15:07.173 18637 18655 D BleService: cevap: Data: 2, 14, 100, 0, 0, 0, 0, 8, -21, 124, -1, -1, 0, 0, 4, 0, 0, 0, 3, -27,
01-17 13:15:07.175 18637 18637 D BLUETOOTH: Notification Recieved
01-17 13:15:07.177 18637 18637 D BLUETOOTH: Process Command: MANUAL_SLIDE
01-17 13:15:07.187 18637 18637 D BleService: Command success type: WRITE_CHARACTERISTIC
01-17 13:15:07.187 18637 18637 D BleService: Data: 6, 13, -125, 0, 112, 127, 1, -123,
01-17 13:15:07.218 18637 18654 D BleService: On Characteristic Write 0
01-17 13:15:07.218 18637 18654 D BleService: cevap: Data: 2, 14, 100, 0, 0, 0, 0, 8, -29, 24, -1, -1, 0, 0, 4, 0, 0, 0, 3, 121,
01-17 13:15:07.219 18637 18637 D BLUETOOTH: Notification Recieved
01-17 13:15:07.223 18637 18637 D BLUETOOTH: Process Command: MANUAL_SLIDE
01-17 13:15:07.231 18637 18637 D BleService: Command success type: WRITE_CHARACTERISTIC
01-17 13:15:07.231 18637 18637 D BleService: Data: 6, 13, -125, 0, 112, 127, 1, -123,
01-17 13:15:07.263 18637 18654 D BleService: On Characteristic Write 0
01-17 13:15:07.263 18637 18654 D BleService: cevap: Data: 2, 14, 100, 0, 0, 0, 0, 8, -38, -83, -1, -1, 0, 0, 4, 0, 0, 0, 4, 5,
01-17 13:15:07.266 18637 18637 D BLUETOOTH: Notification Recieved
01-17 13:15:07.267 18637 18637 D BLUETOOTH: Process Command: MANUAL_SLIDE
01-17 13:15:07.276 18637 18637 D BleService: Command success type: WRITE_CHARACTERISTIC
01-17 13:15:07.276 18637 18637 D BleService: Data: 6, 13, -125, 0, 112, 127, 1, -123,
01-17 13:15:07.307 18637 18655 D BleService: On Characteristic Write 0
01-17 13:15:07.308 18637 18655 D BleService: cevap: Data: 2, 14, 100, 0, 0, 0, 0, 8, -46, 56, -1, -1, 0, 0, 4, 0, 0, 0, 3, -120,
01-17 13:15:07.309 18637 18637 D BLUETOOTH: Notification Recieved
01-17 13:15:07.311 18637 18637 D BLUETOOTH: Process Command: MANUAL_SLIDE
01-17 13:15:07.320 18637 18637 D BleService: Command success type: WRITE_CHARACTERISTIC
01-17 13:15:07.320 18637 18637 D BleService: Data: 6, 13, -125, 0, 112, 127, 1, -123,
01-17 13:15:07.353 18637 18655 D BleService: On Characteristic Write 0
01-17 13:15:07.353 18637 18655 D BleService: cevap: Data: 2, 14, 100, 0, 0, 0, 0, 8, -55, -73, -1, -1, 0, 0, 4, 0, 0, 0, 3, -2,
01-17 13:15:07.356 18637 18637 D BLUETOOTH: Notification Recieved
01-17 13:15:07.357 18637 18637 D BLUETOOTH: Process Command: MANUAL_SLIDE
01-17 13:15:07.367 18637 18637 D BleService: Command success type: WRITE_CHARACTERISTIC
01-17 13:15:07.367 18637 18637 D BleService: Data: 6, 13, -125, 0, 112, 127, 1, -123,
01-17 13:15:07.398 18637 18654 D BleService: On Characteristic Write 0
01-17 13:15:07.398 18637 18654 D BleService: cevap: Data: 2, 14, 100, 0, 0, 0, 0, 8, -63, 67, -1, -1, 0, 0, 4, 0, 0, 0, 3, -126,
01-17 13:15:07.400 18637 18637 D BLUETOOTH: Notification Recieved
01-17 13:15:07.402 18637 18637 D BLUETOOTH: Process Command: MANUAL_SLIDE
01-17 13:15:07.412 18637 18637 D BleService: Command success type: WRITE_CHARACTERISTIC
01-17 13:15:07.412 18637 18637 D BleService: Data: 6, 13, -125, 0, 112, 127, 1, -123,
01-17 13:15:07.443 18637 18654 D BleService: On Characteristic Write 0
01-17 13:15:07.459 18637 18654 D BleService: cevap: Data: 2, 14, 100, 0, 0, 0, 0, 8, -72, -56, -1, -1, 0, 0, 4, 0, 0, 0, 3, -2,
01-17 13:15:07.461 18637 18637 D BLUETOOTH: Notification Recieved
01-17 13:15:07.463 18637 18637 D BLUETOOTH: Process Command: MANUAL_SLIDE
01-17 13:15:07.466 18637 18637 D BleService: Command success type: WRITE_CHARACTERISTIC
01-17 13:15:07.466 18637 18637 D BleService: Data: 6, 13, -125, 0, 112, 127, 1, -123,
01-17 13:15:07.488 18637 18654 D BleService: On Characteristic Write 0
01-17 13:15:07.488 18637 18654 D BleService: cevap: Data: 2, 14, 100, 0, 0, 0, 0, 8, -80, 64, -1, -1, 0, 0, 4, 0, 0, 0, 3, 110,
01-17 13:15:07.490 18637 18637 D BLUETOOTH: Notification Recieved
01-17 13:15:07.492 18637 18637 D BLUETOOTH: Process Command: MANUAL_SLIDE
01-17 13:15:07.500 18637 18637 D BleService: Command success type: WRITE_CHARACTERISTIC
01-17 13:15:07.500 18637 18637 D BleService: Data: 6, 13, -125, 0, 112, 127, 1, -123,
01-17 13:15:07.532 18637 18655 D BleService: On Characteristic Write 0
01-17 13:15:07.533 18637 18655 D BleService: cevap: Data: 2, 14, 100, 0, 0, 0, 0, 8, -89, -56, -1, -1, 0, 0, 4, 0, 0, 0, 3, -19,
01-17 13:15:07.535 18637 18637 D BLUETOOTH: Notification Recieved
01-17 13:15:07.536 18637 18637 D BLUETOOTH: Process Command: MANUAL_SLIDE
01-17 13:15:07.544 18637 18637 D BleService: Command success type: WRITE_CHARACTERISTIC
01-17 13:15:07.544 18637 18637 D BleService: Data: 6, 13, -125, 0, 112, 127, 1, -123,
01-17 13:15:07.578 18637 18655 D BleService: On Characteristic Write 0
01-17 13:15:07.578 18637 18655 D BleService: cevap: Data: 2, 14, 100, 0, 0, 0, 0, 8, -97, 67, -1, -1, 0, 0, 4, 0, 0, 0, 3, 96,
01-17 13:15:07.581 18637 18637 D BLUETOOTH: Notification Recieved
01-17 13:15:07.583 18637 18637 D BLUETOOTH: Process Command: MANUAL_SLIDE
01-17 13:15:07.587 18637 18637 D BleService: Command success type: WRITE_CHARACTERISTIC
01-17 13:15:07.588 18637 18637 D BleService: Data: 6, 13, -125, 0, 112, 127, 1, -123,
01-17 13:15:07.608 18637 18654 D BleService: On Characteristic Write 0
01-17 13:15:07.609 18637 18654 D BleService: cevap: Data: 2, 14, 100, 0, 0, 0, 0, 8, -103, -108, -1, -1, 0, 0, 4, 0, 0, 0, 3, -85,
01-17 13:15:07.612 18637 18637 D BLUETOOTH: Notification Recieved
01-17 13:15:07.613 18637 18637 D BLUETOOTH: Process Command: MANUAL_SLIDE
01-17 13:15:07.621 18637 18637 D BleService: Command success type: WRITE_CHARACTERISTIC
01-17 13:15:07.621 18637 18637 D BleService: Data: 6, 13, -125, 0, 112, 127, 1, -123,
01-17 13:15:07.653 18637 18655 D BleService: On Characteristic Write 0
01-17 13:15:07.653 18637 18655 D BleService: cevap: Data: 2, 14, 100, 0, 0, 0, 0, 8, -111, 6, -1, -1, 0, 0, 4, 0, 0, 0, 3, 21,
01-17 13:15:07.656 18637 18637 D BLUETOOTH: Notification Recieved
01-17 13:15:07.658 18637 18637 D BLUETOOTH: Process Command: MANUAL_SLIDE
01-17 13:15:07.667 18637 18637 D BleService: Command success type: WRITE_CHARACTERISTIC
01-17 13:15:07.667 18637 18637 D BleService: Data: 6, 13, -125, 0, 112, 127, 1, -123,
01-17 13:15:07.698 18637 18654 D BleService: On Characteristic Write 0
01-17 13:15:07.698 18637 18654 D BleService: cevap: Data: 2, 14, 100, 0, 0, 0, 0, 8, -120, 122, -1, -1, 0, 0, 4, 0, 0, 0, 3, -128,
01-17 13:15:07.701 18637 18637 D BLUETOOTH: Notification Recieved
01-17 13:15:07.703 18637 18637 D BLUETOOTH: Process Command: MANUAL_SLIDE
01-17 13:15:07.711 18637 18637 D BleService: Command success type: WRITE_CHARACTERISTIC
01-17 13:15:07.711 18637 18637 D BleService: Data: 6, 13, -125, 0, 112, 127, 1, -123,
01-17 13:15:07.743 18637 18655 D BleService: On Characteristic Write 0
01-17 13:15:07.744 18637 18655 D BleService: cevap: Data: 2, 14, 100, 0, 0, 0, 0, 8, 127, -11, -1, -1, 0, 0, 4, 0, 0, 0, 3, -14,
01-17 13:15:07.746 18637 18637 D BLUETOOTH: Notification Recieved
01-17 13:15:07.748 18637 18637 D BLUETOOTH: Process Command: MANUAL_SLIDE
01-17 13:15:07.754 18637 18637 D BleService: Command success type: WRITE_CHARACTERISTIC
01-17 13:15:07.754 18637 18637 D BleService: Data: 6, 13, -125, 0, 112, 127, 1, -123,
01-17 13:15:07.787 18637 18654 D BleService: On Characteristic Write 0
01-17 13:15:07.788 18637 18654 D BleService: cevap: Data: 2, 14, 100, 0, 0, 0, 0, 8, 119, 103, -1, -1, 0, 0, 4, 0, 0, 0, 3, 92,
01-17 13:15:07.789 18637 18637 D BLUETOOTH: Notification Recieved
01-17 13:15:07.791 18637 18637 D BLUETOOTH: Process Command: MANUAL_SLIDE
01-17 13:15:07.799 18637 18637 D BleService: Command success type: WRITE_CHARACTERISTIC
01-17 13:15:07.799 18637 18637 D BleService: Data: 6, 13, -125, 0, 112, 127, 1, -123,
01-17 13:15:07.819 18637 18654 D BleService: On Characteristic Write 0
01-17 13:15:07.819 18637 18654 D BleService: cevap: Data: 2, 14, 100, 0, 0, 0, 0, 8, 113, -80, -1, -1, 0, 0, 4, 0, 0, 0, 3, -97,
01-17 13:15:07.822 18637 18637 D BLUETOOTH: Notification Recieved
01-17 13:15:07.824 18637 18637 D BLUETOOTH: Process Command: MANUAL_SLIDE
01-17 13:15:07.832 18637 18637 D BleService: Command success type: WRITE_CHARACTERISTIC
01-17 13:15:07.832 18637 18637 D BleService: Data: 6, 13, -125, 0, 112, 127, 1, -123,
01-17 13:15:07.863 18637 18655 D BleService: On Characteristic Write 0
01-17 13:15:07.863 18637 18655 D BleService: cevap: Data: 2, 14, 100, 0, 0, 0, 0, 8, 105, 41, -1, -1, 0, 0, 4, 0, 0, 0, 3, 16,
01-17 13:15:07.865 18637 18637 D BLUETOOTH: Notification Recieved
01-17 13:15:07.867 18637 18637 D BLUETOOTH: Process Command: MANUAL_SLIDE
01-17 13:15:07.879 18637 18637 D BleService: Command success type: WRITE_CHARACTERISTIC
01-17 13:15:07.879 18637 18637 D BleService: Data: 6, 13, -125, 0, 112, 127, 1, -123,
01-17 13:15:07.908 18637 18654 D BleService: On Characteristic Write 0
01-17 13:15:07.909 18637 18654 D BleService: cevap: Data: 2, 14, 100, 0, 0, 0, 0, 8, 96, -104, -1, -1, 0, 0, 4, 0, 0, 0, 3, 118,
01-17 13:15:07.911 18637 18637 D BLUETOOTH: Notification Recieved
01-17 13:15:07.913 18637 18637 D BLUETOOTH: Process Command: MANUAL_SLIDE
01-17 13:15:07.922 18637 18637 D BleService: Command success type: WRITE_CHARACTERISTIC
01-17 13:15:07.922 18637 18637 D BleService: Data: 6, 13, -125, 0, 112, 127, 1, -123,
01-17 13:15:07.953 18637 18655 D BleService: On Characteristic Write 0
01-17 13:15:07.953 18637 18655 D BleService: cevap: Data: 2, 14, 100, 0, 0, 0, 0, 8, 88, 7, -1, -1, 0, 0, 4, 0, 0, 0, 2, -35,
01-17 13:15:07.956 18637 18637 D BLUETOOTH: Notification Recieved
01-17 13:15:07.958 18637 18637 D BLUETOOTH: Process Command: MANUAL_SLIDE
01-17 13:15:07.967 18637 18637 D BleService: Command success type: WRITE_CHARACTERISTIC
01-17 13:15:07.967 18637 18637 D BleService: Data: 6, 13, -125, 0, 112, 127, 1, -123,
01-17 13:15:07.998 18637 18654 D BleService: On Characteristic Write 0
01-17 13:15:07.998 18637 18654 D BleService: cevap: Data: 2, 14, 100, 0, 0, 0, 0, 8, 79, 67, -1, -1, 0, 0, 4, 0, 0, 0, 3, 16,
01-17 13:15:08.001 18637 18637 D BLUETOOTH: Notification Recieved
01-17 13:15:08.002 18637 18637 D BLUETOOTH: Process Command: MANUAL_SLIDE
01-17 13:15:08.011 18637 18637 D BleService: Command success type: WRITE_CHARACTERISTIC
01-17 13:15:08.011 18637 18637 D BleService: Data: 6, 13, -125, 0, 112, 127, 1, -123,
01-17 13:15:08.043 18637 18654 D BleService: On Characteristic Write 0
01-17 13:15:08.043 18637 18654 D BleService: cevap: Data: 2, 14, 100, 0, 0, 0, 0, 8, 70, -77, -1, -1, 0, 0, 4, 0, 0, 0, 3, 119,
01-17 13:15:08.046 18637 18637 D BLUETOOTH: Notification Recieved
01-17 13:15:08.049 18637 18637 D BLUETOOTH: Process Command: MANUAL_SLIDE
01-17 13:15:08.054 18637 18637 D BleService: Command success type: WRITE_CHARACTERISTIC
01-17 13:15:08.054 18637 18637 D BleService: Data: 6, 13, -125, 0, 112, 127, 1, -123,
01-17 13:15:08.088 18637 18655 D BleService: On Characteristic Write 0
01-17 13:15:08.091 18637 18655 D BleService: cevap: Data: 2, 14, 100, 0, 0, 0, 0, 8, 62, 34, -1, -1, 0, 0, 4, 0, 0, 0, 2, -34,
01-17 13:15:08.093 18637 18637 D BLUETOOTH: Notification Recieved
01-17 13:15:08.095 18637 18637 D BLUETOOTH: Process Command: MANUAL_SLIDE
01-17 13:15:08.100 18637 18637 D BleService: Command success type: WRITE_CHARACTERISTIC
01-17 13:15:08.100 18637 18637 D BleService: Data: 6, 13, -125, 0, 112, 127, 1, -123,
01-17 13:15:08.133 18637 18655 D BleService: On Characteristic Write 0
01-17 13:15:08.133 18637 18655 D BleService: cevap: Data: 2, 14, 100, 0, 0, 0, 0, 8, 53, -119, -1, -1, 0, 0, 4, 0, 0, 0, 3, 60,
01-17 13:15:08.135 18637 18637 D BLUETOOTH: Notification Recieved
01-17 13:15:08.137 18637 18637 D BLUETOOTH: Process Command: MANUAL_SLIDE
01-17 13:15:08.143 18637 18637 D BleService: Command success type: WRITE_CHARACTERISTIC
01-17 13:15:08.143 18637 18637 D BleService: Data: 6, 13, -125, 0, 112, 127, 1, -123,
01-17 13:15:08.163 18637 18654 D BleService: On Characteristic Write 0
01-17 13:15:08.163 18637 18654 D BleService: cevap: Data: 2, 14, 100, 0, 0, 0, 0, 8, 47, -45, -1, -1, 0, 0, 4, 0, 0, 0, 3, -128,
01-17 13:15:08.165 18637 18637 D BLUETOOTH: Notification Recieved
01-17 13:15:08.166 18637 18637 D BLUETOOTH: Process Command: MANUAL_SLIDE
01-17 13:15:08.177 18637 18637 D BleService: Command success type: WRITE_CHARACTERISTIC
01-17 13:15:08.177 18637 18637 D BleService: Data: 6, 13, -125, 0, 112, 127, 1, -123,
01-17 13:15:08.208 18637 18654 D BleService: On Characteristic Write 0
01-17 13:15:08.208 18637 18654 D BleService: cevap: Data: 2, 14, 100, 0, 0, 0, 0, 8, 39, 65, -1, -1, 0, 0, 4, 0, 0, 0, 2, -26,
01-17 13:15:08.211 18637 18637 D BLUETOOTH: Notification Recieved
01-17 13:15:08.213 18637 18637 D BLUETOOTH: Process Command: MANUAL_SLIDE
01-17 13:15:08.220 18637 18637 D BleService: Command success type: WRITE_CHARACTERISTIC
01-17 13:15:08.221 18637 18637 D BleService: Data: 6, 13, -125, 0, 112, 127, 1, -123,
01-17 13:15:08.253 18637 18655 D BleService: On Characteristic Write 0
01-17 13:15:08.253 18637 18655 D BleService: cevap: Data: 2, 14, 100, 0, 0, 0, 0, 8, 30, -76, -1, -1, 0, 0, 4, 0, 0, 0, 3, 80,
01-17 13:15:08.255 18637 18637 D BLUETOOTH: Notification Recieved
01-17 13:15:08.257 18637 18637 D BLUETOOTH: Process Command: MANUAL_SLIDE
01-17 13:15:08.266 18637 18637 D BleService: Command success type: WRITE_CHARACTERISTIC
01-17 13:15:08.267 18637 18637 D BleService: Data: 6, 13, -125, 0, 112, 127, 1, -123,
01-17 13:15:08.298 18637 18654 D BleService: On Characteristic Write 0
01-17 13:15:08.313 18637 18654 D BleService: cevap: Data: 2, 14, 100, 0, 0, 0, 0, 8, 22, 27, -1, -1, 0, 0, 4, 0, 0, 0, 2, -81,
01-17 13:15:08.315 18637 18637 D BLUETOOTH: Notification Recieved
01-17 13:15:08.316 18637 18637 D BLUETOOTH: Process Command: MANUAL_SLIDE
01-17 13:15:08.323 18637 18637 D BleService: Command success type: WRITE_CHARACTERISTIC
01-17 13:15:08.323 18637 18637 D BleService: Data: 6, 13, -125, 0, 112, 127, 1, -123,
01-17 13:15:08.342 18637 18655 D BleService: On Characteristic Write 0
01-17 13:15:08.343 18637 18655 D BleService: cevap: Data: 2, 14, 100, 0, 0, 0, 0, 8, 13, 124, -1, -1, 0, 0, 4, 0, 0, 0, 3, 7,
01-17 13:15:08.345 18637 18637 D BLUETOOTH: Notification Recieved
01-17 13:15:08.347 18637 18637 D BLUETOOTH: Process Command: MANUAL_SLIDE
01-17 13:15:08.354 18637 18637 D BleService: Command success type: WRITE_CHARACTERISTIC
01-17 13:15:08.354 18637 18637 D BleService: Data: 6, 13, -125, 0, 112, 127, 1, -123,
01-17 13:15:08.373 18637 18654 D BleService: On Characteristic Write 0
01-17 13:15:08.373 18637 18654 D BleService: cevap: Data: 2, 14, 100, 0, 0, 0, 0, 8, 7, -56, -1, -1, 0, 0, 4, 0, 0, 0, 3, 77,
01-17 13:15:08.375 18637 18637 D BLUETOOTH: Notification Recieved
01-17 13:15:08.377 18637 18637 D BLUETOOTH: Process Command: MANUAL_SLIDE
01-17 13:15:08.387 18637 18637 D BleService: Command success type: WRITE_CHARACTERISTIC
01-17 13:15:08.387 18637 18637 D BleService: Data: 6, 13, -125, 0, 112, 127, 1, -123,
01-17 13:15:08.417 18637 18655 D BleService: On Characteristic Write 0
01-17 13:15:08.418 18637 18655 D BleService: cevap: Data: 2, 14, 100, 0, 0, 0, 0, 8, -1, 51, -1, -1, 0, 0, 4, 0, 0, 0, 3, -80,
01-17 13:15:08.418 18637 18637 D BLUETOOTH: Notification Recieved
01-17 13:15:08.419 18637 18637 D BLUETOOTH: Process Command: MANUAL_SLIDE
01-17 13:15:08.431 18637 18637 D BleService: Command success type: WRITE_CHARACTERISTIC
01-17 13:15:08.431 18637 18637 D BleService: Data: 6, 13, -125, 0, 112, 127, 1, -123,
01-17 13:15:08.463 18637 18655 D BleService: On Characteristic Write 0
01-17 13:15:08.463 18637 18655 D BleService: cevap: Data: 2, 14, 100, 0, 0, 0, 0, 8, -10, -104, -1, -1, 0, 0, 4, 0, 0, 0, 4, 12,
01-17 13:15:08.464 18637 18637 D BLUETOOTH: Notification Recieved
01-17 13:15:08.466 18637 18637 D BLUETOOTH: Process Command: MANUAL_SLIDE
01-17 13:15:08.478 18637 18637 D BleService: Command success type: WRITE_CHARACTERISTIC
01-17 13:15:08.478 18637 18637 D BleService: Data: 6, 13, -125, 0, 112, 127, 1, -123,
01-17 13:15:08.508 18637 18655 D BleService: On Characteristic Write 0
01-17 13:15:08.508 18637 18655 D BleService: cevap: Data: 2, 14, 100, 0, 0, 0, 0, 8, -18, 4, -1, -1, 0, 0, 4, 0, 0, 0, 3, 112,
01-17 13:15:08.511 18637 18637 D BLUETOOTH: Notification Recieved
01-17 13:15:08.512 18637 18637 D BLUETOOTH: Process Command: MANUAL_SLIDE
01-17 13:15:08.522 18637 18637 D BleService: Command success type: WRITE_CHARACTERISTIC
01-17 13:15:08.522 18637 18637 D BleService: Data: 6, 13, -125, 0, 112, 127, 1, -123,
01-17 13:15:08.553 18637 18654 D BleService: On Characteristic Write 0
01-17 13:15:08.554 18637 18654 D BleService: cevap: Data: 2, 14, 100, 0, 0, 0, 0, 8, -27, 112, -1, -1, 0, 0, 4, 0, 0, 0, 3, -45,
01-17 13:15:08.556 18637 18637 D BLUETOOTH: Notification Recieved
01-17 13:15:08.557 18637 18637 D BLUETOOTH: Process Command: MANUAL_SLIDE
01-17 13:15:08.564 18637 18637 D BleService: Command success type: WRITE_CHARACTERISTIC
01-17 13:15:08.564 18637 18637 D BleService: Data: 6, 13, -125, 0, 112, 127, 1, -123,
01-17 13:15:08.598 18637 18654 D BleService: On Characteristic Write 0
01-17 13:15:08.598 18637 18654 D BleService: cevap: Data: 2, 14, 100, 0, 0, 0, 0, 8, -36, -38, -1, -1, 0, 0, 4, 0, 0, 0, 4, 52,
01-17 13:15:08.600 18637 18637 D BLUETOOTH: Notification Recieved
01-17 13:15:08.602 18637 18637 D BLUETOOTH: Process Command: MANUAL_SLIDE
01-17 13:15:08.610 18637 18637 D BleService: Command success type: WRITE_CHARACTERISTIC
01-17 13:15:08.610 18637 18637 D BleService: Data: 6, 13, -125, 0, 112, 127, 1, -123,
01-17 13:15:08.643 18637 18655 D BleService: On Characteristic Write 0
01-17 13:15:08.643 18637 18655 D BleService: cevap: Data: 2, 14, 100, 0, 0, 0, 0, 8, -44, 60, -1, -1, 0, 0, 4, 0, 0, 0, 3, -114,
01-17 13:15:08.645 18637 18637 D BLUETOOTH: Notification Recieved
01-17 13:15:08.647 18637 18637 D BLUETOOTH: Process Command: MANUAL_SLIDE
01-17 13:15:08.655 18637 18637 D BleService: Command success type: WRITE_CHARACTERISTIC
01-17 13:15:08.655 18637 18637 D BleService: Data: 6, 13, -125, 0, 112, 127, 1, -123,
01-17 13:15:08.687 18637 18654 D BleService: On Characteristic Write 0
01-17 13:15:08.689 18637 18654 D BleService: cevap: Data: 2, 14, 100, 0, 0, 0, 0, 8, -53, -93, -1, -1, 0, 0, 4, 0, 0, 0, 3, -20,
01-17 13:15:08.692 18637 18637 D BLUETOOTH: Notification Recieved
01-17 13:15:08.693 18637 18637 D BLUETOOTH: Process Command: MANUAL_SLIDE
01-17 13:15:08.698 18637 18637 D BleService: Command success type: WRITE_CHARACTERISTIC
01-17 13:15:08.698 18637 18637 D BleService: Data: 6, 13, -125, 0, 112, 127, 1, -123,
01-17 13:15:08.717 18637 18655 D BleService: On Characteristic Write 0
01-17 13:15:08.719 18637 18655 D BleService: cevap: Data: 2, 14, 100, 0, 0, 0, 0, 8, -59, -25, -1, -1, 0, 0, 4, 0, 0, 0, 4, 42,
01-17 13:15:08.722 18637 18637 D BLUETOOTH: Notification Recieved
01-17 13:15:08.723 18637 18637 D BLUETOOTH: Process Command: MANUAL_SLIDE
01-17 13:15:08.732 18637 18637 D BleService: Command success type: WRITE_CHARACTERISTIC
01-17 13:15:08.732 18637 18637 D BleService: Data: 6, 13, -125, 0, 112, 127, 1, -123,
01-17 13:15:08.763 18637 18654 D BleService: On Characteristic Write 0
01-17 13:15:08.763 18637 18654 D BleService: cevap: Data: 2, 14, 100, 0, 0, 0, 0, 8, -67, 84, -1, -1, 0, 0, 4, 0, 0, 0, 3, -113,
01-17 13:15:08.765 18637 18637 D BLUETOOTH: Notification Recieved
01-17 13:15:08.767 18637 18637 D BLUETOOTH: Process Command: MANUAL_SLIDE
01-17 13:15:08.777 18637 18637 D BleService: Command success type: WRITE_CHARACTERISTIC
01-17 13:15:08.777 18637 18637 D BleService: Data: 6, 13, -125, 0, 112, 127, 1, -123,
01-17 13:15:08.807 18637 18654 D BleService: On Characteristic Write 0
01-17 13:15:08.808 18637 18654 D BleService: cevap: Data: 2, 14, 100, 0, 0, 0, 0, 8, -76, -70, -1, -1, 0, 0, 4, 0, 0, 0, 3, -20,
01-17 13:15:08.811 18637 18637 D BLUETOOTH: Notification Recieved
01-17 13:15:08.812 18637 18637 D BLUETOOTH: Process Command: MANUAL_SLIDE
01-17 13:15:08.820 18637 18637 D BleService: Command success type: WRITE_CHARACTERISTIC
01-17 13:15:08.820 18637 18637 D BleService: Data: 6, 13, -125, 0, 112, 127, 1, -123,
01-17 13:15:08.853 18637 18655 D BleService: On Characteristic Write 0
01-17 13:15:08.853 18637 18655 D BleService: cevap: Data: 2, 14, 100, 0, 0, 0, 0, 8, -84, 30, -1, -1, 0, 0, 4, 0, 0, 0, 3, 72,
01-17 13:15:08.856 18637 18637 D BLUETOOTH: Notification Recieved
01-17 13:15:08.857 18637 18637 D BLUETOOTH: Process Command: MANUAL_SLIDE
01-17 13:15:08.864 18637 18637 D BleService: Command success type: WRITE_CHARACTERISTIC
01-17 13:15:08.864 18637 18637 D BleService: Data: 6, 13, -125, 0, 112, 127, 1, -123,
01-17 13:15:08.897 18637 18655 D BleService: On Characteristic Write 0
01-17 13:15:08.898 18637 18655 D BleService: cevap: Data: 2, 14, 100, 0, 0, 0, 0, 8, -93, 87, -1, -1, 0, 0, 4, 0, 0, 0, 3, 120,
01-17 13:15:08.899 18637 18637 D BLUETOOTH: Notification Recieved
01-17 13:15:08.903 18637 18637 D BLUETOOTH: Process Command: MANUAL_SLIDE
01-17 13:15:08.910 18637 18637 D BleService: Command success type: WRITE_CHARACTERISTIC
01-17 13:15:08.910 18637 18637 D BleService: Data: 6, 13, 0, 0, 112, 127, 1, 2,
01-17 13:15:08.943 18637 18654 D BleService: On Characteristic Write 0
01-17 13:15:08.943 18637 18654 D BleService: cevap: Data: 2, 0, 100, 0, 0, 0, 0, 8, -102, -11, -1, -1, 0, 0, 4, 0, 0, 0, 3, -1,
01-17 13:15:08.947 18637 18637 D BLUETOOTH: Notification Recieved
01-17 13:15:08.949 18637 18637 D BLUETOOTH: Process Command: STATUS
01-17 13:15:08.954 18637 18637 D BleService: Command success type: WRITE_CHARACTERISTIC
01-17 13:15:08.954 18637 18637 D BleService: Data: 2, 15, 0, 17,
01-17 13:15:08.973 18637 18655 D BleService: On Characteristic Write 0
01-17 13:15:08.974 18637 18654 D BleService: cevap: Data: 2, 0, 100, 0, 0, 0, 0, 8, -102, -116, -1, -1, 0, 0, 4, 0, 0, 0, 3, -106,
01-17 13:15:08.976 18637 18637 D BLUETOOTH: Notification Recieved
01-17 13:15:08.979 18637 18637 D BLUETOOTH: Process Command: STATUS
01-17 13:15:08.987 18637 18637 D BleService: Command success type: WRITE_CHARACTERISTIC
01-17 13:15:08.987 18637 18637 D BleService: Data: 2, 15, 0, 17,
01-17 13:15:09.019 18637 18655 D BleService: On Characteristic Write 0
01-17 13:15:09.019 18637 18655 D BleService: cevap: Data: 2, 0, 100, 0, 0, 0, 0, 8, -102, -116, -1, -1, 0, 0, 4, 0, 0, 0, 3, -106,
01-17 13:15:09.022 18637 18637 D BLUETOOTH: Notification Recieved
01-17 13:15:09.024 18637 18637 D BLUETOOTH: Process Command: STATUS
01-17 13:15:09.033 18637 18637 D BleService: Command success type: WRITE_CHARACTERISTIC
01-17 13:15:09.033 18637 18637 D BleService: Data: 2, 15, 0, 17,
01-17 13:15:09.063 18637 18654 D BleService: On Characteristic Write 0
01-17 13:15:09.064 18637 18654 D BleService: cevap: Data: 2, 0, 100, 0, 0, 0, 0, 8, -102, -116, -1, -1, 0, 0, 4, 0, 0, 0, 3, -106,
01-17 13:15:09.066 18637 18637 D BLUETOOTH: Notification Recieved
01-17 13:15:09.068 18637 18637 D BLUETOOTH: Process Command: STATUS
01-17 13:15:09.078 18637 18637 D BleService: Command success type: WRITE_CHARACTERISTIC
01-17 13:15:09.078 18637 18637 D BleService: Data: 2, 15, 0, 17,
01-17 13:15:09.109 18637 18655 D BleService: On Characteristic Write 0
01-17 13:15:09.109 18637 18655 D BleService: cevap: Data: 2, 0, 100, 0, 0, 0, 0, 8, -102, -116, -1, -1, 0, 0, 4, 0, 0, 0, 3, -106,
01-17 13:15:09.113 18637 18637 D BLUETOOTH: Notification Recieved
01-17 13:15:09.114 18637 18637 D BLUETOOTH: Process Command: STATUS
01-17 13:15:09.122 18637 18637 D BleService: Command success type: WRITE_CHARACTERISTIC
01-17 13:15:09.122 18637 18637 D BleService: Data: 2, 15, 0, 17,
01-17 13:15:09.153 18637 18655 D BleService: On Characteristic Write 0
01-17 13:15:09.168 18637 18655 D BleService: cevap: Data: 2, 0, 100, 0, 0, 0, 0, 8, -102, -116, -1, -1, 0, 0, 4, 0, 0, 0, 3, -106,
01-17 13:15:09.172 18637 18637 D BLUETOOTH: Notification Recieved
01-17 13:15:09.173 18637 18637 D BLUETOOTH: Process Command: STATUS
01-17 13:15:09.188 18637 18637 D BleService: Command success type: WRITE_CHARACTERISTIC
01-17 13:15:09.188 18637 18637 D BleService: Data: 2, 15, 0, 17,
01-17 13:15:09.214 18637 18655 D BleService: On Characteristic Write 0
01-17 13:15:09.217 18637 18654 D BleService: cevap: Data: 2, 0, 100, 0, 0, 0, 0, 8, -102, -116, -1, -1, 0, 0, 4, 0, 0, 0, 3, -106,
01-17 13:15:09.218 18637 18637 D BLUETOOTH: Notification Recieved
01-17 13:15:09.219 18637 18637 D BLUETOOTH: Process Command: STATUS
01-17 13:15:09.229 18637 18637 D BleService: Command success type: WRITE_CHARACTERISTIC
01-17 13:15:09.229 18637 18637 D BleService: Data: 2, 15, 0, 17,
01-17 13:15:09.258 18637 18654 D BleService: On Characteristic Write 0
01-17 13:15:09.258 18637 18654 D BleService: cevap: Data: 2, 0, 100, 0, 0, 0, 0, 8, -102, -116, -1, -1, 0, 0, 4, 0, 0, 0, 3, -106,
01-17 13:15:09.260 18637 18637 D BLUETOOTH: Notification Recieved
01-17 13:15:09.263 18637 18637 D BLUETOOTH: Process Command: STATUS
01-17 13:15:09.270 18637 18637 D BleService: Command success type: WRITE_CHARACTERISTIC
01-17 13:15:09.270 18637 18637 D BleService: Data: 2, 15, 0, 17,
01-17 13:15:09.303 18637 18654 D BleService: On Characteristic Write 0
01-17 13:15:09.303 18637 18654 D BleService: cevap: Data: 2, 0, 100, 0, 0, 0, 0, 8, -102, -116, -1, -1, 0, 0, 4, 0, 0, 0, 3, -106,
01-17 13:15:09.305 18637 18637 D BLUETOOTH: Notification Recieved
01-17 13:15:09.307 18637 18637 D BLUETOOTH: Process Command: STATUS
01-17 13:15:09.321 18637 18637 D BleService: Command success type: WRITE_CHARACTERISTIC
01-17 13:15:09.321 18637 18637 D BleService: Data: 2, 15, 0, 17,
01-17 13:15:09.349 18637 18654 D BleService: On Characteristic Write 0
01-17 13:15:09.349 18637 18654 D BleService: cevap: Data: 2, 0, 100, 0, 0, 0, 0, 8, -102, -116, -1, -1, 0, 0, 4, 0, 0, 0, 3, -106,
01-17 13:15:09.350 18637 18637 D BLUETOOTH: Notification Recieved
01-17 13:15:09.354 18637 18637 D BLUETOOTH: Process Command: STATUS
01-17 13:15:09.370 18637 18637 D BleService: Command success type: WRITE_CHARACTERISTIC
01-17 13:15:09.370 18637 18637 D BleService: Data: 2, 15, 0, 17,
01-17 13:15:09.393 18637 18654 D BleService: On Characteristic Write 0
01-17 13:15:09.393 18637 18654 D BleService: cevap: Data: 2, 0, 100, 0, 0, 0, 0, 8, -102, -116, -1, -1, 0, 0, 4, 0, 0, 0, 3, -106,
01-17 13:15:09.395 18637 18637 D BLUETOOTH: Notification Recieved
01-17 13:15:09.397 18637 18637 D BLUETOOTH: Process Command: STATUS
01-17 13:15:09.403 18637 18637 D BleService: Command success type: WRITE_CHARACTERISTIC
01-17 13:15:09.403 18637 18637 D BleService: Data: 2, 15, 0, 17,
01-17 13:15:09.423 18637 18655 D BleService: On Characteristic Write 0
01-17 13:15:09.423 18637 18655 D BleService: cevap: Data: 2, 0, 100, 0, 0, 0, 0, 8, -102, -116, -1, -1, 0, 0, 4, 0, 0, 0, 3, -106,
01-17 13:15:09.426 18637 18637 D BLUETOOTH: Notification Recieved
01-17 13:15:09.427 18637 18637 D BLUETOOTH: Process Command: STATUS
01-17 13:15:09.438 18637 18637 D BleService: Command success type: WRITE_CHARACTERISTIC
01-17 13:15:09.438 18637 18637 D BleService: Data: 2, 15, 0, 17,
01-17 13:15:09.468 18637 18654 D BleService: On Characteristic Write 0
01-17 13:15:09.468 18637 18654 D BleService: cevap: Data: 2, 0, 100, 0, 0, 0, 0, 8, -102, -116, -1, -1, 0, 0, 4, 0, 0, 0, 3, -106,
01-17 13:15:09.471 18637 18637 D BLUETOOTH: Notification Recieved
01-17 13:15:09.473 18637 18637 D BLUETOOTH: Process Command: STATUS
01-17 13:15:09.489 18637 18637 D BleService: Command success type: WRITE_CHARACTERISTIC
01-17 13:15:09.489 18637 18637 D BleService: Data: 2, 15, 0, 17,
01-17 13:15:09.513 18637 18655 D BleService: On Characteristic Write 0
01-17 13:15:09.513 18637 18655 D BleService: cevap: Data: 2, 0, 100, 0, 0, 0, 0, 8, -102, -116, -1, -1, 0, 0, 4, 0, 0, 0, 3, -106,
01-17 13:15:09.516 18637 18637 D BLUETOOTH: Notification Recieved
01-17 13:15:09.517 18637 18637 D BLUETOOTH: Process Command: STATUS
01-17 13:15:09.522 18637 18637 D BleService: Command success type: WRITE_CHARACTERISTIC
01-17 13:15:09.522 18637 18637 D BleService: Data: 2, 15, 0, 17,
01-17 13:15:09.543 18637 18654 D BleService: On Characteristic Write 0
01-17 13:15:09.544 18637 18654 D BleService: cevap: Data: 2, 0, 100, 0, 0, 0, 0, 8, -102, -116, -1, -1, 0, 0, 4, 0, 0, 0, 3, -106,
01-17 13:15:09.546 18637 18637 D BLUETOOTH: Notification Recieved
01-17 13:15:09.547 18637 18637 D BLUETOOTH: Process Command: STATUS
01-17 13:15:09.555 18637 18637 D BleService: Command success type: WRITE_CHARACTERISTIC
01-17 13:15:09.556 18637 18637 D BleService: Data: 2, 15, 0, 17,
01-17 13:15:09.588 18637 18654 D BleService: On Characteristic Write 0
01-17 13:15:09.588 18637 18654 D BleService: cevap: Data: 2, 0, 100, 0, 0, 0, 0, 8, -102, -116, -1, -1, 0, 0, 4, 0, 0, 0, 3, -106,
01-17 13:15:09.593 18637 18637 D BLUETOOTH: Notification Recieved
01-17 13:15:09.595 18637 18637 D BLUETOOTH: Process Command: STATUS
01-17 13:15:09.603 18637 18637 D BleService: Command success type: WRITE_CHARACTERISTIC
01-17 13:15:09.603 18637 18637 D BleService: Data: 2, 15, 0, 17,
01-17 13:15:09.633 18637 18654 D BleService: On Characteristic Write 0
01-17 13:15:09.633 18637 18654 D BleService: cevap: Data: 2, 0, 100, 0, 0, 0, 0, 8, -102, -116, -1, -1, 0, 0, 4, 0, 0, 0, 3, -106,
01-17 13:15:09.636 18637 18637 D BLUETOOTH: Notification Recieved
01-17 13:15:09.637 18637 18637 D BLUETOOTH: Process Command: STATUS
01-17 13:15:09.654 18637 18637 D BleService: Command success type: WRITE_CHARACTERISTIC
01-17 13:15:09.654 18637 18637 D BleService: Data: 2, 15, 0, 17,
01-17 13:15:09.678 18637 18655 D BleService: On Characteristic Write 0
01-17 13:15:09.678 18637 18655 D BleService: cevap: Data: 2, 0, 100, 0, 0, 0, 0, 8, -102, -116, -1, -1, 0, 0, 4, 0, 0, 0, 3, -106,
01-17 13:15:09.682 18637 18637 D BLUETOOTH: Notification Recieved
01-17 13:15:09.683 18637 18637 D BLUETOOTH: Process Command: STATUS
01-17 13:15:09.686 18637 18637 D BleService: Command success type: WRITE_CHARACTERISTIC
01-17 13:15:09.686 18637 18637 D BleService: Data: 2, 15, 0, 17,
01-17 13:15:09.708 18637 18655 D BleService: On Characteristic Write 0
01-17 13:15:09.708 18637 18655 D BleService: cevap: Data: 2, 0, 100, 0, 0, 0, 0, 8, -102, -116, -1, -1, 0, 0, 4, 0, 0, 0, 3, -106,
01-17 13:15:09.711 18637 18637 D BLUETOOTH: Notification Recieved
01-17 13:15:09.713 18637 18637 D BLUETOOTH: Process Command: STATUS
01-17 13:15:09.721 18637 18637 D BleService: Command success type: WRITE_CHARACTERISTIC
01-17 13:15:09.721 18637 18637 D BleService: Data: 2, 15, 0, 17,
01-17 13:15:09.753 18637 18655 D BleService: On Characteristic Write 0
01-17 13:15:09.753 18637 18655 D BleService: cevap: Data: 2, 0, 100, 0, 0, 0, 0, 8, -102, -116, -1, -1, 0, 0, 4, 0, 0, 0, 3, -106,
01-17 13:15:09.756 18637 18637 D BLUETOOTH: Notification Recieved
01-17 13:15:09.758 18637 18637 D BLUETOOTH: Process Command: STATUS
01-17 13:15:09.772 18637 18637 D BleService: Command success type: WRITE_CHARACTERISTIC
01-17 13:15:09.772 18637 18637 D BleService: Data: 2, 15, 0, 17,
01-17 13:15:09.798 18637 18654 D BleService: On Characteristic Write 0
01-17 13:15:09.798 18637 18654 D BleService: cevap: Data: 2, 0, 100, 0, 0, 0, 0, 8, -102, -116, -1, -1, 0, 0, 4, 0, 0, 0, 3, -106,
01-17 13:15:09.800 18637 18637 D BLUETOOTH: Notification Recieved
01-17 13:15:09.802 18637 18637 D BLUETOOTH: Process Command: STATUS
01-17 13:15:09.822 18637 18637 D BleService: Command success type: WRITE_CHARACTERISTIC
01-17 13:15:09.822 18637 18637 D BleService: Data: 2, 15, 0, 17,
01-17 13:15:09.858 18637 18654 D BleService: On Characteristic Write 0
01-17 13:15:09.858 18637 18654 D BleService: cevap: Data: 2, 0, 100, 0, 0, 0, 0, 8, -102, -116, -1, -1, 0, 0, 4, 0, 0, 0, 3, -106,
01-17 13:15:09.860 18637 18637 D BLUETOOTH: Notification Recieved
01-17 13:15:09.861 18637 18637 D BLUETOOTH: Process Command: STATUS
01-17 13:15:09.871 18637 18637 D BleService: Command success type: WRITE_CHARACTERISTIC
01-17 13:15:09.871 18637 18637 D BleService: Data: 2, 15, 0, 17,
01-17 13:15:09.903 18637 18654 D BleService: On Characteristic Write 0
01-17 13:15:09.904 18637 18654 D BleService: cevap: Data: 2, 0, 100, 0, 0, 0, 0, 8, -102, -116, -1, -1, 0, 0, 4, 0, 0, 0, 3, -106,
01-17 13:15:09.906 18637 18637 D BLUETOOTH: Notification Recieved
01-17 13:15:09.907 18637 18637 D BLUETOOTH: Process Command: STATUS
01-17 13:15:09.919 18637 18637 D BleService: Command success type: WRITE_CHARACTERISTIC
01-17 13:15:09.919 18637 18637 D BleService: Data: 2, 15, 0, 17,
01-17 13:15:09.948 18637 18655 D BleService: On Characteristic Write 0
01-17 13:15:09.948 18637 18655 D BleService: cevap: Data: 2, 0, 100, 0, 0, 0, 0, 8, -102, -116, -1, -1, 0, 0, 4, 0, 0, 0, 3, -106,
01-17 13:15:09.951 18637 18637 D BLUETOOTH: Notification Recieved
01-17 13:15:09.952 18637 18637 D BLUETOOTH: Process Command: STATUS
01-17 13:15:09.971 18637 18637 D BleService: Command success type: WRITE_CHARACTERISTIC
01-17 13:15:09.971 18637 18637 D BleService: Data: 2, 15, 0, 17,
01-17 13:15:09.993 18637 18655 D BleService: On Characteristic Write 0
01-17 13:15:09.993 18637 18655 D BleService: cevap: Data: 2, 0, 100, 0, 0, 0, 0, 8, -102, -116, -1, -1, 0, 0, 4, 0, 0, 0, 3, -106,
01-17 13:15:09.997 18637 18637 D BLUETOOTH: Notification Recieved
01-17 13:15:09.998 18637 18637 D BLUETOOTH: Process Command: STATUS
01-17 13:15:10.003 18637 18637 D BleService: Command success type: WRITE_CHARACTERISTIC
01-17 13:15:10.003 18637 18637 D BleService: Data: 2, 15, 0, 17,
01-17 13:15:10.023 18637 18654 D BleService: On Characteristic Write 0
01-17 13:15:10.024 18637 18654 D BleService: cevap: Data: 2, 0, 100, 0, 0, 0, 0, 8, -102, -116, -1, -1, 0, 0, 4, 0, 0, 0, 3, -106,
01-17 13:15:10.026 18637 18637 D BLUETOOTH: Notification Recieved
01-17 13:15:10.027 18637 18637 D BLUETOOTH: Process Command: STATUS
01-17 13:15:10.038 18637 18637 D BleService: Command success type: WRITE_CHARACTERISTIC
01-17 13:15:10.038 18637 18637 D BleService: Data: 2, 15, 0, 17,
01-17 13:15:10.068 18637 18655 D BleService: On Characteristic Write 0
01-17 13:15:10.069 18637 18655 D BleService: cevap: Data: 2, 0, 100, 0, 0, 0, 0, 8, -102, -116, -1, -1, 0, 0, 4, 0, 0, 0, 3, -106,
01-17 13:15:10.072 18637 18637 D BLUETOOTH: Notification Recieved
01-17 13:15:10.074 18637 18637 D BLUETOOTH: Process Command: STATUS
01-17 13:15:10.088 18637 18637 D BleService: Command success type: WRITE_CHARACTERISTIC
01-17 13:15:10.088 18637 18637 D BleService: Data: 2, 15, 0, 17,
01-17 13:15:10.113 18637 18654 D BleService: On Characteristic Write 0
01-17 13:15:10.113 18637 18654 D BleService: cevap: Data: 2, 0, 100, 0, 0, 0, 0, 8, -102, -116, -1, -1, 0, 0, 4, 0, 0, 0, 3, -106,
01-17 13:15:10.115 18637 18637 D BLUETOOTH: Notification Recieved
01-17 13:15:10.117 18637 18637 D BLUETOOTH: Process Command: STATUS
01-17 13:15:10.121 18637 18637 D BleService: Command success type: WRITE_CHARACTERISTIC
01-17 13:15:10.121 18637 18637 D BleService: Data: 2, 15, 0, 17,
01-17 13:15:10.143 18637 18655 D BleService: On Characteristic Write 0
01-17 13:15:10.144 18637 18655 D BleService: cevap: Data: 2, 0, 100, 0, 0, 0, 0, 8, -102, -116, -1, -1, 0, 0, 4, 0, 0, 0, 3, -106,
01-17 13:15:10.146 18637 18637 D BLUETOOTH: Notification Recieved
01-17 13:15:10.148 18637 18637 D BLUETOOTH: Process Command: STATUS
01-17 13:15:10.153 18637 18637 D BleService: Command success type: WRITE_CHARACTERISTIC
